Archive member included to satisfy reference by file (symbol)

c:/st/stm32cubeide_1.5.1/stm32cubeide/plugins/com.st.stm32cube.ide.mcu.externaltools.gnu-tools-for-stm32.7-2018-q2-update.win32_1.5.0.202011040924/tools/bin/../lib/gcc/arm-none-eabi/7.3.1/../../../../arm-none-eabi/lib/thumb/v7e-m/fpv4-sp/hard\libc_nano.a(lib_a-errno.o)
                              Core/Src/syscalls.o (__errno)
c:/st/stm32cubeide_1.5.1/stm32cubeide/plugins/com.st.stm32cube.ide.mcu.externaltools.gnu-tools-for-stm32.7-2018-q2-update.win32_1.5.0.202011040924/tools/bin/../lib/gcc/arm-none-eabi/7.3.1/../../../../arm-none-eabi/lib/thumb/v7e-m/fpv4-sp/hard\libc_nano.a(lib_a-exit.o)
                              c:/st/stm32cubeide_1.5.1/stm32cubeide/plugins/com.st.stm32cube.ide.mcu.externaltools.gnu-tools-for-stm32.7-2018-q2-update.win32_1.5.0.202011040924/tools/bin/../lib/gcc/arm-none-eabi/7.3.1/../../../../arm-none-eabi/lib/thumb/v7e-m/fpv4-sp/hard/crt0.o (exit)
c:/st/stm32cubeide_1.5.1/stm32cubeide/plugins/com.st.stm32cube.ide.mcu.externaltools.gnu-tools-for-stm32.7-2018-q2-update.win32_1.5.0.202011040924/tools/bin/../lib/gcc/arm-none-eabi/7.3.1/../../../../arm-none-eabi/lib/thumb/v7e-m/fpv4-sp/hard\libc_nano.a(lib_a-impure.o)
                              c:/st/stm32cubeide_1.5.1/stm32cubeide/plugins/com.st.stm32cube.ide.mcu.externaltools.gnu-tools-for-stm32.7-2018-q2-update.win32_1.5.0.202011040924/tools/bin/../lib/gcc/arm-none-eabi/7.3.1/../../../../arm-none-eabi/lib/thumb/v7e-m/fpv4-sp/hard\libc_nano.a(lib_a-exit.o) (_global_impure_ptr)
c:/st/stm32cubeide_1.5.1/stm32cubeide/plugins/com.st.stm32cube.ide.mcu.externaltools.gnu-tools-for-stm32.7-2018-q2-update.win32_1.5.0.202011040924/tools/bin/../lib/gcc/arm-none-eabi/7.3.1/../../../../arm-none-eabi/lib/thumb/v7e-m/fpv4-sp/hard\libc_nano.a(lib_a-init.o)
                              c:/st/stm32cubeide_1.5.1/stm32cubeide/plugins/com.st.stm32cube.ide.mcu.externaltools.gnu-tools-for-stm32.7-2018-q2-update.win32_1.5.0.202011040924/tools/bin/../lib/gcc/arm-none-eabi/7.3.1/../../../../arm-none-eabi/lib/thumb/v7e-m/fpv4-sp/hard/crt0.o (__libc_init_array)
c:/st/stm32cubeide_1.5.1/stm32cubeide/plugins/com.st.stm32cube.ide.mcu.externaltools.gnu-tools-for-stm32.7-2018-q2-update.win32_1.5.0.202011040924/tools/bin/../lib/gcc/arm-none-eabi/7.3.1/../../../../arm-none-eabi/lib/thumb/v7e-m/fpv4-sp/hard\libc_nano.a(lib_a-memset.o)
                              c:/st/stm32cubeide_1.5.1/stm32cubeide/plugins/com.st.stm32cube.ide.mcu.externaltools.gnu-tools-for-stm32.7-2018-q2-update.win32_1.5.0.202011040924/tools/bin/../lib/gcc/arm-none-eabi/7.3.1/../../../../arm-none-eabi/lib/thumb/v7e-m/fpv4-sp/hard/crt0.o (memset)
c:/st/stm32cubeide_1.5.1/stm32cubeide/plugins/com.st.stm32cube.ide.mcu.externaltools.gnu-tools-for-stm32.7-2018-q2-update.win32_1.5.0.202011040924/tools/bin/../lib/gcc/arm-none-eabi/7.3.1/thumb/v7e-m/fpv4-sp/hard\libgcc.a(_aeabi_uldivmod.o)
                              Drivers/STM32L4xx_HAL_Driver/Src/stm32l4xx_ll_lpuart.o (__aeabi_uldivmod)
c:/st/stm32cubeide_1.5.1/stm32cubeide/plugins/com.st.stm32cube.ide.mcu.externaltools.gnu-tools-for-stm32.7-2018-q2-update.win32_1.5.0.202011040924/tools/bin/../lib/gcc/arm-none-eabi/7.3.1/thumb/v7e-m/fpv4-sp/hard\libgcc.a(_udivmoddi4.o)
                              c:/st/stm32cubeide_1.5.1/stm32cubeide/plugins/com.st.stm32cube.ide.mcu.externaltools.gnu-tools-for-stm32.7-2018-q2-update.win32_1.5.0.202011040924/tools/bin/../lib/gcc/arm-none-eabi/7.3.1/thumb/v7e-m/fpv4-sp/hard\libgcc.a(_aeabi_uldivmod.o) (__udivmoddi4)
c:/st/stm32cubeide_1.5.1/stm32cubeide/plugins/com.st.stm32cube.ide.mcu.externaltools.gnu-tools-for-stm32.7-2018-q2-update.win32_1.5.0.202011040924/tools/bin/../lib/gcc/arm-none-eabi/7.3.1/thumb/v7e-m/fpv4-sp/hard\libgcc.a(_dvmd_tls.o)
                              c:/st/stm32cubeide_1.5.1/stm32cubeide/plugins/com.st.stm32cube.ide.mcu.externaltools.gnu-tools-for-stm32.7-2018-q2-update.win32_1.5.0.202011040924/tools/bin/../lib/gcc/arm-none-eabi/7.3.1/thumb/v7e-m/fpv4-sp/hard\libgcc.a(_aeabi_uldivmod.o) (__aeabi_ldiv0)

Allocating common symbols
Common symbol       size              file

hi2c2               0x4c              Core/Src/main.o
hdma_dcmi           0x60              Core/Src/main.o
uwTick              0x4               Drivers/STM32L4xx_HAL_Driver/Src/stm32l4xx_hal.o
hdcmi               0x64              Core/Src/main.o

Discarded input sections

 .text          0x0000000000000000        0x0 c:/st/stm32cubeide_1.5.1/stm32cubeide/plugins/com.st.stm32cube.ide.mcu.externaltools.gnu-tools-for-stm32.7-2018-q2-update.win32_1.5.0.202011040924/tools/bin/../lib/gcc/arm-none-eabi/7.3.1/thumb/v7e-m/fpv4-sp/hard/crti.o
 .data          0x0000000000000000        0x0 c:/st/stm32cubeide_1.5.1/stm32cubeide/plugins/com.st.stm32cube.ide.mcu.externaltools.gnu-tools-for-stm32.7-2018-q2-update.win32_1.5.0.202011040924/tools/bin/../lib/gcc/arm-none-eabi/7.3.1/thumb/v7e-m/fpv4-sp/hard/crti.o
[...]
Memory Configuration

Name             Origin             Length             Attributes
RAM              0x0000000020000000 0x00000000000a0000 xrw
FLASH            0x0000000008000000 0x0000000000200000 xr
*default*        0x0000000000000000 0xffffffffffffffff

Linker script and memory map

LOAD c:/st/stm32cubeide_1.5.1/stm32cubeide/plugins/com.st.stm32cube.ide.mcu.externaltools.gnu-tools-for-stm32.7-2018-q2-update.win32_1.5.0.202011040924/tools/bin/../lib/gcc/arm-none-eabi/7.3.1/thumb/v7e-m/fpv4-sp/hard/crti.o
LOAD c:/st/stm32cubeide_1.5.1/stm32cubeide/plugins/com.st.stm32cube.ide.mcu.externaltools.gnu-tools-for-stm32.7-2018-q2-update.win32_1.5.0.202011040924/tools/bin/../lib/gcc/arm-none-eabi/7.3.1/thumb/v7e-m/fpv4-sp/hard/crtbegin.o
LOAD c:/st/stm32cubeide_1.5.1/stm32cubeide/plugins/com.st.stm32cube.ide.mcu.externaltools.gnu-tools-for-stm32.7-2018-q2-update.win32_1.5.0.202011040924/tools/bin/../lib/gcc/arm-none-eabi/7.3.1/../../../../arm-none-eabi/lib/thumb/v7e-m/fpv4-sp/hard/crt0.o
LOAD Core/Src/main.o
LOAD Core/Src/ov7670.o
LOAD Core/Src/stm32l4xx_hal_msp.o
LOAD Core/Src/stm32l4xx_it.o
LOAD Core/Src/syscalls.o
LOAD Core/Src/sysmem.o
LOAD Core/Src/system_stm32l4xx.o
LOAD Core/Src/uart.o
LOAD Core/Startup/startup_stm32l4r5zitx.o
LOAD Drivers/STM32L4xx_HAL_Driver/Src/stm32l4xx_hal.o
LOAD Drivers/STM32L4xx_HAL_Driver/Src/stm32l4xx_hal_cortex.o
LOAD Drivers/STM32L4xx_HAL_Driver/Src/stm32l4xx_hal_dcmi.o
LOAD Drivers/STM32L4xx_HAL_Driver/Src/stm32l4xx_hal_dma.o
LOAD Drivers/STM32L4xx_HAL_Driver/Src/stm32l4xx_hal_dma_ex.o
LOAD Drivers/STM32L4xx_HAL_Driver/Src/stm32l4xx_hal_exti.o
LOAD Drivers/STM32L4xx_HAL_Driver/Src/stm32l4xx_hal_flash.o
LOAD Drivers/STM32L4xx_HAL_Driver/Src/stm32l4xx_hal_flash_ex.o
LOAD Drivers/STM32L4xx_HAL_Driver/Src/stm32l4xx_hal_flash_ramfunc.o
LOAD Drivers/STM32L4xx_HAL_Driver/Src/stm32l4xx_hal_gpio.o
LOAD Drivers/STM32L4xx_HAL_Driver/Src/stm32l4xx_hal_i2c.o
LOAD Drivers/STM32L4xx_HAL_Driver/Src/stm32l4xx_hal_i2c_ex.o
LOAD Drivers/STM32L4xx_HAL_Driver/Src/stm32l4xx_hal_pwr.o
LOAD Drivers/STM32L4xx_HAL_Driver/Src/stm32l4xx_hal_pwr_ex.o
LOAD Drivers/STM32L4xx_HAL_Driver/Src/stm32l4xx_hal_rcc.o
LOAD Drivers/STM32L4xx_HAL_Driver/Src/stm32l4xx_hal_rcc_ex.o
LOAD Drivers/STM32L4xx_HAL_Driver/Src/stm32l4xx_hal_tim.o
LOAD Drivers/STM32L4xx_HAL_Driver/Src/stm32l4xx_hal_tim_ex.o
LOAD Drivers/STM32L4xx_HAL_Driver/Src/stm32l4xx_ll_dma.o
LOAD Drivers/STM32L4xx_HAL_Driver/Src/stm32l4xx_ll_exti.o
LOAD Drivers/STM32L4xx_HAL_Driver/Src/stm32l4xx_ll_gpio.o
LOAD Drivers/STM32L4xx_HAL_Driver/Src/stm32l4xx_ll_lpuart.o
LOAD Drivers/STM32L4xx_HAL_Driver/Src/stm32l4xx_ll_rcc.o
LOAD Drivers/STM32L4xx_HAL_Driver/Src/stm32l4xx_ll_utils.o
START GROUP
LOAD c:/st/stm32cubeide_1.5.1/stm32cubeide/plugins/com.st.stm32cube.ide.mcu.externaltools.gnu-tools-for-stm32.7-2018-q2-update.win32_1.5.0.202011040924/tools/bin/../lib/gcc/arm-none-eabi/7.3.1/../../../../arm-none-eabi/lib/thumb/v7e-m/fpv4-sp/hard\libc_nano.a
LOAD c:/st/stm32cubeide_1.5.1/stm32cubeide/plugins/com.st.stm32cube.ide.mcu.externaltools.gnu-tools-for-stm32.7-2018-q2-update.win32_1.5.0.202011040924/tools/bin/../lib/gcc/arm-none-eabi/7.3.1/../../../../arm-none-eabi/lib/thumb/v7e-m/fpv4-sp/hard\libm.a
END GROUP
START GROUP
LOAD c:/st/stm32cubeide_1.5.1/stm32cubeide/plugins/com.st.stm32cube.ide.mcu.externaltools.gnu-tools-for-stm32.7-2018-q2-update.win32_1.5.0.202011040924/tools/bin/../lib/gcc/arm-none-eabi/7.3.1/thumb/v7e-m/fpv4-sp/hard\libgcc.a
LOAD c:/st/stm32cubeide_1.5.1/stm32cubeide/plugins/com.st.stm32cube.ide.mcu.externaltools.gnu-tools-for-stm32.7-2018-q2-update.win32_1.5.0.202011040924/tools/bin/../lib/gcc/arm-none-eabi/7.3.1/../../../../arm-none-eabi/lib/thumb/v7e-m/fpv4-sp/hard\libc_nano.a
END GROUP
START GROUP
LOAD c:/st/stm32cubeide_1.5.1/stm32cubeide/plugins/com.st.stm32cube.ide.mcu.externaltools.gnu-tools-for-stm32.7-2018-q2-update.win32_1.5.0.202011040924/tools/bin/../lib/gcc/arm-none-eabi/7.3.1/thumb/v7e-m/fpv4-sp/hard\libgcc.a
LOAD c:/st/stm32cubeide_1.5.1/stm32cubeide/plugins/com.st.stm32cube.ide.mcu.externaltools.gnu-tools-for-stm32.7-2018-q2-update.win32_1.5.0.202011040924/tools/bin/../lib/gcc/arm-none-eabi/7.3.1/../../../../arm-none-eabi/lib/thumb/v7e-m/fpv4-sp/hard\libc_nano.a
LOAD c:/st/stm32cubeide_1.5.1/stm32cubeide/plugins/com.st.stm32cube.ide.mcu.externaltools.gnu-tools-for-stm32.7-2018-q2-update.win32_1.5.0.202011040924/tools/bin/../lib/gcc/arm-none-eabi/7.3.1/../../../../arm-none-eabi/lib/thumb/v7e-m/fpv4-sp/hard\libnosys.a
END GROUP
START GROUP
LOAD c:/st/stm32cubeide_1.5.1/stm32cubeide/plugins/com.st.stm32cube.ide.mcu.externaltools.gnu-tools-for-stm32.7-2018-q2-update.win32_1.5.0.202011040924/tools/bin/../lib/gcc/arm-none-eabi/7.3.1/thumb/v7e-m/fpv4-sp/hard\libgcc.a
LOAD c:/st/stm32cubeide_1.5.1/stm32cubeide/plugins/com.st.stm32cube.ide.mcu.externaltools.gnu-tools-for-stm32.7-2018-q2-update.win32_1.5.0.202011040924/tools/bin/../lib/gcc/arm-none-eabi/7.3.1/../../../../arm-none-eabi/lib/thumb/v7e-m/fpv4-sp/hard\libc_nano.a
LOAD c:/st/stm32cubeide_1.5.1/stm32cubeide/plugins/com.st.stm32cube.ide.mcu.externaltools.gnu-tools-for-stm32.7-2018-q2-update.win32_1.5.0.202011040924/tools/bin/../lib/gcc/arm-none-eabi/7.3.1/../../../../arm-none-eabi/lib/thumb/v7e-m/fpv4-sp/hard\libnosys.a
END GROUP
LOAD c:/st/stm32cubeide_1.5.1/stm32cubeide/plugins/com.st.stm32cube.ide.mcu.externaltools.gnu-tools-for-stm32.7-2018-q2-update.win32_1.5.0.202011040924/tools/bin/../lib/gcc/arm-none-eabi/7.3.1/thumb/v7e-m/fpv4-sp/hard/crtend.o
LOAD c:/st/stm32cubeide_1.5.1/stm32cubeide/plugins/com.st.stm32cube.ide.mcu.externaltools.gnu-tools-for-stm32.7-2018-q2-update.win32_1.5.0.202011040924/tools/bin/../lib/gcc/arm-none-eabi/7.3.1/thumb/v7e-m/fpv4-sp/hard/crtn.o
                0x00000000200a0000                _estack = (ORIGIN (RAM) + LENGTH (RAM))
                0x0000000000000200                _Min_Heap_Size = 0x200
                0x0000000000000400                _Min_Stack_Size = 0x400

.isr_vector     0x0000000008000000      0x1bc
                0x0000000008000000                . = ALIGN (0x4)
 *(.isr_vector)
 .isr_vector    0x0000000008000000      0x1bc Core/Startup/startup_stm32l4r5zitx.o
                0x0000000008000000                g_pfnVectors
                0x00000000080001bc                . = ALIGN (0x4)

.text           0x00000000080001bc     0x6434
                0x00000000080001bc                . = ALIGN (0x4)
 *(.text)
 .text          0x00000000080001bc       0x40 c:/st/stm32cubeide_1.5.1/stm32cubeide/plugins/com.st.stm32cube.ide.mcu.externaltools.gnu-tools-for-stm32.7-2018-q2-update.win32_1.5.0.202011040924/tools/bin/../lib/gcc/arm-none-eabi/7.3.1/thumb/v7e-m/fpv4-sp/hard/crtbegin.o
 .text          0x00000000080001fc       0x30 c:/st/stm32cubeide_1.5.1/stm32cubeide/plugins/com.st.stm32cube.ide.mcu.externaltools.gnu-tools-for-stm32.7-2018-q2-update.win32_1.5.0.202011040924/tools/bin/../lib/gcc/arm-none-eabi/7.3.1/thumb/v7e-m/fpv4-sp/hard\libgcc.a(_aeabi_uldivmod.o)
                0x00000000080001fc                __aeabi_uldivmod
 .text          0x000000000800022c      0x2cc c:/st/stm32cubeide_1.5.1/stm32cubeide/plugins/com.st.stm32cube.ide.mcu.externaltools.gnu-tools-for-stm32.7-2018-q2-update.win32_1.5.0.202011040924/tools/bin/../lib/gcc/arm-none-eabi/7.3.1/thumb/v7e-m/fpv4-sp/hard\libgcc.a(_udivmoddi4.o)
                0x000000000800022c                __udivmoddi4
 .text          0x00000000080004f8        0x4 c:/st/stm32cubeide_1.5.1/stm32cubeide/plugins/com.st.stm32cube.ide.mcu.externaltools.gnu-tools-for-stm32.7-2018-q2-update.win32_1.5.0.202011040924/tools/bin/../lib/gcc/arm-none-eabi/7.3.1/thumb/v7e-m/fpv4-sp/hard\libgcc.a(_dvmd_tls.o)
                0x00000000080004f8                __aeabi_idiv0
                0x00000000080004f8                __aeabi_ldiv0
 *(.text*)
 .text.__NVIC_GetPriorityGrouping
                0x00000000080004fc       0x1c Core/Src/main.o
 .text.__NVIC_EnableIRQ
                0x0000000008000518       0x3c Core/Src/main.o
 .text.__NVIC_SetPriority
                0x0000000008000554       0x54 Core/Src/main.o
 .text.NVIC_EncodePriority
                0x00000000080005a8       0x66 Core/Src/main.o
 .text.LL_LPUART_Enable
                0x000000000800060e       0x20 Core/Src/main.o
 .text.LL_LPUART_DisableFIFO
                0x000000000800062e       0x20 Core/Src/main.o
 .text.LL_LPUART_SetTXFIFOThreshold
                0x000000000800064e       0x28 Core/Src/main.o
 .text.LL_LPUART_SetRXFIFOThreshold
                0x0000000008000676       0x28 Core/Src/main.o
 *fill*         0x000000000800069e        0x2 
 .text.LL_AHB2_GRP1_EnableClock
                0x00000000080006a0       0x30 Core/Src/main.o
 .text.LL_APB1_GRP2_EnableClock
                0x00000000080006d0       0x30 Core/Src/main.o
 .text.LL_DMA_SetDataTransferDirection
                0x0000000008000700       0x50 Core/Src/main.o
 .text.LL_DMA_SetMode
                0x0000000008000750       0x4c Core/Src/main.o
 .text.LL_DMA_SetPeriphIncMode
                0x000000000800079c       0x4c Core/Src/main.o
 .text.LL_DMA_SetMemoryIncMode
                0x00000000080007e8       0x4c Core/Src/main.o
 .text.LL_DMA_SetPeriphSize
                0x0000000008000834       0x4c Core/Src/main.o
 .text.LL_DMA_SetMemorySize
                0x0000000008000880       0x4c Core/Src/main.o
 .text.LL_DMA_SetChannelPriorityLevel
                0x00000000080008cc       0x4c Core/Src/main.o
 .text.LL_DMA_SetPeriphRequest
                0x0000000008000918       0x58 Core/Src/main.o
 .text.main     0x0000000008000970       0x5c Core/Src/main.o
                0x0000000008000970                main
 .text.SystemClock_Config
                0x00000000080009cc      0x100 Core/Src/main.o
                0x00000000080009cc                SystemClock_Config
 .text.MX_DCMI_Init
                0x0000000008000acc       0x68 Core/Src/main.o
 .text.MX_I2C2_Init
                0x0000000008000b34       0x80 Core/Src/main.o
 .text.MX_LPUART1_UART_Init
                0x0000000008000bb4      0x17c Core/Src/main.o
 .text.MX_DMA_Init
                0x0000000008000d30       0x94 Core/Src/main.o
 .text.MX_GPIO_Init
                0x0000000008000dc4      0x190 Core/Src/main.o
 .text.HAL_DCMI_FrameEventCallback
                0x0000000008000f54       0x20 Core/Src/main.o
                0x0000000008000f54                HAL_DCMI_FrameEventCallback
 .text.Error_Handler
                0x0000000008000f74        0x8 Core/Src/main.o
                0x0000000008000f74                Error_Handler
 .text.ov7670_read
                0x0000000008000f7c       0x48 Core/Src/ov7670.o
                0x0000000008000f7c                ov7670_read
 .text.ov7670_write
                0x0000000008000fc4       0x38 Core/Src/ov7670.o
                0x0000000008000fc4                ov7670_write
 .text.ov7670_read_return
                0x0000000008000ffc       0x40 Core/Src/ov7670.o
                0x0000000008000ffc                ov7670_read_return
 .text.ov7670_init
                0x000000000800103c       0x60 Core/Src/ov7670.o
                0x000000000800103c                ov7670_init
 .text.ov7670_reg_check
                0x000000000800109c       0xa8 Core/Src/ov7670.o
                0x000000000800109c                ov7670_reg_check
 .text.HAL_MspInit
                0x0000000008001144       0x48 Core/Src/stm32l4xx_hal_msp.o
                0x0000000008001144                HAL_MspInit
 .text.HAL_DCMI_MspInit
                0x000000000800118c      0x250 Core/Src/stm32l4xx_hal_msp.o
                0x000000000800118c                HAL_DCMI_MspInit
 .text.HAL_I2C_MspInit
                0x00000000080013dc       0xa8 Core/Src/stm32l4xx_hal_msp.o
                0x00000000080013dc                HAL_I2C_MspInit
 .text.NMI_Handler
                0x0000000008001484        0x6 Core/Src/stm32l4xx_it.o
                0x0000000008001484                NMI_Handler
 .text.HardFault_Handler
                0x000000000800148a        0x6 Core/Src/stm32l4xx_it.o
                0x000000000800148a                HardFault_Handler
 .text.MemManage_Handler
                0x0000000008001490        0x6 Core/Src/stm32l4xx_it.o
                0x0000000008001490                MemManage_Handler
 .text.BusFault_Handler
                0x0000000008001496        0x6 Core/Src/stm32l4xx_it.o
                0x0000000008001496                BusFault_Handler
 .text.UsageFault_Handler
                0x000000000800149c        0x6 Core/Src/stm32l4xx_it.o
                0x000000000800149c                UsageFault_Handler
 .text.SVC_Handler
                0x00000000080014a2        0xe Core/Src/stm32l4xx_it.o
                0x00000000080014a2                SVC_Handler
 .text.DebugMon_Handler
                0x00000000080014b0        0xe Core/Src/stm32l4xx_it.o
                0x00000000080014b0                DebugMon_Handler
 .text.PendSV_Handler
                0x00000000080014be        0xe Core/Src/stm32l4xx_it.o
                0x00000000080014be                PendSV_Handler
 .text.SysTick_Handler
                0x00000000080014cc        0xc Core/Src/stm32l4xx_it.o
                0x00000000080014cc                SysTick_Handler
 .text.DMA1_Channel1_IRQHandler
                0x00000000080014d8        0xe Core/Src/stm32l4xx_it.o
                0x00000000080014d8                DMA1_Channel1_IRQHandler
 *fill*         0x00000000080014e6        0x2 
 .text.DMA1_Channel2_IRQHandler
                0x00000000080014e8       0x14 Core/Src/stm32l4xx_it.o
                0x00000000080014e8                DMA1_Channel2_IRQHandler
 .text.DMA1_Channel3_IRQHandler
                0x00000000080014fc        0xe Core/Src/stm32l4xx_it.o
                0x00000000080014fc                DMA1_Channel3_IRQHandler
 *fill*         0x000000000800150a        0x2 
 .text.I2C2_EV_IRQHandler
                0x000000000800150c       0x14 Core/Src/stm32l4xx_it.o
                0x000000000800150c                I2C2_EV_IRQHandler
 .text.I2C2_ER_IRQHandler
                0x0000000008001520       0x14 Core/Src/stm32l4xx_it.o
                0x0000000008001520                I2C2_ER_IRQHandler
 .text.LPUART1_IRQHandler
                0x0000000008001534        0xe Core/Src/stm32l4xx_it.o
                0x0000000008001534                LPUART1_IRQHandler
 *fill*         0x0000000008001542        0x2 
 .text.DCMI_IRQHandler
                0x0000000008001544       0x14 Core/Src/stm32l4xx_it.o
                0x0000000008001544                DCMI_IRQHandler
 .text.SystemInit
                0x0000000008001558       0x6c Core/Src/system_stm32l4xx.o
                0x0000000008001558                SystemInit
 .text.LL_LPUART_IsActiveFlag_TXE_TXFNF
                0x00000000080015c4       0x26 Core/Src/uart.o
 .text.LL_LPUART_TransmitData8
                0x00000000080015ea       0x20 Core/Src/uart.o
 *fill*         0x000000000800160a        0x2 
 .text.Serial_com
                0x000000000800160c       0x48 Core/Src/uart.o
                0x000000000800160c                Serial_com
 .text.Reset_Handler
                0x0000000008001654       0x50 Core/Startup/startup_stm32l4r5zitx.o
                0x0000000008001654                Reset_Handler
 .text.Default_Handler
                0x00000000080016a4        0x2 Core/Startup/startup_stm32l4r5zitx.o
                0x00000000080016a4                RTC_Alarm_IRQHandler
                0x00000000080016a4                EXTI2_IRQHandler
                0x00000000080016a4                TIM8_TRG_COM_IRQHandler
                0x00000000080016a4                TIM8_CC_IRQHandler
                0x00000000080016a4                TIM1_CC_IRQHandler
                0x00000000080016a4                TSC_IRQHandler
                0x00000000080016a4                TAMP_STAMP_IRQHandler
                0x00000000080016a4                EXTI3_IRQHandler
                0x00000000080016a4                LPTIM2_IRQHandler
                0x00000000080016a4                DFSDM1_FLT1_IRQHandler
                0x00000000080016a4                GFXMMU_IRQHandler
                0x00000000080016a4                I2C3_ER_IRQHandler
                0x00000000080016a4                DFSDM1_FLT2_IRQHandler
                0x00000000080016a4                EXTI0_IRQHandler
                0x00000000080016a4                CAN1_RX0_IRQHandler
                0x00000000080016a4                FPU_IRQHandler
                0x00000000080016a4                TIM1_UP_TIM16_IRQHandler
                0x00000000080016a4                LTDC_ER_IRQHandler
                0x00000000080016a4                SPI1_IRQHandler
                0x00000000080016a4                OCTOSPI1_IRQHandler
                0x00000000080016a4                TIM6_DAC_IRQHandler
                0x00000000080016a4                TIM8_UP_IRQHandler
                0x00000000080016a4                OCTOSPI2_IRQHandler
                0x00000000080016a4                DMA2_Channel2_IRQHandler
                0x00000000080016a4                DMA1_Channel4_IRQHandler
                0x00000000080016a4                SAI2_IRQHandler
                0x00000000080016a4                ADC1_IRQHandler
                0x00000000080016a4                DFSDM1_FLT3_IRQHandler
                0x00000000080016a4                USART3_IRQHandler
                0x00000000080016a4                DMA1_Channel7_IRQHandler
                0x00000000080016a4                CAN1_RX1_IRQHandler
                0x00000000080016a4                UART5_IRQHandler
                0x00000000080016a4                TIM4_IRQHandler
                0x00000000080016a4                DMA2_Channel1_IRQHandler
                0x00000000080016a4                I2C1_EV_IRQHandler
                0x00000000080016a4                DMAMUX1_OVR_IRQHandler
                0x00000000080016a4                DMA1_Channel6_IRQHandler
                0x00000000080016a4                UART4_IRQHandler
                0x00000000080016a4                DMA2_Channel4_IRQHandler
                0x00000000080016a4                TIM3_IRQHandler
                0x00000000080016a4                RCC_IRQHandler
                0x00000000080016a4                Default_Handler
                0x00000000080016a4                DMA2_Channel7_IRQHandler
                0x00000000080016a4                EXTI15_10_IRQHandler
                0x00000000080016a4                TIM7_IRQHandler
                0x00000000080016a4                SDMMC1_IRQHandler
                0x00000000080016a4                TIM5_IRQHandler
                0x00000000080016a4                I2C3_EV_IRQHandler
                0x00000000080016a4                EXTI9_5_IRQHandler
                0x00000000080016a4                RTC_WKUP_IRQHandler
                0x00000000080016a4                LTDC_IRQHandler
                0x00000000080016a4                PVD_PVM_IRQHandler
                0x00000000080016a4                SPI2_IRQHandler
                0x00000000080016a4                CAN1_TX_IRQHandler
                0x00000000080016a4                DMA2_Channel5_IRQHandler
                0x00000000080016a4                CRS_IRQHandler
                0x00000000080016a4                DMA1_Channel5_IRQHandler
                0x00000000080016a4                EXTI4_IRQHandler
                0x00000000080016a4                RNG_IRQHandler
                0x00000000080016a4                TIM1_TRG_COM_TIM17_IRQHandler
                0x00000000080016a4                COMP_IRQHandler
                0x00000000080016a4                WWDG_IRQHandler
                0x00000000080016a4                I2C4_EV_IRQHandler
                0x00000000080016a4                DMA2_Channel6_IRQHandler
                0x00000000080016a4                TIM2_IRQHandler
                0x00000000080016a4                DMA2D_IRQHandler
                0x00000000080016a4                EXTI1_IRQHandler
                0x00000000080016a4                USART2_IRQHandler
                0x00000000080016a4                DFSDM1_FLT0_IRQHandler
                0x00000000080016a4                TIM8_BRK_IRQHandler
                0x00000000080016a4                CAN1_SCE_IRQHandler
                0x00000000080016a4                FLASH_IRQHandler
                0x00000000080016a4                USART1_IRQHandler
                0x00000000080016a4                OTG_FS_IRQHandler
                0x00000000080016a4                SPI3_IRQHandler
                0x00000000080016a4                I2C1_ER_IRQHandler
                0x00000000080016a4                FMC_IRQHandler
                0x00000000080016a4                LPTIM1_IRQHandler
                0x00000000080016a4                I2C4_ER_IRQHandler
                0x00000000080016a4                SAI1_IRQHandler
                0x00000000080016a4                DMA2_Channel3_IRQHandler
                0x00000000080016a4                TIM1_BRK_TIM15_IRQHandler
 .text.HAL_Init
                0x00000000080016a6       0x30 Drivers/STM32L4xx_HAL_Driver/Src/stm32l4xx_hal.o
                0x00000000080016a6                HAL_Init
 *fill*         0x00000000080016d6        0x2 
 .text.HAL_InitTick
                0x00000000080016d8       0x78 Drivers/STM32L4xx_HAL_Driver/Src/stm32l4xx_hal.o
                0x00000000080016d8                HAL_InitTick
 .text.HAL_IncTick
                0x0000000008001750       0x28 Drivers/STM32L4xx_HAL_Driver/Src/stm32l4xx_hal.o
                0x0000000008001750                HAL_IncTick
 .text.HAL_GetTick
                0x0000000008001778       0x18 Drivers/STM32L4xx_HAL_Driver/Src/stm32l4xx_hal.o
                0x0000000008001778                HAL_GetTick
 .text.HAL_Delay
                0x0000000008001790       0x44 Drivers/STM32L4xx_HAL_Driver/Src/stm32l4xx_hal.o
                0x0000000008001790                HAL_Delay
 .text.__NVIC_SetPriorityGrouping
                0x00000000080017d4       0x48 Drivers/STM32L4xx_HAL_Driver/Src/stm32l4xx_hal_cortex.o
 .text.__NVIC_GetPriorityGrouping
                0x000000000800181c       0x1c Drivers/STM32L4xx_HAL_Driver/Src/stm32l4xx_hal_cortex.o
 .text.__NVIC_EnableIRQ
                0x0000000008001838       0x3c Drivers/STM32L4xx_HAL_Driver/Src/stm32l4xx_hal_cortex.o
 .text.__NVIC_SetPriority
                0x0000000008001874       0x54 Drivers/STM32L4xx_HAL_Driver/Src/stm32l4xx_hal_cortex.o
 .text.NVIC_EncodePriority
                0x00000000080018c8       0x66 Drivers/STM32L4xx_HAL_Driver/Src/stm32l4xx_hal_cortex.o
 *fill*         0x000000000800192e        0x2 
 .text.SysTick_Config
                0x0000000008001930       0x44 Drivers/STM32L4xx_HAL_Driver/Src/stm32l4xx_hal_cortex.o
 .text.HAL_NVIC_SetPriorityGrouping
                0x0000000008001974       0x16 Drivers/STM32L4xx_HAL_Driver/Src/stm32l4xx_hal_cortex.o
                0x0000000008001974                HAL_NVIC_SetPriorityGrouping
 .text.HAL_NVIC_SetPriority
                0x000000000800198a       0x38 Drivers/STM32L4xx_HAL_Driver/Src/stm32l4xx_hal_cortex.o
                0x000000000800198a                HAL_NVIC_SetPriority
 .text.HAL_NVIC_EnableIRQ
                0x00000000080019c2       0x1c Drivers/STM32L4xx_HAL_Driver/Src/stm32l4xx_hal_cortex.o
                0x00000000080019c2                HAL_NVIC_EnableIRQ
 .text.HAL_SYSTICK_Config
                0x00000000080019de       0x18 Drivers/STM32L4xx_HAL_Driver/Src/stm32l4xx_hal_cortex.o
                0x00000000080019de                HAL_SYSTICK_Config
 *fill*         0x00000000080019f6        0x2 
 .text.HAL_DCMI_Init
                0x00000000080019f8      0x10c Drivers/STM32L4xx_HAL_Driver/Src/stm32l4xx_hal_dcmi.o
                0x00000000080019f8                HAL_DCMI_Init
 .text.HAL_DCMI_Start_DMA
                0x0000000008001b04      0x1ac Drivers/STM32L4xx_HAL_Driver/Src/stm32l4xx_hal_dcmi.o
                0x0000000008001b04                HAL_DCMI_Start_DMA
 .text.HAL_DCMI_IRQHandler
                0x0000000008001cb0       0xf8 Drivers/STM32L4xx_HAL_Driver/Src/stm32l4xx_hal_dcmi.o
                0x0000000008001cb0                HAL_DCMI_IRQHandler
 .text.HAL_DCMI_ErrorCallback
                0x0000000008001da8       0x14 Drivers/STM32L4xx_HAL_Driver/Src/stm32l4xx_hal_dcmi.o
                0x0000000008001da8                HAL_DCMI_ErrorCallback
 .text.HAL_DCMI_LineEventCallback
                0x0000000008001dbc       0x14 Drivers/STM32L4xx_HAL_Driver/Src/stm32l4xx_hal_dcmi.o
                0x0000000008001dbc                HAL_DCMI_LineEventCallback
 .text.HAL_DCMI_VsyncEventCallback
                0x0000000008001dd0       0x14 Drivers/STM32L4xx_HAL_Driver/Src/stm32l4xx_hal_dcmi.o
                0x0000000008001dd0                HAL_DCMI_VsyncEventCallback
 .text.DCMI_DMAXferCplt
                0x0000000008001de4      0x130 Drivers/STM32L4xx_HAL_Driver/Src/stm32l4xx_hal_dcmi.o
 .text.DCMI_DMAHalfXferCplt
                0x0000000008001f14       0x98 Drivers/STM32L4xx_HAL_Driver/Src/stm32l4xx_hal_dcmi.o
 .text.DCMI_DMAError
                0x0000000008001fac       0x30 Drivers/STM32L4xx_HAL_Driver/Src/stm32l4xx_hal_dcmi.o
 .text.DCMI_TransferSize
                0x0000000008001fdc      0x188 Drivers/STM32L4xx_HAL_Driver/Src/stm32l4xx_hal_dcmi.o
 .text.HAL_DMA_Init
                0x0000000008002164      0x150 Drivers/STM32L4xx_HAL_Driver/Src/stm32l4xx_hal_dma.o
                0x0000000008002164                HAL_DMA_Init
 .text.HAL_DMA_Start_IT
                0x00000000080022b4       0xf6 Drivers/STM32L4xx_HAL_Driver/Src/stm32l4xx_hal_dma.o
                0x00000000080022b4                HAL_DMA_Start_IT
 .text.HAL_DMA_Abort_IT
                0x00000000080023aa       0xbe Drivers/STM32L4xx_HAL_Driver/Src/stm32l4xx_hal_dma.o
                0x00000000080023aa                HAL_DMA_Abort_IT
 .text.HAL_DMA_IRQHandler
                0x0000000008002468      0x15e Drivers/STM32L4xx_HAL_Driver/Src/stm32l4xx_hal_dma.o
                0x0000000008002468                HAL_DMA_IRQHandler
 .text.HAL_DMA_GetState
                0x00000000080025c6       0x1c Drivers/STM32L4xx_HAL_Driver/Src/stm32l4xx_hal_dma.o
                0x00000000080025c6                HAL_DMA_GetState
 .text.DMA_SetConfig
                0x00000000080025e2       0x7c Drivers/STM32L4xx_HAL_Driver/Src/stm32l4xx_hal_dma.o
 *fill*         0x000000000800265e        0x2 
 .text.DMA_CalcDMAMUXChannelBaseAndMask
                0x0000000008002660       0x7c Drivers/STM32L4xx_HAL_Driver/Src/stm32l4xx_hal_dma.o
 .text.DMA_CalcDMAMUXRequestGenBaseAndMask
                0x00000000080026dc       0x48 Drivers/STM32L4xx_HAL_Driver/Src/stm32l4xx_hal_dma.o
 .text.HAL_GPIO_Init
                0x0000000008002724      0x324 Drivers/STM32L4xx_HAL_Driver/Src/stm32l4xx_hal_gpio.o
                0x0000000008002724                HAL_GPIO_Init
 .text.HAL_GPIO_WritePin
                0x0000000008002a48       0x30 Drivers/STM32L4xx_HAL_Driver/Src/stm32l4xx_hal_gpio.o
                0x0000000008002a48                HAL_GPIO_WritePin
 .text.HAL_GPIO_TogglePin
                0x0000000008002a78       0x34 Drivers/STM32L4xx_HAL_Driver/Src/stm32l4xx_hal_gpio.o
                0x0000000008002a78                HAL_GPIO_TogglePin
 .text.HAL_I2C_Init
                0x0000000008002aac      0x11e Drivers/STM32L4xx_HAL_Driver/Src/stm32l4xx_hal_i2c.o
                0x0000000008002aac                HAL_I2C_Init
 *fill*         0x0000000008002bca        0x2 
 .text.HAL_I2C_Master_Transmit
                0x0000000008002bcc      0x1e8 Drivers/STM32L4xx_HAL_Driver/Src/stm32l4xx_hal_i2c.o
                0x0000000008002bcc                HAL_I2C_Master_Transmit
 .text.HAL_I2C_Master_Receive
                0x0000000008002db4      0x1ec Drivers/STM32L4xx_HAL_Driver/Src/stm32l4xx_hal_i2c.o
                0x0000000008002db4                HAL_I2C_Master_Receive
 .text.HAL_I2C_Mem_Write
                0x0000000008002fa0      0x228 Drivers/STM32L4xx_HAL_Driver/Src/stm32l4xx_hal_i2c.o
                0x0000000008002fa0                HAL_I2C_Mem_Write
 .text.HAL_I2C_EV_IRQHandler
                0x00000000080031c8       0x34 Drivers/STM32L4xx_HAL_Driver/Src/stm32l4xx_hal_i2c.o
                0x00000000080031c8                HAL_I2C_EV_IRQHandler
 .text.HAL_I2C_ER_IRQHandler
                0x00000000080031fc       0xc2 Drivers/STM32L4xx_HAL_Driver/Src/stm32l4xx_hal_i2c.o
                0x00000000080031fc                HAL_I2C_ER_IRQHandler
 .text.HAL_I2C_SlaveTxCpltCallback
                0x00000000080032be       0x14 Drivers/STM32L4xx_HAL_Driver/Src/stm32l4xx_hal_i2c.o
                0x00000000080032be                HAL_I2C_SlaveTxCpltCallback
 .text.HAL_I2C_SlaveRxCpltCallback
                0x00000000080032d2       0x14 Drivers/STM32L4xx_HAL_Driver/Src/stm32l4xx_hal_i2c.o
                0x00000000080032d2                HAL_I2C_SlaveRxCpltCallback
 .text.HAL_I2C_AddrCallback
                0x00000000080032e6       0x1c Drivers/STM32L4xx_HAL_Driver/Src/stm32l4xx_hal_i2c.o
                0x00000000080032e6                HAL_I2C_AddrCallback
 .text.HAL_I2C_ListenCpltCallback
                0x0000000008003302       0x14 Drivers/STM32L4xx_HAL_Driver/Src/stm32l4xx_hal_i2c.o
                0x0000000008003302                HAL_I2C_ListenCpltCallback
 .text.HAL_I2C_ErrorCallback
                0x0000000008003316       0x14 Drivers/STM32L4xx_HAL_Driver/Src/stm32l4xx_hal_i2c.o
                0x0000000008003316                HAL_I2C_ErrorCallback
 .text.HAL_I2C_AbortCpltCallback
                0x000000000800332a       0x14 Drivers/STM32L4xx_HAL_Driver/Src/stm32l4xx_hal_i2c.o
                0x000000000800332a                HAL_I2C_AbortCpltCallback
 .text.I2C_Slave_ISR_IT
                0x000000000800333e      0x206 Drivers/STM32L4xx_HAL_Driver/Src/stm32l4xx_hal_i2c.o
 .text.I2C_RequestMemoryWrite
                0x0000000008003544       0xa8 Drivers/STM32L4xx_HAL_Driver/Src/stm32l4xx_hal_i2c.o
 .text.I2C_ITAddrCplt
                0x00000000080035ec      0x108 Drivers/STM32L4xx_HAL_Driver/Src/stm32l4xx_hal_i2c.o
 .text.I2C_ITSlaveSeqCplt
                0x00000000080036f4       0xbc Drivers/STM32L4xx_HAL_Driver/Src/stm32l4xx_hal_i2c.o
 .text.I2C_ITSlaveCplt
                0x00000000080037b0      0x214 Drivers/STM32L4xx_HAL_Driver/Src/stm32l4xx_hal_i2c.o
 .text.I2C_ITListenCplt
                0x00000000080039c4       0xac Drivers/STM32L4xx_HAL_Driver/Src/stm32l4xx_hal_i2c.o
 .text.I2C_ITError
                0x0000000008003a70      0x1a0 Drivers/STM32L4xx_HAL_Driver/Src/stm32l4xx_hal_i2c.o
 .text.I2C_TreatErrorCallback
                0x0000000008003c10       0x4e Drivers/STM32L4xx_HAL_Driver/Src/stm32l4xx_hal_i2c.o
 .text.I2C_Flush_TXDR
                0x0000000008003c5e       0x48 Drivers/STM32L4xx_HAL_Driver/Src/stm32l4xx_hal_i2c.o
 .text.I2C_DMAAbort
                0x0000000008003ca6       0x3c Drivers/STM32L4xx_HAL_Driver/Src/stm32l4xx_hal_i2c.o
 .text.I2C_WaitOnFlagUntilTimeout
                0x0000000008003ce2       0x80 Drivers/STM32L4xx_HAL_Driver/Src/stm32l4xx_hal_i2c.o
 .text.I2C_WaitOnTXISFlagUntilTimeout
                0x0000000008003d62       0x80 Drivers/STM32L4xx_HAL_Driver/Src/stm32l4xx_hal_i2c.o
 .text.I2C_WaitOnSTOPFlagUntilTimeout
                0x0000000008003de2       0x78 Drivers/STM32L4xx_HAL_Driver/Src/stm32l4xx_hal_i2c.o
 *fill*         0x0000000008003e5a        0x2 
 .text.I2C_WaitOnRXNEFlagUntilTimeout
                0x0000000008003e5c       0xd8 Drivers/STM32L4xx_HAL_Driver/Src/stm32l4xx_hal_i2c.o
 .text.I2C_IsAcknowledgeFailed
                0x0000000008003f34       0xcc Drivers/STM32L4xx_HAL_Driver/Src/stm32l4xx_hal_i2c.o
 .text.I2C_TransferConfig
                0x0000000008004000       0x5c Drivers/STM32L4xx_HAL_Driver/Src/stm32l4xx_hal_i2c.o
 .text.I2C_Disable_IRQ
                0x000000000800405c       0xbc Drivers/STM32L4xx_HAL_Driver/Src/stm32l4xx_hal_i2c.o
 .text.HAL_I2CEx_ConfigAnalogFilter
                0x0000000008004118       0x96 Drivers/STM32L4xx_HAL_Driver/Src/stm32l4xx_hal_i2c_ex.o
                0x0000000008004118                HAL_I2CEx_ConfigAnalogFilter
 .text.HAL_I2CEx_ConfigDigitalFilter
                0x00000000080041ae       0x98 Drivers/STM32L4xx_HAL_Driver/Src/stm32l4xx_hal_i2c_ex.o
                0x00000000080041ae                HAL_I2CEx_ConfigDigitalFilter
 *fill*         0x0000000008004246        0x2 
 .text.HAL_PWREx_GetVoltageRange
                0x0000000008004248       0x40 Drivers/STM32L4xx_HAL_Driver/Src/stm32l4xx_hal_pwr_ex.o
                0x0000000008004248                HAL_PWREx_GetVoltageRange
 .text.HAL_PWREx_ControlVoltageScaling
                0x0000000008004288      0x148 Drivers/STM32L4xx_HAL_Driver/Src/stm32l4xx_hal_pwr_ex.o
                0x0000000008004288                HAL_PWREx_ControlVoltageScaling
 .text.HAL_PWREx_EnableVddIO2
                0x00000000080043d0       0x20 Drivers/STM32L4xx_HAL_Driver/Src/stm32l4xx_hal_pwr_ex.o
                0x00000000080043d0                HAL_PWREx_EnableVddIO2
 .text.HAL_RCC_OscConfig
                0x00000000080043f0      0x84c Drivers/STM32L4xx_HAL_Driver/Src/stm32l4xx_hal_rcc.o
                0x00000000080043f0                HAL_RCC_OscConfig
 .text.HAL_RCC_ClockConfig
                0x0000000008004c3c      0x258 Drivers/STM32L4xx_HAL_Driver/Src/stm32l4xx_hal_rcc.o
                0x0000000008004c3c                HAL_RCC_ClockConfig
 .text.HAL_RCC_MCOConfig
                0x0000000008004e94       0x68 Drivers/STM32L4xx_HAL_Driver/Src/stm32l4xx_hal_rcc.o
                0x0000000008004e94                HAL_RCC_MCOConfig
 .text.HAL_RCC_GetSysClockFreq
                0x0000000008004efc      0x114 Drivers/STM32L4xx_HAL_Driver/Src/stm32l4xx_hal_rcc.o
                0x0000000008004efc                HAL_RCC_GetSysClockFreq
 .text.RCC_SetFlashLatencyFromMSIRange
                0x0000000008005010       0xb4 Drivers/STM32L4xx_HAL_Driver/Src/stm32l4xx_hal_rcc.o
 .text.RCC_GetSysClockFreqFromPLLSource
                0x00000000080050c4       0xd0 Drivers/STM32L4xx_HAL_Driver/Src/stm32l4xx_hal_rcc.o
 .text.HAL_RCCEx_PeriphCLKConfig
                0x0000000008005194      0x650 Drivers/STM32L4xx_HAL_Driver/Src/stm32l4xx_hal_rcc_ex.o
                0x0000000008005194                HAL_RCCEx_PeriphCLKConfig
 .text.RCCEx_PLLSAI1_Config
                0x00000000080057e4      0x1e0 Drivers/STM32L4xx_HAL_Driver/Src/stm32l4xx_hal_rcc_ex.o
 .text.RCCEx_PLLSAI2_Config
                0x00000000080059c4      0x1e0 Drivers/STM32L4xx_HAL_Driver/Src/stm32l4xx_hal_rcc_ex.o
 .text.LL_GPIO_SetPinMode
                0x0000000008005ba4       0x7a Drivers/STM32L4xx_HAL_Driver/Src/stm32l4xx_ll_gpio.o
 .text.LL_GPIO_SetPinOutputType
                0x0000000008005c1e       0x30 Drivers/STM32L4xx_HAL_Driver/Src/stm32l4xx_ll_gpio.o
 .text.LL_GPIO_SetPinSpeed
                0x0000000008005c4e       0x7a Drivers/STM32L4xx_HAL_Driver/Src/stm32l4xx_ll_gpio.o
 .text.LL_GPIO_SetPinPull
                0x0000000008005cc8       0x7a Drivers/STM32L4xx_HAL_Driver/Src/stm32l4xx_ll_gpio.o
 .text.LL_GPIO_SetAFPin_0_7
                0x0000000008005d42       0x7a Drivers/STM32L4xx_HAL_Driver/Src/stm32l4xx_ll_gpio.o
 .text.LL_GPIO_SetAFPin_8_15
                0x0000000008005dbc       0x7e Drivers/STM32L4xx_HAL_Driver/Src/stm32l4xx_ll_gpio.o
 .text.LL_GPIO_Init
                0x0000000008005e3a       0xec Drivers/STM32L4xx_HAL_Driver/Src/stm32l4xx_ll_gpio.o
                0x0000000008005e3a                LL_GPIO_Init
 .text.LL_LPUART_IsEnabled
                0x0000000008005f26       0x26 Drivers/STM32L4xx_HAL_Driver/Src/stm32l4xx_ll_lpuart.o
 .text.LL_LPUART_SetPrescaler
                0x0000000008005f4c       0x28 Drivers/STM32L4xx_HAL_Driver/Src/stm32l4xx_ll_lpuart.o
 .text.LL_LPUART_SetStopBitsLength
                0x0000000008005f74       0x26 Drivers/STM32L4xx_HAL_Driver/Src/stm32l4xx_ll_lpuart.o
 .text.LL_LPUART_SetHWFlowCtrl
                0x0000000008005f9a       0x26 Drivers/STM32L4xx_HAL_Driver/Src/stm32l4xx_ll_lpuart.o
 .text.LL_LPUART_SetBaudRate
                0x0000000008005fc0       0x88 Drivers/STM32L4xx_HAL_Driver/Src/stm32l4xx_ll_lpuart.o
 .text.LL_LPUART_Init
                0x0000000008006048       0x98 Drivers/STM32L4xx_HAL_Driver/Src/stm32l4xx_ll_lpuart.o
                0x0000000008006048                LL_LPUART_Init
 .text.LL_RCC_HSI_IsReady
                0x00000000080060e0       0x28 Drivers/STM32L4xx_HAL_Driver/Src/stm32l4xx_ll_rcc.o
 .text.LL_RCC_LSE_IsReady
                0x0000000008006108       0x28 Drivers/STM32L4xx_HAL_Driver/Src/stm32l4xx_ll_rcc.o
 .text.LL_RCC_MSI_IsEnabledRangeSelect
                0x0000000008006130       0x24 Drivers/STM32L4xx_HAL_Driver/Src/stm32l4xx_ll_rcc.o
 .text.LL_RCC_MSI_GetRange
                0x0000000008006154       0x1c Drivers/STM32L4xx_HAL_Driver/Src/stm32l4xx_ll_rcc.o
 .text.LL_RCC_MSI_GetRangeAfterStandby
                0x0000000008006170       0x1c Drivers/STM32L4xx_HAL_Driver/Src/stm32l4xx_ll_rcc.o
 .text.LL_RCC_GetSysClkSource
                0x000000000800618c       0x1c Drivers/STM32L4xx_HAL_Driver/Src/stm32l4xx_ll_rcc.o
 .text.LL_RCC_GetAHBPrescaler
                0x00000000080061a8       0x1c Drivers/STM32L4xx_HAL_Driver/Src/stm32l4xx_ll_rcc.o
 .text.LL_RCC_GetAPB1Prescaler
                0x00000000080061c4       0x1c Drivers/STM32L4xx_HAL_Driver/Src/stm32l4xx_ll_rcc.o
 .text.LL_RCC_GetLPUARTClockSource
                0x00000000080061e0       0x24 Drivers/STM32L4xx_HAL_Driver/Src/stm32l4xx_ll_rcc.o
 .text.LL_RCC_PLL_GetMainSource
                0x0000000008006204       0x1c Drivers/STM32L4xx_HAL_Driver/Src/stm32l4xx_ll_rcc.o
 .text.LL_RCC_PLL_GetN
                0x0000000008006220       0x1c Drivers/STM32L4xx_HAL_Driver/Src/stm32l4xx_ll_rcc.o
 .text.LL_RCC_PLL_GetR
                0x000000000800623c       0x1c Drivers/STM32L4xx_HAL_Driver/Src/stm32l4xx_ll_rcc.o
 .text.LL_RCC_PLL_GetDivider
                0x0000000008006258       0x1c Drivers/STM32L4xx_HAL_Driver/Src/stm32l4xx_ll_rcc.o
 .text.LL_RCC_GetLPUARTClockFreq
                0x0000000008006274       0x8c Drivers/STM32L4xx_HAL_Driver/Src/stm32l4xx_ll_rcc.o
                0x0000000008006274                LL_RCC_GetLPUARTClockFreq
 .text.RCC_GetSystemClockFreq
                0x0000000008006300      0x120 Drivers/STM32L4xx_HAL_Driver/Src/stm32l4xx_ll_rcc.o
                0x0000000008006300                RCC_GetSystemClockFreq
 .text.RCC_GetHCLKClockFreq
                0x0000000008006420       0x2c Drivers/STM32L4xx_HAL_Driver/Src/stm32l4xx_ll_rcc.o
                0x0000000008006420                RCC_GetHCLKClockFreq
 .text.RCC_GetPCLK1ClockFreq
                0x000000000800644c       0x28 Drivers/STM32L4xx_HAL_Driver/Src/stm32l4xx_ll_rcc.o
                0x000000000800644c                RCC_GetPCLK1ClockFreq
 .text.RCC_PLL_GetFreqDomain_SYS
                0x0000000008006474      0x10c Drivers/STM32L4xx_HAL_Driver/Src/stm32l4xx_ll_rcc.o
                0x0000000008006474                RCC_PLL_GetFreqDomain_SYS
 .text.__libc_init_array
                0x0000000008006580       0x48 c:/st/stm32cubeide_1.5.1/stm32cubeide/plugins/com.st.stm32cube.ide.mcu.externaltools.gnu-tools-for-stm32.7-2018-q2-update.win32_1.5.0.202011040924/tools/bin/../lib/gcc/arm-none-eabi/7.3.1/../../../../arm-none-eabi/lib/thumb/v7e-m/fpv4-sp/hard\libc_nano.a(lib_a-init.o)
                0x0000000008006580                __libc_init_array
 .text.memset   0x00000000080065c8       0x10 c:/st/stm32cubeide_1.5.1/stm32cubeide/plugins/com.st.stm32cube.ide.mcu.externaltools.gnu-tools-for-stm32.7-2018-q2-update.win32_1.5.0.202011040924/tools/bin/../lib/gcc/arm-none-eabi/7.3.1/../../../../arm-none-eabi/lib/thumb/v7e-m/fpv4-sp/hard\libc_nano.a(lib_a-memset.o)
                0x00000000080065c8                memset
 *(.glue_7)
 .glue_7        0x00000000080065d8        0x0 linker stubs
 *(.glue_7t)
 .glue_7t       0x00000000080065d8        0x0 linker stubs
 *(.eh_frame)
 .eh_frame      0x00000000080065d8        0x0 c:/st/stm32cubeide_1.5.1/stm32cubeide/plugins/com.st.stm32cube.ide.mcu.externaltools.gnu-tools-for-stm32.7-2018-q2-update.win32_1.5.0.202011040924/tools/bin/../lib/gcc/arm-none-eabi/7.3.1/thumb/v7e-m/fpv4-sp/hard/crtbegin.o
 *(.init)
 .init          0x00000000080065d8        0x4 c:/st/stm32cubeide_1.5.1/stm32cubeide/plugins/com.st.stm32cube.ide.mcu.externaltools.gnu-tools-for-stm32.7-2018-q2-update.win32_1.5.0.202011040924/tools/bin/../lib/gcc/arm-none-eabi/7.3.1/thumb/v7e-m/fpv4-sp/hard/crti.o
                0x00000000080065d8                _init
 .init          0x00000000080065dc        0x8 c:/st/stm32cubeide_1.5.1/stm32cubeide/plugins/com.st.stm32cube.ide.mcu.externaltools.gnu-tools-for-stm32.7-2018-q2-update.win32_1.5.0.202011040924/tools/bin/../lib/gcc/arm-none-eabi/7.3.1/thumb/v7e-m/fpv4-sp/hard/crtn.o
 *(.fini)
 .fini          0x00000000080065e4        0x4 c:/st/stm32cubeide_1.5.1/stm32cubeide/plugins/com.st.stm32cube.ide.mcu.externaltools.gnu-tools-for-stm32.7-2018-q2-update.win32_1.5.0.202011040924/tools/bin/../lib/gcc/arm-none-eabi/7.3.1/thumb/v7e-m/fpv4-sp/hard/crti.o
                0x00000000080065e4                _fini
 .fini          0x00000000080065e8        0x8 c:/st/stm32cubeide_1.5.1/stm32cubeide/plugins/com.st.stm32cube.ide.mcu.externaltools.gnu-tools-for-stm32.7-2018-q2-update.win32_1.5.0.202011040924/tools/bin/../lib/gcc/arm-none-eabi/7.3.1/thumb/v7e-m/fpv4-sp/hard/crtn.o
                0x00000000080065f0                . = ALIGN (0x4)
                0x00000000080065f0                _etext = .

.vfp11_veneer   0x00000000080065f0        0x0
 .vfp11_veneer  0x00000000080065f0        0x0 linker stubs

.v4_bx          0x00000000080065f0        0x0
 .v4_bx         0x00000000080065f0        0x0 linker stubs

.iplt           0x00000000080065f0        0x0
 .iplt          0x00000000080065f0        0x0 c:/st/stm32cubeide_1.5.1/stm32cubeide/plugins/com.st.stm32cube.ide.mcu.externaltools.gnu-tools-for-stm32.7-2018-q2-update.win32_1.5.0.202011040924/tools/bin/../lib/gcc/arm-none-eabi/7.3.1/thumb/v7e-m/fpv4-sp/hard/crtbegin.o

.rodata         0x00000000080065f0      0x104
                0x00000000080065f0                . = ALIGN (0x4)
 *(.rodata)
 .rodata        0x00000000080065f0       0x40 Drivers/STM32L4xx_HAL_Driver/Src/stm32l4xx_hal_dcmi.o
 *(.rodata*)
 .rodata.CHANNEL_OFFSET_TAB
                0x0000000008006630        0x7 Core/Src/main.o
 *fill*         0x0000000008006637        0x1 
 .rodata.OV7670_reg
                0x0000000008006638       0x5a Core/Src/ov7670.o
 *fill*         0x0000000008006692        0x2 
 .rodata.AHBPrescTable
                0x0000000008006694       0x10 Core/Src/system_stm32l4xx.o
                0x0000000008006694                AHBPrescTable
 .rodata.APBPrescTable
                0x00000000080066a4        0x8 Core/Src/system_stm32l4xx.o
                0x00000000080066a4                APBPrescTable
 .rodata.MSIRangeTable
                0x00000000080066ac       0x30 Core/Src/system_stm32l4xx.o
                0x00000000080066ac                MSIRangeTable
 .rodata.LPUART_PRESCALER_TAB
                0x00000000080066dc       0x18 Drivers/STM32L4xx_HAL_Driver/Src/stm32l4xx_ll_lpuart.o
                0x00000000080066f4                . = ALIGN (0x4)

.ARM.extab      0x00000000080066f4        0x0
                0x00000000080066f4                . = ALIGN (0x4)
 *(.ARM.extab* .gnu.linkonce.armextab.*)
                0x00000000080066f4                . = ALIGN (0x4)

.ARM            0x00000000080066f4        0x8
                0x00000000080066f4                . = ALIGN (0x4)
                0x00000000080066f4                __exidx_start = .
 *(.ARM.exidx*)
 .ARM.exidx     0x00000000080066f4        0x8 c:/st/stm32cubeide_1.5.1/stm32cubeide/plugins/com.st.stm32cube.ide.mcu.externaltools.gnu-tools-for-stm32.7-2018-q2-update.win32_1.5.0.202011040924/tools/bin/../lib/gcc/arm-none-eabi/7.3.1/thumb/v7e-m/fpv4-sp/hard\libgcc.a(_udivmoddi4.o)
                0x00000000080066fc                __exidx_end = .
                0x00000000080066fc                . = ALIGN (0x4)

.rel.dyn        0x00000000080066fc        0x0
 .rel.iplt      0x00000000080066fc        0x0 c:/st/stm32cubeide_1.5.1/stm32cubeide/plugins/com.st.stm32cube.ide.mcu.externaltools.gnu-tools-for-stm32.7-2018-q2-update.win32_1.5.0.202011040924/tools/bin/../lib/gcc/arm-none-eabi/7.3.1/thumb/v7e-m/fpv4-sp/hard/crtbegin.o

.preinit_array  0x00000000080066fc        0x0
                0x00000000080066fc                . = ALIGN (0x4)
                0x00000000080066fc                PROVIDE (__preinit_array_start = .)
 *(.preinit_array*)
                0x00000000080066fc                PROVIDE (__preinit_array_end = .)
                0x00000000080066fc                . = ALIGN (0x4)

.init_array     0x00000000080066fc        0x4
                0x00000000080066fc                . = ALIGN (0x4)
                0x00000000080066fc                PROVIDE (__init_array_start = .)
 *(SORT_BY_NAME(.init_array.*))
 *(.init_array*)
 .init_array    0x00000000080066fc        0x4 c:/st/stm32cubeide_1.5.1/stm32cubeide/plugins/com.st.stm32cube.ide.mcu.externaltools.gnu-tools-for-stm32.7-2018-q2-update.win32_1.5.0.202011040924/tools/bin/../lib/gcc/arm-none-eabi/7.3.1/thumb/v7e-m/fpv4-sp/hard/crtbegin.o
                0x0000000008006700                PROVIDE (__init_array_end = .)
                0x0000000008006700                . = ALIGN (0x4)

.fini_array     0x0000000008006700        0x4
                0x0000000008006700                . = ALIGN (0x4)
                [!provide]                        PROVIDE (__fini_array_start = .)
 *(SORT_BY_NAME(.fini_array.*))
 *(.fini_array*)
 .fini_array    0x0000000008006700        0x4 c:/st/stm32cubeide_1.5.1/stm32cubeide/plugins/com.st.stm32cube.ide.mcu.externaltools.gnu-tools-for-stm32.7-2018-q2-update.win32_1.5.0.202011040924/tools/bin/../lib/gcc/arm-none-eabi/7.3.1/thumb/v7e-m/fpv4-sp/hard/crtbegin.o
                [!provide]                        PROVIDE (__fini_array_end = .)
                0x0000000008006704                . = ALIGN (0x4)
                0x0000000008006704                _sidata = LOADADDR (.data)

.data           0x0000000020000000        0xc load address 0x0000000008006704
                0x0000000020000000                . = ALIGN (0x4)
                0x0000000020000000                _sdata = .
 *(.data)
 *(.data*)
 .data.SystemCoreClock
                0x0000000020000000        0x4 Core/Src/system_stm32l4xx.o
                0x0000000020000000                SystemCoreClock
 .data.uwTickPrio
                0x0000000020000004        0x4 Drivers/STM32L4xx_HAL_Driver/Src/stm32l4xx_hal.o
                0x0000000020000004                uwTickPrio
 .data.uwTickFreq
                0x0000000020000008        0x1 Drivers/STM32L4xx_HAL_Driver/Src/stm32l4xx_hal.o
                0x0000000020000008                uwTickFreq
 *(.RamFunc)
 *(.RamFunc*)
                0x000000002000000c                . = ALIGN (0x4)
 *fill*         0x0000000020000009        0x3 
                0x000000002000000c                _edata = .

.igot.plt       0x000000002000000c        0x0 load address 0x0000000008006710
 .igot.plt      0x000000002000000c        0x0 c:/st/stm32cubeide_1.5.1/stm32cubeide/plugins/com.st.stm32cube.ide.mcu.externaltools.gnu-tools-for-stm32.7-2018-q2-update.win32_1.5.0.202011040924/tools/bin/../lib/gcc/arm-none-eabi/7.3.1/thumb/v7e-m/fpv4-sp/hard/crtbegin.o
                0x000000002000000c                . = ALIGN (0x4)

.bss            0x000000002000000c    0x25930 load address 0x0000000008006710
                0x000000002000000c                _sbss = .
                0x000000002000000c                __bss_start__ = _sbss
 *(.bss)
 .bss           0x000000002000000c       0x1c c:/st/stm32cubeide_1.5.1/stm32cubeide/plugins/com.st.stm32cube.ide.mcu.externaltools.gnu-tools-for-stm32.7-2018-q2-update.win32_1.5.0.202011040924/tools/bin/../lib/gcc/arm-none-eabi/7.3.1/thumb/v7e-m/fpv4-sp/hard/crtbegin.o
 *(.bss*)
 .bss.frame_buffer
                0x0000000020000028    0x25800 Core/Src/main.o
                0x0000000020000028                frame_buffer
 *(COMMON)
 COMMON         0x0000000020025828      0x110 Core/Src/main.o
                0x0000000020025828                hi2c2
                0x0000000020025874                hdma_dcmi
                0x00000000200258d4                hdcmi
 COMMON         0x0000000020025938        0x4 Drivers/STM32L4xx_HAL_Driver/Src/stm32l4xx_hal.o
                0x0000000020025938                uwTick
                0x000000002002593c                . = ALIGN (0x4)
                0x000000002002593c                _ebss = .
                0x000000002002593c                __bss_end__ = _ebss

._user_heap_stack
                0x000000002002593c      0x604 load address 0x0000000008006710
                0x0000000020025940                . = ALIGN (0x8)
 *fill*         0x000000002002593c        0x4 
                [!provide]                        PROVIDE (end = .)
                0x0000000020025940                PROVIDE (_end = .)
                0x0000000020025b40                . = (. + _Min_Heap_Size)
 *fill*         0x0000000020025940      0x200 
                0x0000000020025f40                . = (. + _Min_Stack_Size)
 *fill*         0x0000000020025b40      0x400 
                0x0000000020025f40                . = ALIGN (0x8)

/DISCARD/
 libc.a(*)
 libm.a(*)
 libgcc.a(*)

.ARM.attributes
                0x0000000000000000       0x30
 *(.ARM.attributes)
 .ARM.attributes
                0x0000000000000000       0x22 c:/st/stm32cubeide_1.5.1/stm32cubeide/plugins/com.st.stm32cube.ide.mcu.externaltools.gnu-tools-for-stm32.7-2018-q2-update.win32_1.5.0.202011040924/tools/bin/../lib/gcc/arm-none-eabi/7.3.1/thumb/v7e-m/fpv4-sp/hard/crti.o
 .ARM.attributes
                0x0000000000000022       0x34 c:/st/stm32cubeide_1.5.1/stm32cubeide/plugins/com.st.stm32cube.ide.mcu.externaltools.gnu-tools-for-stm32.7-2018-q2-update.win32_1.5.0.202011040924/tools/bin/../lib/gcc/arm-none-eabi/7.3.1/thumb/v7e-m/fpv4-sp/hard/crtbegin.o
 .ARM.attributes
                0x0000000000000056       0x39 Core/Src/main.o
 .ARM.attributes
                0x000000000000008f       0x39 Core/Src/ov7670.o
 .ARM.attributes
                0x00000000000000c8       0x39 Core/Src/stm32l4xx_hal_msp.o
 .ARM.attributes
                0x0000000000000101       0x39 Core/Src/stm32l4xx_it.o
 .ARM.attributes
                0x000000000000013a       0x39 Core/Src/system_stm32l4xx.o
 .ARM.attributes
                0x0000000000000173       0x39 Core/Src/uart.o
 .ARM.attributes
                0x00000000000001ac       0x21 Core/Startup/startup_stm32l4r5zitx.o
 .ARM.attributes
                0x00000000000001cd       0x39 Drivers/STM32L4xx_HAL_Driver/Src/stm32l4xx_hal.o
 .ARM.attributes
                0x0000000000000206       0x39 Drivers/STM32L4xx_HAL_Driver/Src/stm32l4xx_hal_cortex.o
 .ARM.attributes
                0x000000000000023f       0x39 Drivers/STM32L4xx_HAL_Driver/Src/stm32l4xx_hal_dcmi.o
 .ARM.attributes
                0x0000000000000278       0x39 Drivers/STM32L4xx_HAL_Driver/Src/stm32l4xx_hal_dma.o
 .ARM.attributes
                0x00000000000002b1       0x39 Drivers/STM32L4xx_HAL_Driver/Src/stm32l4xx_hal_gpio.o
 .ARM.attributes
                0x00000000000002ea       0x39 Drivers/STM32L4xx_HAL_Driver/Src/stm32l4xx_hal_i2c.o
 .ARM.attributes
                0x0000000000000323       0x39 Drivers/STM32L4xx_HAL_Driver/Src/stm32l4xx_hal_i2c_ex.o
 .ARM.attributes
                0x000000000000035c       0x39 Drivers/STM32L4xx_HAL_Driver/Src/stm32l4xx_hal_pwr_ex.o
 .ARM.attributes
                0x0000000000000395       0x39 Drivers/STM32L4xx_HAL_Driver/Src/stm32l4xx_hal_rcc.o
 .ARM.attributes
                0x00000000000003ce       0x39 Drivers/STM32L4xx_HAL_Driver/Src/stm32l4xx_hal_rcc_ex.o
 .ARM.attributes
                0x0000000000000407       0x39 Drivers/STM32L4xx_HAL_Driver/Src/stm32l4xx_ll_gpio.o
 .ARM.attributes
                0x0000000000000440       0x39 Drivers/STM32L4xx_HAL_Driver/Src/stm32l4xx_ll_lpuart.o
 .ARM.attributes
                0x0000000000000479       0x39 Drivers/STM32L4xx_HAL_Driver/Src/stm32l4xx_ll_rcc.o
 .ARM.attributes
                0x00000000000004b2       0x34 c:/st/stm32cubeide_1.5.1/stm32cubeide/plugins/com.st.stm32cube.ide.mcu.externaltools.gnu-tools-for-stm32.7-2018-q2-update.win32_1.5.0.202011040924/tools/bin/../lib/gcc/arm-none-eabi/7.3.1/../../../../arm-none-eabi/lib/thumb/v7e-m/fpv4-sp/hard\libc_nano.a(lib_a-init.o)
 .ARM.attributes
                0x00000000000004e6       0x34 c:/st/stm32cubeide_1.5.1/stm32cubeide/plugins/com.st.stm32cube.ide.mcu.externaltools.gnu-tools-for-stm32.7-2018-q2-update.win32_1.5.0.202011040924/tools/bin/../lib/gcc/arm-none-eabi/7.3.1/../../../../arm-none-eabi/lib/thumb/v7e-m/fpv4-sp/hard\libc_nano.a(lib_a-memset.o)
 .ARM.attributes
                0x000000000000051a       0x22 c:/st/stm32cubeide_1.5.1/stm32cubeide/plugins/com.st.stm32cube.ide.mcu.externaltools.gnu-tools-for-stm32.7-2018-q2-update.win32_1.5.0.202011040924/tools/bin/../lib/gcc/arm-none-eabi/7.3.1/thumb/v7e-m/fpv4-sp/hard\libgcc.a(_aeabi_uldivmod.o)
 .ARM.attributes
                0x000000000000053c       0x34 c:/st/stm32cubeide_1.5.1/stm32cubeide/plugins/com.st.stm32cube.ide.mcu.externaltools.gnu-tools-for-stm32.7-2018-q2-update.win32_1.5.0.202011040924/tools/bin/../lib/gcc/arm-none-eabi/7.3.1/thumb/v7e-m/fpv4-sp/hard\libgcc.a(_udivmoddi4.o)
 .ARM.attributes
                0x0000000000000570       0x22 c:/st/stm32cubeide_1.5.1/stm32cubeide/plugins/com.st.stm32cube.ide.mcu.externaltools.gnu-tools-for-stm32.7-2018-q2-update.win32_1.5.0.202011040924/tools/bin/../lib/gcc/arm-none-eabi/7.3.1/thumb/v7e-m/fpv4-sp/hard\libgcc.a(_dvmd_tls.o)
 .ARM.attributes
                0x0000000000000592       0x22 c:/st/stm32cubeide_1.5.1/stm32cubeide/plugins/com.st.stm32cube.ide.mcu.externaltools.gnu-tools-for-stm32.7-2018-q2-update.win32_1.5.0.202011040924/tools/bin/../lib/gcc/arm-none-eabi/7.3.1/thumb/v7e-m/fpv4-sp/hard/crtn.o
OUTPUT(Image_Capture_DCMI_LL.elf elf32-littlearm)

.debug_info     0x0000000000000000    0x11a07
 .debug_info    0x0000000000000000     0x20d7 Core/Src/main.o
 .debug_info    0x00000000000020d7      0xb77 Core/Src/ov7670.o
 .debug_info    0x0000000000002c4e     0x1311 Core/Src/stm32l4xx_hal_msp.o
 .debug_info    0x0000000000003f5f      0xce7 Core/Src/stm32l4xx_it.o
 .debug_info    0x0000000000004c46      0x75b Core/Src/system_stm32l4xx.o
 .debug_info    0x00000000000053a1      0x4d3 Core/Src/uart.o
 .debug_info    0x0000000000005874       0x22 Core/Startup/startup_stm32l4r5zitx.o
 .debug_info    0x0000000000005896      0xc79 Drivers/STM32L4xx_HAL_Driver/Src/stm32l4xx_hal.o
 .debug_info    0x000000000000650f      0xf85 Drivers/STM32L4xx_HAL_Driver/Src/stm32l4xx_hal_cortex.o
 .debug_info    0x0000000000007494     0x1047 Drivers/STM32L4xx_HAL_Driver/Src/stm32l4xx_hal_dcmi.o
 .debug_info    0x00000000000084db      0xa3f Drivers/STM32L4xx_HAL_Driver/Src/stm32l4xx_hal_dma.o
 .debug_info    0x0000000000008f1a      0x9f6 Drivers/STM32L4xx_HAL_Driver/Src/stm32l4xx_hal_gpio.o
 .debug_info    0x0000000000009910     0x2213 Drivers/STM32L4xx_HAL_Driver/Src/stm32l4xx_hal_i2c.o
 .debug_info    0x000000000000bb23      0xcb9 Drivers/STM32L4xx_HAL_Driver/Src/stm32l4xx_hal_i2c_ex.o
 .debug_info    0x000000000000c7dc      0xbc1 Drivers/STM32L4xx_HAL_Driver/Src/stm32l4xx_hal_pwr_ex.o
 .debug_info    0x000000000000d39d      0xe4a Drivers/STM32L4xx_HAL_Driver/Src/stm32l4xx_hal_rcc.o
 .debug_info    0x000000000000e1e7     0x126d Drivers/STM32L4xx_HAL_Driver/Src/stm32l4xx_hal_rcc_ex.o
 .debug_info    0x000000000000f454      0xc21 Drivers/STM32L4xx_HAL_Driver/Src/stm32l4xx_ll_gpio.o
 .debug_info    0x0000000000010075      0x8d4 Drivers/STM32L4xx_HAL_Driver/Src/stm32l4xx_ll_lpuart.o
 .debug_info    0x0000000000010949     0x10be Drivers/STM32L4xx_HAL_Driver/Src/stm32l4xx_ll_rcc.o

.debug_abbrev   0x0000000000000000     0x25c1
 .debug_abbrev  0x0000000000000000      0x2d8 Core/Src/main.o
 .debug_abbrev  0x00000000000002d8      0x1d6 Core/Src/ov7670.o
 .debug_abbrev  0x00000000000004ae      0x1d8 Core/Src/stm32l4xx_hal_msp.o
 .debug_abbrev  0x0000000000000686      0x1a2 Core/Src/stm32l4xx_it.o
 .debug_abbrev  0x0000000000000828      0x150 Core/Src/system_stm32l4xx.o
 .debug_abbrev  0x0000000000000978      0x179 Core/Src/uart.o
 .debug_abbrev  0x0000000000000af1       0x12 Core/Startup/startup_stm32l4r5zitx.o
 .debug_abbrev  0x0000000000000b03      0x1fb Drivers/STM32L4xx_HAL_Driver/Src/stm32l4xx_hal.o
 .debug_abbrev  0x0000000000000cfe      0x2fa Drivers/STM32L4xx_HAL_Driver/Src/stm32l4xx_hal_cortex.o
 .debug_abbrev  0x0000000000000ff8      0x22b Drivers/STM32L4xx_HAL_Driver/Src/stm32l4xx_hal_dcmi.o
 .debug_abbrev  0x0000000000001223      0x1d9 Drivers/STM32L4xx_HAL_Driver/Src/stm32l4xx_hal_dma.o
 .debug_abbrev  0x00000000000013fc      0x1c0 Drivers/STM32L4xx_HAL_Driver/Src/stm32l4xx_hal_gpio.o
 .debug_abbrev  0x00000000000015bc      0x22a Drivers/STM32L4xx_HAL_Driver/Src/stm32l4xx_hal_i2c.o
 .debug_abbrev  0x00000000000017e6      0x1b9 Drivers/STM32L4xx_HAL_Driver/Src/stm32l4xx_hal_i2c_ex.o
 .debug_abbrev  0x000000000000199f      0x1cb Drivers/STM32L4xx_HAL_Driver/Src/stm32l4xx_hal_pwr_ex.o
 .debug_abbrev  0x0000000000001b6a      0x27b Drivers/STM32L4xx_HAL_Driver/Src/stm32l4xx_hal_rcc.o
 .debug_abbrev  0x0000000000001de5      0x238 Drivers/STM32L4xx_HAL_Driver/Src/stm32l4xx_hal_rcc_ex.o
 .debug_abbrev  0x000000000000201d      0x225 Drivers/STM32L4xx_HAL_Driver/Src/stm32l4xx_ll_gpio.o
 .debug_abbrev  0x0000000000002242      0x19e Drivers/STM32L4xx_HAL_Driver/Src/stm32l4xx_ll_lpuart.o
 .debug_abbrev  0x00000000000023e0      0x1e1 Drivers/STM32L4xx_HAL_Driver/Src/stm32l4xx_ll_rcc.o

.debug_aranges  0x0000000000000000      0xfe0
 .debug_aranges
                0x0000000000000000       0xf8 Core/Src/main.o
 .debug_aranges
                0x00000000000000f8       0x50 Core/Src/ov7670.o
 .debug_aranges
                0x0000000000000148       0x40 Core/Src/stm32l4xx_hal_msp.o
 .debug_aranges
                0x0000000000000188       0x98 Core/Src/stm32l4xx_it.o
 .debug_aranges
                0x0000000000000220       0x28 Core/Src/system_stm32l4xx.o
 .debug_aranges
                0x0000000000000248       0x30 Core/Src/uart.o
 .debug_aranges
                0x0000000000000278       0x28 Core/Startup/startup_stm32l4r5zitx.o
 .debug_aranges
                0x00000000000002a0      0x130 Drivers/STM32L4xx_HAL_Driver/Src/stm32l4xx_hal.o
 .debug_aranges
                0x00000000000003d0      0x118 Drivers/STM32L4xx_HAL_Driver/Src/stm32l4xx_hal_cortex.o
 .debug_aranges
                0x00000000000004e8       0xd0 Drivers/STM32L4xx_HAL_Driver/Src/stm32l4xx_hal_dcmi.o
 .debug_aranges
                0x00000000000005b8       0x90 Drivers/STM32L4xx_HAL_Driver/Src/stm32l4xx_hal_dma.o
 .debug_aranges
                0x0000000000000648       0x58 Drivers/STM32L4xx_HAL_Driver/Src/stm32l4xx_hal_gpio.o
 .debug_aranges
                0x00000000000006a0      0x290 Drivers/STM32L4xx_HAL_Driver/Src/stm32l4xx_hal_i2c.o
 .debug_aranges
                0x0000000000000930       0x48 Drivers/STM32L4xx_HAL_Driver/Src/stm32l4xx_hal_i2c_ex.o
 .debug_aranges
                0x0000000000000978      0x170 Drivers/STM32L4xx_HAL_Driver/Src/stm32l4xx_hal_pwr_ex.o
 .debug_aranges
                0x0000000000000ae8       0x90 Drivers/STM32L4xx_HAL_Driver/Src/stm32l4xx_hal_rcc.o
 .debug_aranges
                0x0000000000000b78      0x110 Drivers/STM32L4xx_HAL_Driver/Src/stm32l4xx_hal_rcc_ex.o
 .debug_aranges
                0x0000000000000c88       0x70 Drivers/STM32L4xx_HAL_Driver/Src/stm32l4xx_ll_gpio.o
 .debug_aranges
                0x0000000000000cf8       0x68 Drivers/STM32L4xx_HAL_Driver/Src/stm32l4xx_ll_lpuart.o
 .debug_aranges
                0x0000000000000d60      0x280 Drivers/STM32L4xx_HAL_Driver/Src/stm32l4xx_ll_rcc.o

.debug_ranges   0x0000000000000000      0xea8
 .debug_ranges  0x0000000000000000       0xe8 Core/Src/main.o
 .debug_ranges  0x00000000000000e8       0x40 Core/Src/ov7670.o
 .debug_ranges  0x0000000000000128       0x30 Core/Src/stm32l4xx_hal_msp.o
 .debug_ranges  0x0000000000000158       0x88 Core/Src/stm32l4xx_it.o
 .debug_ranges  0x00000000000001e0       0x18 Core/Src/system_stm32l4xx.o
 .debug_ranges  0x00000000000001f8       0x20 Core/Src/uart.o
 .debug_ranges  0x0000000000000218       0x20 Core/Startup/startup_stm32l4r5zitx.o
 .debug_ranges  0x0000000000000238      0x120 Drivers/STM32L4xx_HAL_Driver/Src/stm32l4xx_hal.o
 .debug_ranges  0x0000000000000358      0x108 Drivers/STM32L4xx_HAL_Driver/Src/stm32l4xx_hal_cortex.o
 .debug_ranges  0x0000000000000460       0xc0 Drivers/STM32L4xx_HAL_Driver/Src/stm32l4xx_hal_dcmi.o
 .debug_ranges  0x0000000000000520       0x80 Drivers/STM32L4xx_HAL_Driver/Src/stm32l4xx_hal_dma.o
 .debug_ranges  0x00000000000005a0       0x48 Drivers/STM32L4xx_HAL_Driver/Src/stm32l4xx_hal_gpio.o
 .debug_ranges  0x00000000000005e8      0x280 Drivers/STM32L4xx_HAL_Driver/Src/stm32l4xx_hal_i2c.o
 .debug_ranges  0x0000000000000868       0x38 Drivers/STM32L4xx_HAL_Driver/Src/stm32l4xx_hal_i2c_ex.o
 .debug_ranges  0x00000000000008a0      0x160 Drivers/STM32L4xx_HAL_Driver/Src/stm32l4xx_hal_pwr_ex.o
 .debug_ranges  0x0000000000000a00       0x80 Drivers/STM32L4xx_HAL_Driver/Src/stm32l4xx_hal_rcc.o
 .debug_ranges  0x0000000000000a80      0x100 Drivers/STM32L4xx_HAL_Driver/Src/stm32l4xx_hal_rcc_ex.o
 .debug_ranges  0x0000000000000b80       0x60 Drivers/STM32L4xx_HAL_Driver/Src/stm32l4xx_ll_gpio.o
 .debug_ranges  0x0000000000000be0       0x58 Drivers/STM32L4xx_HAL_Driver/Src/stm32l4xx_ll_lpuart.o
 .debug_ranges  0x0000000000000c38      0x270 Drivers/STM32L4xx_HAL_Driver/Src/stm32l4xx_ll_rcc.o

.debug_macro    0x0000000000000000    0x2c78f
 .debug_macro   0x0000000000000000      0x27f Core/Src/main.o
 .debug_macro   0x000000000000027f      0xa60 Core/Src/main.o
 .debug_macro   0x0000000000000cdf      0x1a7 Core/Src/main.o
 .debug_macro   0x0000000000000e86       0x2e Core/Src/main.o
 .debug_macro   0x0000000000000eb4       0x28 Core/Src/main.o
 .debug_macro   0x0000000000000edc       0x22 Core/Src/main.o
 .debug_macro   0x0000000000000efe       0x8e Core/Src/main.o
 .debug_macro   0x0000000000000f8c       0x51 Core/Src/main.o
 .debug_macro   0x0000000000000fdd       0xef Core/Src/main.o
 .debug_macro   0x00000000000010cc       0x6a Core/Src/main.o
 .debug_macro   0x0000000000001136      0x1df Core/Src/main.o
 .debug_macro   0x0000000000001315       0x1c Core/Src/main.o
 .debug_macro   0x0000000000001331       0x22 Core/Src/main.o
 .debug_macro   0x0000000000001353      0x101 Core/Src/main.o
 .debug_macro   0x0000000000001454     0x1011 Core/Src/main.o
 .debug_macro   0x0000000000002465      0x11f Core/Src/main.o
 .debug_macro   0x0000000000002584    0x1cb6c Core/Src/main.o
 .debug_macro   0x000000000001f0f0       0x43 Core/Src/main.o
 .debug_macro   0x000000000001f133     0x3897 Core/Src/main.o
 .debug_macro   0x00000000000229ca      0x174 Core/Src/main.o
 .debug_macro   0x0000000000022b3e       0x5c Core/Src/main.o
 .debug_macro   0x0000000000022b9a     0x1845 Core/Src/main.o
 .debug_macro   0x00000000000243df      0x7d5 Core/Src/main.o
 .debug_macro   0x0000000000024bb4      0x13d Core/Src/main.o
 .debug_macro   0x0000000000024cf1      0x225 Core/Src/main.o
 .debug_macro   0x0000000000024f16      0x486 Core/Src/main.o
 .debug_macro   0x000000000002539c      0x1cf Core/Src/main.o
 .debug_macro   0x000000000002556b       0x43 Core/Src/main.o
 .debug_macro   0x00000000000255ae      0x23d Core/Src/main.o
 .debug_macro   0x00000000000257eb      0x22c Core/Src/main.o
 .debug_macro   0x0000000000025a17      0x241 Core/Src/main.o
 .debug_macro   0x0000000000025c58      0x416 Core/Src/main.o
 .debug_macro   0x000000000002606e       0x1c Core/Src/main.o
 .debug_macro   0x000000000002608a       0xf2 Core/Src/main.o
 .debug_macro   0x000000000002617c      0x22c Core/Src/main.o
 .debug_macro   0x00000000000263a8       0x61 Core/Src/main.o
 .debug_macro   0x0000000000026409       0xa5 Core/Src/main.o
 .debug_macro   0x00000000000264ae      0x122 Core/Src/main.o
 .debug_macro   0x00000000000265d0      0x3f7 Core/Src/main.o
 .debug_macro   0x00000000000269c7      0x433 Core/Src/main.o
 .debug_macro   0x0000000000026dfa      0x31e Core/Src/main.o
 .debug_macro   0x0000000000027118      0xb1b Core/Src/main.o
 .debug_macro   0x0000000000027c33      0x1f3 Core/Src/main.o
 .debug_macro   0x0000000000027e26      0x1a7 Core/Src/main.o
 .debug_macro   0x0000000000027fcd      0x436 Core/Src/main.o
 .debug_macro   0x0000000000028403       0xa7 Core/Src/main.o
 .debug_macro   0x00000000000284aa      0x20f Core/Src/main.o
 .debug_macro   0x00000000000286b9      0x16a Core/Src/main.o
 .debug_macro   0x0000000000028823      0x5bb Core/Src/main.o
 .debug_macro   0x0000000000028dde      0x287 Core/Src/main.o
 .debug_macro   0x0000000000029065      0x15d Core/Src/main.o
 .debug_macro   0x00000000000291c2       0x10 Core/Src/main.o
 .debug_macro   0x00000000000291d2       0x16 Core/Src/main.o
 .debug_macro   0x00000000000291e8       0x70 Core/Src/main.o
 .debug_macro   0x0000000000029258      0x265 Core/Src/ov7670.o
 .debug_macro   0x00000000000294bd      0x261 Core/Src/stm32l4xx_hal_msp.o
 .debug_macro   0x000000000002971e      0x26b Core/Src/stm32l4xx_it.o
 .debug_macro   0x0000000000029989      0x1cf Core/Src/system_stm32l4xx.o
 .debug_macro   0x0000000000029b58      0x265 Core/Src/uart.o
 .debug_macro   0x0000000000029dbd      0x217 Drivers/STM32L4xx_HAL_Driver/Src/stm32l4xx_hal.o
 .debug_macro   0x0000000000029fd4      0x1c9 Drivers/STM32L4xx_HAL_Driver/Src/stm32l4xx_hal_cortex.o
 .debug_macro   0x000000000002a19d      0x1d8 Drivers/STM32L4xx_HAL_Driver/Src/stm32l4xx_hal_dcmi.o
 .debug_macro   0x000000000002a375      0x1c9 Drivers/STM32L4xx_HAL_Driver/Src/stm32l4xx_hal_dma.o
 .debug_macro   0x000000000002a53e      0x208 Drivers/STM32L4xx_HAL_Driver/Src/stm32l4xx_hal_gpio.o
 .debug_macro   0x000000000002a746      0x28e Drivers/STM32L4xx_HAL_Driver/Src/stm32l4xx_hal_i2c.o
 .debug_macro   0x000000000002a9d4      0x1c9 Drivers/STM32L4xx_HAL_Driver/Src/stm32l4xx_hal_i2c_ex.o
 .debug_macro   0x000000000002ab9d      0x1f3 Drivers/STM32L4xx_HAL_Driver/Src/stm32l4xx_hal_pwr_ex.o
 .debug_macro   0x000000000002ad90      0x20b Drivers/STM32L4xx_HAL_Driver/Src/stm32l4xx_hal_rcc.o
 .debug_macro   0x000000000002af9b      0x1ff Drivers/STM32L4xx_HAL_Driver/Src/stm32l4xx_hal_rcc_ex.o
 .debug_macro   0x000000000002b19a      0x20b Drivers/STM32L4xx_HAL_Driver/Src/stm32l4xx_ll_gpio.o
 .debug_macro   0x000000000002b3a5      0x164 Drivers/STM32L4xx_HAL_Driver/Src/stm32l4xx_ll_gpio.o
 .debug_macro   0x000000000002b509      0x226 Drivers/STM32L4xx_HAL_Driver/Src/stm32l4xx_ll_lpuart.o
 .debug_macro   0x000000000002b72f      0x318 Drivers/STM32L4xx_HAL_Driver/Src/stm32l4xx_ll_lpuart.o
 .debug_macro   0x000000000002ba47      0x233 Drivers/STM32L4xx_HAL_Driver/Src/stm32l4xx_ll_rcc.o
 .debug_macro   0x000000000002bc7a      0xb15 Drivers/STM32L4xx_HAL_Driver/Src/stm32l4xx_ll_rcc.o

.debug_line     0x0000000000000000     0xcf8a
 .debug_line    0x0000000000000000      0xafd Core/Src/main.o
 .debug_line    0x0000000000000afd      0x8b1 Core/Src/ov7670.o
 .debug_line    0x00000000000013ae      0x89a Core/Src/stm32l4xx_hal_msp.o
 .debug_line    0x0000000000001c48      0x912 Core/Src/stm32l4xx_it.o
 .debug_line    0x000000000000255a      0x6ec Core/Src/system_stm32l4xx.o
 .debug_line    0x0000000000002c46      0x822 Core/Src/uart.o
 .debug_line    0x0000000000003468       0x87 Core/Startup/startup_stm32l4r5zitx.o
 .debug_line    0x00000000000034ef      0x962 Drivers/STM32L4xx_HAL_Driver/Src/stm32l4xx_hal.o
 .debug_line    0x0000000000003e51      0x9ea Drivers/STM32L4xx_HAL_Driver/Src/stm32l4xx_hal_cortex.o
 .debug_line    0x000000000000483b      0xa77 Drivers/STM32L4xx_HAL_Driver/Src/stm32l4xx_hal_dcmi.o
 .debug_line    0x00000000000052b2      0x93a Drivers/STM32L4xx_HAL_Driver/Src/stm32l4xx_hal_dma.o
 .debug_line    0x0000000000005bec      0x88d Drivers/STM32L4xx_HAL_Driver/Src/stm32l4xx_hal_gpio.o
 .debug_line    0x0000000000006479     0x1aa4 Drivers/STM32L4xx_HAL_Driver/Src/stm32l4xx_hal_i2c.o
 .debug_line    0x0000000000007f1d      0x805 Drivers/STM32L4xx_HAL_Driver/Src/stm32l4xx_hal_i2c_ex.o
 .debug_line    0x0000000000008722      0xadc Drivers/STM32L4xx_HAL_Driver/Src/stm32l4xx_hal_pwr_ex.o
 .debug_line    0x00000000000091fe      0xa1a Drivers/STM32L4xx_HAL_Driver/Src/stm32l4xx_hal_rcc.o
 .debug_line    0x0000000000009c18      0xe65 Drivers/STM32L4xx_HAL_Driver/Src/stm32l4xx_hal_rcc_ex.o
 .debug_line    0x000000000000aa7d      0x8db Drivers/STM32L4xx_HAL_Driver/Src/stm32l4xx_ll_gpio.o
 .debug_line    0x000000000000b358      0x7ef Drivers/STM32L4xx_HAL_Driver/Src/stm32l4xx_ll_lpuart.o
 .debug_line    0x000000000000bb47     0x1443 Drivers/STM32L4xx_HAL_Driver/Src/stm32l4xx_ll_rcc.o

.debug_str      0x0000000000000000   0x10932a
 .debug_str     0x0000000000000000   0x1045d8 Core/Src/main.o
                                     0x105f99 (size before relaxing)
 .debug_str     0x00000000001045d8       0xa6 Core/Src/ov7670.o
                                     0x104dcf (size before relaxing)
 .debug_str     0x000000000010467e       0x77 Core/Src/stm32l4xx_hal_msp.o
                                     0x10568b (size before relaxing)
 .debug_str     0x00000000001046f5      0x141 Core/Src/stm32l4xx_it.o
                                     0x10507c (size before relaxing)
 .debug_str     0x0000000000104836       0x79 Core/Src/system_stm32l4xx.o
                                      0xf3627 (size before relaxing)
 .debug_str     0x00000000001048af       0x3b Core/Src/uart.o
                                     0x104810 (size before relaxing)
 .debug_str     0x00000000001048ea       0x36 Core/Startup/startup_stm32l4r5zitx.o
                                         0x7e (size before relaxing)
 .debug_str     0x0000000000104920      0x5b4 Drivers/STM32L4xx_HAL_Driver/Src/stm32l4xx_hal.o
                                      0xf4148 (size before relaxing)
 .debug_str     0x0000000000104ed4      0x2f7 Drivers/STM32L4xx_HAL_Driver/Src/stm32l4xx_hal_cortex.o
                                      0xf3e93 (size before relaxing)
 .debug_str     0x00000000001051cb      0x294 Drivers/STM32L4xx_HAL_Driver/Src/stm32l4xx_hal_dcmi.o
                                      0xf3dcc (size before relaxing)
 .debug_str     0x000000000010545f      0x2a1 Drivers/STM32L4xx_HAL_Driver/Src/stm32l4xx_hal_dma.o
                                      0xf399d (size before relaxing)
 .debug_str     0x0000000000105700      0x236 Drivers/STM32L4xx_HAL_Driver/Src/stm32l4xx_hal_gpio.o
                                      0xf38a7 (size before relaxing)
 .debug_str     0x0000000000105936      0xd2c Drivers/STM32L4xx_HAL_Driver/Src/stm32l4xx_hal_i2c.o
                                      0xf4814 (size before relaxing)
 .debug_str     0x0000000000106662       0xb8 Drivers/STM32L4xx_HAL_Driver/Src/stm32l4xx_hal_i2c_ex.o
                                      0xf3c31 (size before relaxing)
 .debug_str     0x000000000010671a      0x586 Drivers/STM32L4xx_HAL_Driver/Src/stm32l4xx_hal_pwr_ex.o
                                      0xf3bf5 (size before relaxing)
 .debug_str     0x0000000000106ca0      0x3d0 Drivers/STM32L4xx_HAL_Driver/Src/stm32l4xx_hal_rcc.o
                                      0xf3c16 (size before relaxing)
 .debug_str     0x0000000000107070      0x590 Drivers/STM32L4xx_HAL_Driver/Src/stm32l4xx_hal_rcc_ex.o
                                      0xf3fef (size before relaxing)
 .debug_str     0x0000000000107600      0x67f Drivers/STM32L4xx_HAL_Driver/Src/stm32l4xx_ll_gpio.o
                                      0xf515c (size before relaxing)
 .debug_str     0x0000000000107c7f      0x79b Drivers/STM32L4xx_HAL_Driver/Src/stm32l4xx_ll_lpuart.o
                                      0xfcc70 (size before relaxing)
 .debug_str     0x000000000010841a      0xf10 Drivers/STM32L4xx_HAL_Driver/Src/stm32l4xx_ll_rcc.o
                                      0xfb1f9 (size before relaxing)

.comment        0x0000000000000000       0x7b
 .comment       0x0000000000000000       0x7b Core/Src/main.o
                                         0x7c (size before relaxing)
 .comment       0x000000000000007b       0x7c Core/Src/ov7670.o
 .comment       0x000000000000007b       0x7c Core/Src/stm32l4xx_hal_msp.o
 .comment       0x000000000000007b       0x7c Core/Src/stm32l4xx_it.o
 .comment       0x000000000000007b       0x7c Core/Src/system_stm32l4xx.o
 .comment       0x000000000000007b       0x7c Core/Src/uart.o
 .comment       0x000000000000007b       0x7c Drivers/STM32L4xx_HAL_Driver/Src/stm32l4xx_hal.o
 .comment       0x000000000000007b       0x7c Drivers/STM32L4xx_HAL_Driver/Src/stm32l4xx_hal_cortex.o
 .comment       0x000000000000007b       0x7c Drivers/STM32L4xx_HAL_Driver/Src/stm32l4xx_hal_dcmi.o
 .comment       0x000000000000007b       0x7c Drivers/STM32L4xx_HAL_Driver/Src/stm32l4xx_hal_dma.o
 .comment       0x000000000000007b       0x7c Drivers/STM32L4xx_HAL_Driver/Src/stm32l4xx_hal_gpio.o
 .comment       0x000000000000007b       0x7c Drivers/STM32L4xx_HAL_Driver/Src/stm32l4xx_hal_i2c.o
 .comment       0x000000000000007b       0x7c Drivers/STM32L4xx_HAL_Driver/Src/stm32l4xx_hal_i2c_ex.o
 .comment       0x000000000000007b       0x7c Drivers/STM32L4xx_HAL_Driver/Src/stm32l4xx_hal_pwr_ex.o
 .comment       0x000000000000007b       0x7c Drivers/STM32L4xx_HAL_Driver/Src/stm32l4xx_hal_rcc.o
 .comment       0x000000000000007b       0x7c Drivers/STM32L4xx_HAL_Driver/Src/stm32l4xx_hal_rcc_ex.o
 .comment       0x000000000000007b       0x7c Drivers/STM32L4xx_HAL_Driver/Src/stm32l4xx_ll_gpio.o
 .comment       0x000000000000007b       0x7c Drivers/STM32L4xx_HAL_Driver/Src/stm32l4xx_ll_lpuart.o
 .comment       0x000000000000007b       0x7c Drivers/STM32L4xx_HAL_Driver/Src/stm32l4xx_ll_rcc.o

.debug_frame    0x0000000000000000     0x40e4
 .debug_frame   0x0000000000000000      0x418 Core/Src/main.o
 .debug_frame   0x0000000000000418      0x104 Core/Src/ov7670.o
 .debug_frame   0x000000000000051c       0xcc Core/Src/stm32l4xx_hal_msp.o
 .debug_frame   0x00000000000005e8      0x1d4 Core/Src/stm32l4xx_it.o
 .debug_frame   0x00000000000007bc       0x58 Core/Src/system_stm32l4xx.o
 .debug_frame   0x0000000000000814       0x84 Core/Src/uart.o
 .debug_frame   0x0000000000000898      0x498 Drivers/STM32L4xx_HAL_Driver/Src/stm32l4xx_hal.o
 .debug_frame   0x0000000000000d30      0x498 Drivers/STM32L4xx_HAL_Driver/Src/stm32l4xx_hal_cortex.o
 .debug_frame   0x00000000000011c8      0x388 Drivers/STM32L4xx_HAL_Driver/Src/stm32l4xx_hal_dcmi.o
 .debug_frame   0x0000000000001550      0x24c Drivers/STM32L4xx_HAL_Driver/Src/stm32l4xx_hal_dma.o
 .debug_frame   0x000000000000179c      0x14c Drivers/STM32L4xx_HAL_Driver/Src/stm32l4xx_hal_gpio.o
 .debug_frame   0x00000000000018e8      0xbe8 Drivers/STM32L4xx_HAL_Driver/Src/stm32l4xx_hal_i2c.o
 .debug_frame   0x00000000000024d0      0x100 Drivers/STM32L4xx_HAL_Driver/Src/stm32l4xx_hal_i2c_ex.o
 .debug_frame   0x00000000000025d0      0x5c4 Drivers/STM32L4xx_HAL_Driver/Src/stm32l4xx_hal_pwr_ex.o
 .debug_frame   0x0000000000002b94      0x220 Drivers/STM32L4xx_HAL_Driver/Src/stm32l4xx_hal_rcc.o
 .debug_frame   0x0000000000002db4      0x464 Drivers/STM32L4xx_HAL_Driver/Src/stm32l4xx_hal_rcc_ex.o
 .debug_frame   0x0000000000003218      0x1c0 Drivers/STM32L4xx_HAL_Driver/Src/stm32l4xx_ll_gpio.o
 .debug_frame   0x00000000000033d8      0x198 Drivers/STM32L4xx_HAL_Driver/Src/stm32l4xx_ll_lpuart.o
 .debug_frame   0x0000000000003570      0xac8 Drivers/STM32L4xx_HAL_Driver/Src/stm32l4xx_ll_rcc.o
 .debug_frame   0x0000000000004038       0x2c c:/st/stm32cubeide_1.5.1/stm32cubeide/plugins/com.st.stm32cube.ide.mcu.externaltools.gnu-tools-for-stm32.7-2018-q2-update.win32_1.5.0.202011040924/tools/bin/../lib/gcc/arm-none-eabi/7.3.1/../../../../arm-none-eabi/lib/thumb/v7e-m/fpv4-sp/hard\libc_nano.a(lib_a-init.o)
 .debug_frame   0x0000000000004064       0x20 c:/st/stm32cubeide_1.5.1/stm32cubeide/plugins/com.st.stm32cube.ide.mcu.externaltools.gnu-tools-for-stm32.7-2018-q2-update.win32_1.5.0.202011040924/tools/bin/../lib/gcc/arm-none-eabi/7.3.1/../../../../arm-none-eabi/lib/thumb/v7e-m/fpv4-sp/hard\libc_nano.a(lib_a-memset.o)
 .debug_frame   0x0000000000004084       0x2c c:/st/stm32cubeide_1.5.1/stm32cubeide/plugins/com.st.stm32cube.ide.mcu.externaltools.gnu-tools-for-stm32.7-2018-q2-update.win32_1.5.0.202011040924/tools/bin/../lib/gcc/arm-none-eabi/7.3.1/thumb/v7e-m/fpv4-sp/hard\libgcc.a(_aeabi_uldivmod.o)
 .debug_frame   0x00000000000040b0       0x34 c:/st/stm32cubeide_1.5.1/stm32cubeide/plugins/com.st.stm32cube.ide.mcu.externaltools.gnu-tools-for-stm32.7-2018-q2-update.win32_1.5.0.202011040924/tools/bin/../lib/gcc/arm-none-eabi/7.3.1/thumb/v7e-m/fpv4-sp/hard\libgcc.a(_udivmoddi4.o)
