Archive member included to satisfy reference by file (symbol)

c:/st/stm32cubeide_1.5.1/stm32cubeide/plugins/com.st.stm32cube.ide.mcu.externaltools.gnu-tools-for-stm32.7-2018-q2-update.win32_1.5.0.202011040924/tools/bin/../lib/gcc/arm-none-eabi/7.3.1/../../../../arm-none-eabi/lib/thumb/v7e-m/fpv4-sp/hard\libc_nano.a(lib_a-errno.o)
                              Core/Src/syscalls.o (__errno)
c:/st/stm32cubeide_1.5.1/stm32cubeide/plugins/com.st.stm32cube.ide.mcu.externaltools.gnu-tools-for-stm32.7-2018-q2-update.win32_1.5.0.202011040924/tools/bin/../lib/gcc/arm-none-eabi/7.3.1/../../../../arm-none-eabi/lib/thumb/v7e-m/fpv4-sp/hard\libc_nano.a(lib_a-exit.o)
                              c:/st/stm32cubeide_1.5.1/stm32cubeide/plugins/com.st.stm32cube.ide.mcu.externaltools.gnu-tools-for-stm32.7-2018-q2-update.win32_1.5.0.202011040924/tools/bin/../lib/gcc/arm-none-eabi/7.3.1/../../../../arm-none-eabi/lib/thumb/v7e-m/fpv4-sp/hard/crt0.o (exit)
c:/st/stm32cubeide_1.5.1/stm32cubeide/plugins/com.st.stm32cube.ide.mcu.externaltools.gnu-tools-for-stm32.7-2018-q2-update.win32_1.5.0.202011040924/tools/bin/../lib/gcc/arm-none-eabi/7.3.1/../../../../arm-none-eabi/lib/thumb/v7e-m/fpv4-sp/hard\libc_nano.a(lib_a-impure.o)
                              c:/st/stm32cubeide_1.5.1/stm32cubeide/plugins/com.st.stm32cube.ide.mcu.externaltools.gnu-tools-for-stm32.7-2018-q2-update.win32_1.5.0.202011040924/tools/bin/../lib/gcc/arm-none-eabi/7.3.1/../../../../arm-none-eabi/lib/thumb/v7e-m/fpv4-sp/hard\libc_nano.a(lib_a-exit.o) (_global_impure_ptr)
c:/st/stm32cubeide_1.5.1/stm32cubeide/plugins/com.st.stm32cube.ide.mcu.externaltools.gnu-tools-for-stm32.7-2018-q2-update.win32_1.5.0.202011040924/tools/bin/../lib/gcc/arm-none-eabi/7.3.1/../../../../arm-none-eabi/lib/thumb/v7e-m/fpv4-sp/hard\libc_nano.a(lib_a-init.o)
                              c:/st/stm32cubeide_1.5.1/stm32cubeide/plugins/com.st.stm32cube.ide.mcu.externaltools.gnu-tools-for-stm32.7-2018-q2-update.win32_1.5.0.202011040924/tools/bin/../lib/gcc/arm-none-eabi/7.3.1/../../../../arm-none-eabi/lib/thumb/v7e-m/fpv4-sp/hard/crt0.o (__libc_init_array)
c:/st/stm32cubeide_1.5.1/stm32cubeide/plugins/com.st.stm32cube.ide.mcu.externaltools.gnu-tools-for-stm32.7-2018-q2-update.win32_1.5.0.202011040924/tools/bin/../lib/gcc/arm-none-eabi/7.3.1/../../../../arm-none-eabi/lib/thumb/v7e-m/fpv4-sp/hard\libc_nano.a(lib_a-memset.o)
                              c:/st/stm32cubeide_1.5.1/stm32cubeide/plugins/com.st.stm32cube.ide.mcu.externaltools.gnu-tools-for-stm32.7-2018-q2-update.win32_1.5.0.202011040924/tools/bin/../lib/gcc/arm-none-eabi/7.3.1/../../../../arm-none-eabi/lib/thumb/v7e-m/fpv4-sp/hard/crt0.o (memset)
c:/st/stm32cubeide_1.5.1/stm32cubeide/plugins/com.st.stm32cube.ide.mcu.externaltools.gnu-tools-for-stm32.7-2018-q2-update.win32_1.5.0.202011040924/tools/bin/../lib/gcc/arm-none-eabi/7.3.1/thumb/v7e-m/fpv4-sp/hard\libgcc.a(_aeabi_uldivmod.o)
                              Drivers/STM32L4xx_HAL_Driver/Src/stm32l4xx_ll_lpuart.o (__aeabi_uldivmod)
c:/st/stm32cubeide_1.5.1/stm32cubeide/plugins/com.st.stm32cube.ide.mcu.externaltools.gnu-tools-for-stm32.7-2018-q2-update.win32_1.5.0.202011040924/tools/bin/../lib/gcc/arm-none-eabi/7.3.1/thumb/v7e-m/fpv4-sp/hard\libgcc.a(_udivmoddi4.o)
                              c:/st/stm32cubeide_1.5.1/stm32cubeide/plugins/com.st.stm32cube.ide.mcu.externaltools.gnu-tools-for-stm32.7-2018-q2-update.win32_1.5.0.202011040924/tools/bin/../lib/gcc/arm-none-eabi/7.3.1/thumb/v7e-m/fpv4-sp/hard\libgcc.a(_aeabi_uldivmod.o) (__udivmoddi4)
c:/st/stm32cubeide_1.5.1/stm32cubeide/plugins/com.st.stm32cube.ide.mcu.externaltools.gnu-tools-for-stm32.7-2018-q2-update.win32_1.5.0.202011040924/tools/bin/../lib/gcc/arm-none-eabi/7.3.1/thumb/v7e-m/fpv4-sp/hard\libgcc.a(_dvmd_tls.o)
                              c:/st/stm32cubeide_1.5.1/stm32cubeide/plugins/com.st.stm32cube.ide.mcu.externaltools.gnu-tools-for-stm32.7-2018-q2-update.win32_1.5.0.202011040924/tools/bin/../lib/gcc/arm-none-eabi/7.3.1/thumb/v7e-m/fpv4-sp/hard\libgcc.a(_aeabi_uldivmod.o) (__aeabi_ldiv0)

Allocating common symbols
Common symbol       size              file

hi2c2               0x4c              Core/Src/main.o
hdma_dcmi           0x60              Core/Src/main.o
uwTick              0x4               Drivers/STM32L4xx_HAL_Driver/Src/stm32l4xx_hal.o
hdcmi               0x64              Core/Src/main.o

Discarded input sections

 .text          0x0000000000000000        0x0 c:/st/stm32cubeide_1.5.1/stm32cubeide/plugins/com.st.stm32cube.ide.mcu.externaltools.gnu-tools-for-stm32.7-2018-q2-update.win32_1.5.0.202011040924/tools/bin/../lib/gcc/arm-none-eabi/7.3.1/thumb/v7e-m/fpv4-sp/hard/crti.o
 .data          0x0000000000000000        0x0 c:/st/stm32cubeide_1.5.1/stm32cubeide/plugins/com.st.stm32cube.ide.mcu.externaltools.gnu-tools-for-stm32.7-2018-q2-update.win32_1.5.0.202011040924/tools/bin/../lib/gcc/arm-none-eabi/7.3.1/thumb/v7e-m/fpv4-sp/hard/crti.o
[...]
Memory Configuration

Name             Origin             Length             Attributes
RAM              0x0000000020000000 0x00000000000a0000 xrw
FLASH            0x0000000008000000 0x0000000000200000 xr
*default*        0x0000000000000000 0xffffffffffffffff

Linker script and memory map

LOAD c:/st/stm32cubeide_1.5.1/stm32cubeide/plugins/com.st.stm32cube.ide.mcu.externaltools.gnu-tools-for-stm32.7-2018-q2-update.win32_1.5.0.202011040924/tools/bin/../lib/gcc/arm-none-eabi/7.3.1/thumb/v7e-m/fpv4-sp/hard/crti.o
LOAD c:/st/stm32cubeide_1.5.1/stm32cubeide/plugins/com.st.stm32cube.ide.mcu.externaltools.gnu-tools-for-stm32.7-2018-q2-update.win32_1.5.0.202011040924/tools/bin/../lib/gcc/arm-none-eabi/7.3.1/thumb/v7e-m/fpv4-sp/hard/crtbegin.o
LOAD c:/st/stm32cubeide_1.5.1/stm32cubeide/plugins/com.st.stm32cube.ide.mcu.externaltools.gnu-tools-for-stm32.7-2018-q2-update.win32_1.5.0.202011040924/tools/bin/../lib/gcc/arm-none-eabi/7.3.1/../../../../arm-none-eabi/lib/thumb/v7e-m/fpv4-sp/hard/crt0.o
LOAD Core/Src/main.o
LOAD Core/Src/ov7670.o
LOAD Core/Src/stm32l4xx_hal_msp.o
LOAD Core/Src/stm32l4xx_it.o
LOAD Core/Src/syscalls.o
LOAD Core/Src/sysmem.o
LOAD Core/Src/system_stm32l4xx.o
LOAD Core/Src/uart.o
LOAD Core/Startup/startup_stm32l4r5zitx.o
LOAD Drivers/STM32L4xx_HAL_Driver/Src/stm32l4xx_hal.o
LOAD Drivers/STM32L4xx_HAL_Driver/Src/stm32l4xx_hal_cortex.o
LOAD Drivers/STM32L4xx_HAL_Driver/Src/stm32l4xx_hal_dcmi.o
LOAD Drivers/STM32L4xx_HAL_Driver/Src/stm32l4xx_hal_dma.o
LOAD Drivers/STM32L4xx_HAL_Driver/Src/stm32l4xx_hal_dma_ex.o
LOAD Drivers/STM32L4xx_HAL_Driver/Src/stm32l4xx_hal_exti.o
LOAD Drivers/STM32L4xx_HAL_Driver/Src/stm32l4xx_hal_flash.o
LOAD Drivers/STM32L4xx_HAL_Driver/Src/stm32l4xx_hal_flash_ex.o
LOAD Drivers/STM32L4xx_HAL_Driver/Src/stm32l4xx_hal_flash_ramfunc.o
LOAD Drivers/STM32L4xx_HAL_Driver/Src/stm32l4xx_hal_gpio.o
LOAD Drivers/STM32L4xx_HAL_Driver/Src/stm32l4xx_hal_i2c.o
LOAD Drivers/STM32L4xx_HAL_Driver/Src/stm32l4xx_hal_i2c_ex.o
LOAD Drivers/STM32L4xx_HAL_Driver/Src/stm32l4xx_hal_pwr.o
LOAD Drivers/STM32L4xx_HAL_Driver/Src/stm32l4xx_hal_pwr_ex.o
LOAD Drivers/STM32L4xx_HAL_Driver/Src/stm32l4xx_hal_rcc.o
LOAD Drivers/STM32L4xx_HAL_Driver/Src/stm32l4xx_hal_rcc_ex.o
LOAD Drivers/STM32L4xx_HAL_Driver/Src/stm32l4xx_hal_tim.o
LOAD Drivers/STM32L4xx_HAL_Driver/Src/stm32l4xx_hal_tim_ex.o
LOAD Drivers/STM32L4xx_HAL_Driver/Src/stm32l4xx_ll_dma.o
LOAD Drivers/STM32L4xx_HAL_Driver/Src/stm32l4xx_ll_exti.o
LOAD Drivers/STM32L4xx_HAL_Driver/Src/stm32l4xx_ll_gpio.o
LOAD Drivers/STM32L4xx_HAL_Driver/Src/stm32l4xx_ll_lpuart.o
LOAD Drivers/STM32L4xx_HAL_Driver/Src/stm32l4xx_ll_rcc.o
LOAD Drivers/STM32L4xx_HAL_Driver/Src/stm32l4xx_ll_utils.o
START GROUP
LOAD c:/st/stm32cubeide_1.5.1/stm32cubeide/plugins/com.st.stm32cube.ide.mcu.externaltools.gnu-tools-for-stm32.7-2018-q2-update.win32_1.5.0.202011040924/tools/bin/../lib/gcc/arm-none-eabi/7.3.1/../../../../arm-none-eabi/lib/thumb/v7e-m/fpv4-sp/hard\libc_nano.a
LOAD c:/st/stm32cubeide_1.5.1/stm32cubeide/plugins/com.st.stm32cube.ide.mcu.externaltools.gnu-tools-for-stm32.7-2018-q2-update.win32_1.5.0.202011040924/tools/bin/../lib/gcc/arm-none-eabi/7.3.1/../../../../arm-none-eabi/lib/thumb/v7e-m/fpv4-sp/hard\libm.a
END GROUP
START GROUP
LOAD c:/st/stm32cubeide_1.5.1/stm32cubeide/plugins/com.st.stm32cube.ide.mcu.externaltools.gnu-tools-for-stm32.7-2018-q2-update.win32_1.5.0.202011040924/tools/bin/../lib/gcc/arm-none-eabi/7.3.1/thumb/v7e-m/fpv4-sp/hard\libgcc.a
LOAD c:/st/stm32cubeide_1.5.1/stm32cubeide/plugins/com.st.stm32cube.ide.mcu.externaltools.gnu-tools-for-stm32.7-2018-q2-update.win32_1.5.0.202011040924/tools/bin/../lib/gcc/arm-none-eabi/7.3.1/../../../../arm-none-eabi/lib/thumb/v7e-m/fpv4-sp/hard\libc_nano.a
END GROUP
START GROUP
LOAD c:/st/stm32cubeide_1.5.1/stm32cubeide/plugins/com.st.stm32cube.ide.mcu.externaltools.gnu-tools-for-stm32.7-2018-q2-update.win32_1.5.0.202011040924/tools/bin/../lib/gcc/arm-none-eabi/7.3.1/thumb/v7e-m/fpv4-sp/hard\libgcc.a
LOAD c:/st/stm32cubeide_1.5.1/stm32cubeide/plugins/com.st.stm32cube.ide.mcu.externaltools.gnu-tools-for-stm32.7-2018-q2-update.win32_1.5.0.202011040924/tools/bin/../lib/gcc/arm-none-eabi/7.3.1/../../../../arm-none-eabi/lib/thumb/v7e-m/fpv4-sp/hard\libc_nano.a
LOAD c:/st/stm32cubeide_1.5.1/stm32cubeide/plugins/com.st.stm32cube.ide.mcu.externaltools.gnu-tools-for-stm32.7-2018-q2-update.win32_1.5.0.202011040924/tools/bin/../lib/gcc/arm-none-eabi/7.3.1/../../../../arm-none-eabi/lib/thumb/v7e-m/fpv4-sp/hard\libnosys.a
END GROUP
START GROUP
LOAD c:/st/stm32cubeide_1.5.1/stm32cubeide/plugins/com.st.stm32cube.ide.mcu.externaltools.gnu-tools-for-stm32.7-2018-q2-update.win32_1.5.0.202011040924/tools/bin/../lib/gcc/arm-none-eabi/7.3.1/thumb/v7e-m/fpv4-sp/hard\libgcc.a
LOAD c:/st/stm32cubeide_1.5.1/stm32cubeide/plugins/com.st.stm32cube.ide.mcu.externaltools.gnu-tools-for-stm32.7-2018-q2-update.win32_1.5.0.202011040924/tools/bin/../lib/gcc/arm-none-eabi/7.3.1/../../../../arm-none-eabi/lib/thumb/v7e-m/fpv4-sp/hard\libc_nano.a
LOAD c:/st/stm32cubeide_1.5.1/stm32cubeide/plugins/com.st.stm32cube.ide.mcu.externaltools.gnu-tools-for-stm32.7-2018-q2-update.win32_1.5.0.202011040924/tools/bin/../lib/gcc/arm-none-eabi/7.3.1/../../../../arm-none-eabi/lib/thumb/v7e-m/fpv4-sp/hard\libnosys.a
END GROUP
LOAD c:/st/stm32cubeide_1.5.1/stm32cubeide/plugins/com.st.stm32cube.ide.mcu.externaltools.gnu-tools-for-stm32.7-2018-q2-update.win32_1.5.0.202011040924/tools/bin/../lib/gcc/arm-none-eabi/7.3.1/thumb/v7e-m/fpv4-sp/hard/crtend.o
LOAD c:/st/stm32cubeide_1.5.1/stm32cubeide/plugins/com.st.stm32cube.ide.mcu.externaltools.gnu-tools-for-stm32.7-2018-q2-update.win32_1.5.0.202011040924/tools/bin/../lib/gcc/arm-none-eabi/7.3.1/thumb/v7e-m/fpv4-sp/hard/crtn.o
                0x00000000200a0000                _estack = (ORIGIN (RAM) + LENGTH (RAM))
                0x0000000000000200                _Min_Heap_Size = 0x200
                0x0000000000000400                _Min_Stack_Size = 0x400

.isr_vector     0x0000000008000000      0x1bc
                0x0000000008000000                . = ALIGN (0x4)
 *(.isr_vector)
 .isr_vector    0x0000000008000000      0x1bc Core/Startup/startup_stm32l4r5zitx.o
                0x0000000008000000                g_pfnVectors
                0x00000000080001bc                . = ALIGN (0x4)

.text           0x00000000080001bc     0x63b4
                0x00000000080001bc                . = ALIGN (0x4)
 *(.text)
 .text          0x00000000080001bc       0x40 c:/st/stm32cubeide_1.5.1/stm32cubeide/plugins/com.st.stm32cube.ide.mcu.externaltools.gnu-tools-for-stm32.7-2018-q2-update.win32_1.5.0.202011040924/tools/bin/../lib/gcc/arm-none-eabi/7.3.1/thumb/v7e-m/fpv4-sp/hard/crtbegin.o
 .text          0x00000000080001fc       0x30 c:/st/stm32cubeide_1.5.1/stm32cubeide/plugins/com.st.stm32cube.ide.mcu.externaltools.gnu-tools-for-stm32.7-2018-q2-update.win32_1.5.0.202011040924/tools/bin/../lib/gcc/arm-none-eabi/7.3.1/thumb/v7e-m/fpv4-sp/hard\libgcc.a(_aeabi_uldivmod.o)
                0x00000000080001fc                __aeabi_uldivmod
 .text          0x000000000800022c      0x2cc c:/st/stm32cubeide_1.5.1/stm32cubeide/plugins/com.st.stm32cube.ide.mcu.externaltools.gnu-tools-for-stm32.7-2018-q2-update.win32_1.5.0.202011040924/tools/bin/../lib/gcc/arm-none-eabi/7.3.1/thumb/v7e-m/fpv4-sp/hard\libgcc.a(_udivmoddi4.o)
                0x000000000800022c                __udivmoddi4
 .text          0x00000000080004f8        0x4 c:/st/stm32cubeide_1.5.1/stm32cubeide/plugins/com.st.stm32cube.ide.mcu.externaltools.gnu-tools-for-stm32.7-2018-q2-update.win32_1.5.0.202011040924/tools/bin/../lib/gcc/arm-none-eabi/7.3.1/thumb/v7e-m/fpv4-sp/hard\libgcc.a(_dvmd_tls.o)
                0x00000000080004f8                __aeabi_idiv0
                0x00000000080004f8                __aeabi_ldiv0
 *(.text*)
 .text.__NVIC_GetPriorityGrouping
                0x00000000080004fc       0x1c Core/Src/main.o
 .text.__NVIC_EnableIRQ
                0x0000000008000518       0x3c Core/Src/main.o
 .text.__NVIC_SetPriority
                0x0000000008000554       0x54 Core/Src/main.o
 .text.NVIC_EncodePriority
                0x00000000080005a8       0x66 Core/Src/main.o
 .text.LL_LPUART_Enable
                0x000000000800060e       0x20 Core/Src/main.o
 .text.LL_LPUART_DisableFIFO
                0x000000000800062e       0x20 Core/Src/main.o
 .text.LL_LPUART_SetTXFIFOThreshold
                0x000000000800064e       0x28 Core/Src/main.o
 .text.LL_LPUART_SetRXFIFOThreshold
                0x0000000008000676       0x28 Core/Src/main.o
 *fill*         0x000000000800069e        0x2 
 .text.LL_AHB2_GRP1_EnableClock
                0x00000000080006a0       0x30 Core/Src/main.o
 .text.LL_APB1_GRP2_EnableClock
                0x00000000080006d0       0x30 Core/Src/main.o
 .text.LL_DMA_SetDataTransferDirection
                0x0000000008000700       0x50 Core/Src/main.o
 .text.LL_DMA_SetMode
                0x0000000008000750       0x4c Core/Src/main.o
 .text.LL_DMA_SetPeriphIncMode
                0x000000000800079c       0x4c Core/Src/main.o
 .text.LL_DMA_SetMemoryIncMode
                0x00000000080007e8       0x4c Core/Src/main.o
 .text.LL_DMA_SetPeriphSize
                0x0000000008000834       0x4c Core/Src/main.o
 .text.LL_DMA_SetMemorySize
                0x0000000008000880       0x4c Core/Src/main.o
 .text.LL_DMA_SetChannelPriorityLevel
                0x00000000080008cc       0x4c Core/Src/main.o
 .text.LL_DMA_SetPeriphRequest
                0x0000000008000918       0x58 Core/Src/main.o
 .text.main     0x0000000008000970       0x5c Core/Src/main.o
                0x0000000008000970                main
 .text.SystemClock_Config
                0x00000000080009cc      0x100 Core/Src/main.o
                0x00000000080009cc                SystemClock_Config
 .text.MX_DCMI_Init
                0x0000000008000acc       0x68 Core/Src/main.o
 .text.MX_I2C2_Init
                0x0000000008000b34       0x80 Core/Src/main.o
 .text.MX_LPUART1_UART_Init
                0x0000000008000bb4      0x12c Core/Src/main.o
 .text.MX_DMA_Init
                0x0000000008000ce0       0x74 Core/Src/main.o
 .text.MX_GPIO_Init
                0x0000000008000d54      0x190 Core/Src/main.o
 .text.HAL_DCMI_FrameEventCallback
                0x0000000008000ee4       0x20 Core/Src/main.o
                0x0000000008000ee4                HAL_DCMI_FrameEventCallback
 .text.Error_Handler
                0x0000000008000f04        0x8 Core/Src/main.o
                0x0000000008000f04                Error_Handler
 .text.ov7670_read
                0x0000000008000f0c       0x48 Core/Src/ov7670.o
                0x0000000008000f0c                ov7670_read
 .text.ov7670_write
                0x0000000008000f54       0x38 Core/Src/ov7670.o
                0x0000000008000f54                ov7670_write
 .text.ov7670_read_return
                0x0000000008000f8c       0x40 Core/Src/ov7670.o
                0x0000000008000f8c                ov7670_read_return
 .text.ov7670_init
                0x0000000008000fcc       0x60 Core/Src/ov7670.o
                0x0000000008000fcc                ov7670_init
 .text.ov7670_reg_check
                0x000000000800102c       0xa8 Core/Src/ov7670.o
                0x000000000800102c                ov7670_reg_check
 .text.HAL_MspInit
                0x00000000080010d4       0x48 Core/Src/stm32l4xx_hal_msp.o
                0x00000000080010d4                HAL_MspInit
 .text.HAL_DCMI_MspInit
                0x000000000800111c      0x250 Core/Src/stm32l4xx_hal_msp.o
                0x000000000800111c                HAL_DCMI_MspInit
 .text.HAL_I2C_MspInit
                0x000000000800136c       0xa8 Core/Src/stm32l4xx_hal_msp.o
                0x000000000800136c                HAL_I2C_MspInit
 .text.NMI_Handler
                0x0000000008001414        0x6 Core/Src/stm32l4xx_it.o
                0x0000000008001414                NMI_Handler
 .text.HardFault_Handler
                0x000000000800141a        0x6 Core/Src/stm32l4xx_it.o
                0x000000000800141a                HardFault_Handler
 .text.MemManage_Handler
                0x0000000008001420        0x6 Core/Src/stm32l4xx_it.o
                0x0000000008001420                MemManage_Handler
 .text.BusFault_Handler
                0x0000000008001426        0x6 Core/Src/stm32l4xx_it.o
                0x0000000008001426                BusFault_Handler
 .text.UsageFault_Handler
                0x000000000800142c        0x6 Core/Src/stm32l4xx_it.o
                0x000000000800142c                UsageFault_Handler
 .text.SVC_Handler
                0x0000000008001432        0xe Core/Src/stm32l4xx_it.o
                0x0000000008001432                SVC_Handler
 .text.DebugMon_Handler
                0x0000000008001440        0xe Core/Src/stm32l4xx_it.o
                0x0000000008001440                DebugMon_Handler
 .text.PendSV_Handler
                0x000000000800144e        0xe Core/Src/stm32l4xx_it.o
                0x000000000800144e                PendSV_Handler
 .text.SysTick_Handler
                0x000000000800145c        0xc Core/Src/stm32l4xx_it.o
                0x000000000800145c                SysTick_Handler
 .text.DMA1_Channel1_IRQHandler
                0x0000000008001468        0xe Core/Src/stm32l4xx_it.o
                0x0000000008001468                DMA1_Channel1_IRQHandler
 *fill*         0x0000000008001476        0x2 
 .text.DMA1_Channel2_IRQHandler
                0x0000000008001478       0x14 Core/Src/stm32l4xx_it.o
                0x0000000008001478                DMA1_Channel2_IRQHandler
 .text.I2C2_EV_IRQHandler
                0x000000000800148c       0x14 Core/Src/stm32l4xx_it.o
                0x000000000800148c                I2C2_EV_IRQHandler
 .text.I2C2_ER_IRQHandler
                0x00000000080014a0       0x14 Core/Src/stm32l4xx_it.o
                0x00000000080014a0                I2C2_ER_IRQHandler
 .text.LPUART1_IRQHandler
                0x00000000080014b4        0xe Core/Src/stm32l4xx_it.o
                0x00000000080014b4                LPUART1_IRQHandler
 *fill*         0x00000000080014c2        0x2 
 .text.DCMI_IRQHandler
                0x00000000080014c4       0x14 Core/Src/stm32l4xx_it.o
                0x00000000080014c4                DCMI_IRQHandler
 .text.SystemInit
                0x00000000080014d8       0x6c Core/Src/system_stm32l4xx.o
                0x00000000080014d8                SystemInit
 .text.LL_LPUART_IsActiveFlag_TXE_TXFNF
                0x0000000008001544       0x26 Core/Src/uart.o
 .text.LL_LPUART_TransmitData8
                0x000000000800156a       0x20 Core/Src/uart.o
 *fill*         0x000000000800158a        0x2 
 .text.Serial_com
                0x000000000800158c       0x48 Core/Src/uart.o
                0x000000000800158c                Serial_com
 .text.Reset_Handler
                0x00000000080015d4       0x50 Core/Startup/startup_stm32l4r5zitx.o
                0x00000000080015d4                Reset_Handler
 .text.Default_Handler
                0x0000000008001624        0x2 Core/Startup/startup_stm32l4r5zitx.o
                0x0000000008001624                RTC_Alarm_IRQHandler
                0x0000000008001624                EXTI2_IRQHandler
                0x0000000008001624                TIM8_TRG_COM_IRQHandler
                0x0000000008001624                TIM8_CC_IRQHandler
                0x0000000008001624                TIM1_CC_IRQHandler
                0x0000000008001624                TSC_IRQHandler
                0x0000000008001624                TAMP_STAMP_IRQHandler
                0x0000000008001624                EXTI3_IRQHandler
                0x0000000008001624                LPTIM2_IRQHandler
                0x0000000008001624                DFSDM1_FLT1_IRQHandler
                0x0000000008001624                GFXMMU_IRQHandler
                0x0000000008001624                I2C3_ER_IRQHandler
                0x0000000008001624                DFSDM1_FLT2_IRQHandler
                0x0000000008001624                EXTI0_IRQHandler
                0x0000000008001624                CAN1_RX0_IRQHandler
                0x0000000008001624                FPU_IRQHandler
                0x0000000008001624                TIM1_UP_TIM16_IRQHandler
                0x0000000008001624                LTDC_ER_IRQHandler
                0x0000000008001624                SPI1_IRQHandler
                0x0000000008001624                OCTOSPI1_IRQHandler
                0x0000000008001624                TIM6_DAC_IRQHandler
                0x0000000008001624                TIM8_UP_IRQHandler
                0x0000000008001624                OCTOSPI2_IRQHandler
                0x0000000008001624                DMA2_Channel2_IRQHandler
                0x0000000008001624                DMA1_Channel4_IRQHandler
                0x0000000008001624                SAI2_IRQHandler
                0x0000000008001624                ADC1_IRQHandler
                0x0000000008001624                DFSDM1_FLT3_IRQHandler
                0x0000000008001624                USART3_IRQHandler
                0x0000000008001624                DMA1_Channel7_IRQHandler
                0x0000000008001624                CAN1_RX1_IRQHandler
                0x0000000008001624                UART5_IRQHandler
                0x0000000008001624                TIM4_IRQHandler
                0x0000000008001624                DMA2_Channel1_IRQHandler
                0x0000000008001624                I2C1_EV_IRQHandler
                0x0000000008001624                DMAMUX1_OVR_IRQHandler
                0x0000000008001624                DMA1_Channel6_IRQHandler
                0x0000000008001624                UART4_IRQHandler
                0x0000000008001624                DMA2_Channel4_IRQHandler
                0x0000000008001624                TIM3_IRQHandler
                0x0000000008001624                RCC_IRQHandler
                0x0000000008001624                Default_Handler
                0x0000000008001624                DMA2_Channel7_IRQHandler
                0x0000000008001624                EXTI15_10_IRQHandler
                0x0000000008001624                TIM7_IRQHandler
                0x0000000008001624                SDMMC1_IRQHandler
                0x0000000008001624                TIM5_IRQHandler
                0x0000000008001624                I2C3_EV_IRQHandler
                0x0000000008001624                EXTI9_5_IRQHandler
                0x0000000008001624                RTC_WKUP_IRQHandler
                0x0000000008001624                LTDC_IRQHandler
                0x0000000008001624                PVD_PVM_IRQHandler
                0x0000000008001624                SPI2_IRQHandler
                0x0000000008001624                CAN1_TX_IRQHandler
                0x0000000008001624                DMA2_Channel5_IRQHandler
                0x0000000008001624                CRS_IRQHandler
                0x0000000008001624                DMA1_Channel5_IRQHandler
                0x0000000008001624                EXTI4_IRQHandler
                0x0000000008001624                RNG_IRQHandler
                0x0000000008001624                TIM1_TRG_COM_TIM17_IRQHandler
                0x0000000008001624                DMA1_Channel3_IRQHandler
                0x0000000008001624                COMP_IRQHandler
                0x0000000008001624                WWDG_IRQHandler
                0x0000000008001624                I2C4_EV_IRQHandler
                0x0000000008001624                DMA2_Channel6_IRQHandler
                0x0000000008001624                TIM2_IRQHandler
                0x0000000008001624                DMA2D_IRQHandler
                0x0000000008001624                EXTI1_IRQHandler
                0x0000000008001624                USART2_IRQHandler
                0x0000000008001624                DFSDM1_FLT0_IRQHandler
                0x0000000008001624                TIM8_BRK_IRQHandler
                0x0000000008001624                CAN1_SCE_IRQHandler
                0x0000000008001624                FLASH_IRQHandler
                0x0000000008001624                USART1_IRQHandler
                0x0000000008001624                OTG_FS_IRQHandler
                0x0000000008001624                SPI3_IRQHandler
                0x0000000008001624                I2C1_ER_IRQHandler
                0x0000000008001624                FMC_IRQHandler
                0x0000000008001624                LPTIM1_IRQHandler
                0x0000000008001624                I2C4_ER_IRQHandler
                0x0000000008001624                SAI1_IRQHandler
                0x0000000008001624                DMA2_Channel3_IRQHandler
                0x0000000008001624                TIM1_BRK_TIM15_IRQHandler
 .text.HAL_Init
                0x0000000008001626       0x30 Drivers/STM32L4xx_HAL_Driver/Src/stm32l4xx_hal.o
                0x0000000008001626                HAL_Init
 *fill*         0x0000000008001656        0x2 
 .text.HAL_InitTick
                0x0000000008001658       0x78 Drivers/STM32L4xx_HAL_Driver/Src/stm32l4xx_hal.o
                0x0000000008001658                HAL_InitTick
 .text.HAL_IncTick
                0x00000000080016d0       0x28 Drivers/STM32L4xx_HAL_Driver/Src/stm32l4xx_hal.o
                0x00000000080016d0                HAL_IncTick
 .text.HAL_GetTick
                0x00000000080016f8       0x18 Drivers/STM32L4xx_HAL_Driver/Src/stm32l4xx_hal.o
                0x00000000080016f8                HAL_GetTick
 .text.HAL_Delay
                0x0000000008001710       0x44 Drivers/STM32L4xx_HAL_Driver/Src/stm32l4xx_hal.o
                0x0000000008001710                HAL_Delay
 .text.__NVIC_SetPriorityGrouping
                0x0000000008001754       0x48 Drivers/STM32L4xx_HAL_Driver/Src/stm32l4xx_hal_cortex.o
 .text.__NVIC_GetPriorityGrouping
                0x000000000800179c       0x1c Drivers/STM32L4xx_HAL_Driver/Src/stm32l4xx_hal_cortex.o
 .text.__NVIC_EnableIRQ
                0x00000000080017b8       0x3c Drivers/STM32L4xx_HAL_Driver/Src/stm32l4xx_hal_cortex.o
 .text.__NVIC_SetPriority
                0x00000000080017f4       0x54 Drivers/STM32L4xx_HAL_Driver/Src/stm32l4xx_hal_cortex.o
 .text.NVIC_EncodePriority
                0x0000000008001848       0x66 Drivers/STM32L4xx_HAL_Driver/Src/stm32l4xx_hal_cortex.o
 *fill*         0x00000000080018ae        0x2 
 .text.SysTick_Config
                0x00000000080018b0       0x44 Drivers/STM32L4xx_HAL_Driver/Src/stm32l4xx_hal_cortex.o
 .text.HAL_NVIC_SetPriorityGrouping
                0x00000000080018f4       0x16 Drivers/STM32L4xx_HAL_Driver/Src/stm32l4xx_hal_cortex.o
                0x00000000080018f4                HAL_NVIC_SetPriorityGrouping
 .text.HAL_NVIC_SetPriority
                0x000000000800190a       0x38 Drivers/STM32L4xx_HAL_Driver/Src/stm32l4xx_hal_cortex.o
                0x000000000800190a                HAL_NVIC_SetPriority
 .text.HAL_NVIC_EnableIRQ
                0x0000000008001942       0x1c Drivers/STM32L4xx_HAL_Driver/Src/stm32l4xx_hal_cortex.o
                0x0000000008001942                HAL_NVIC_EnableIRQ
 .text.HAL_SYSTICK_Config
                0x000000000800195e       0x18 Drivers/STM32L4xx_HAL_Driver/Src/stm32l4xx_hal_cortex.o
                0x000000000800195e                HAL_SYSTICK_Config
 *fill*         0x0000000008001976        0x2 
 .text.HAL_DCMI_Init
                0x0000000008001978      0x10c Drivers/STM32L4xx_HAL_Driver/Src/stm32l4xx_hal_dcmi.o
                0x0000000008001978                HAL_DCMI_Init
 .text.HAL_DCMI_Start_DMA
                0x0000000008001a84      0x1ac Drivers/STM32L4xx_HAL_Driver/Src/stm32l4xx_hal_dcmi.o
                0x0000000008001a84                HAL_DCMI_Start_DMA
 .text.HAL_DCMI_IRQHandler
                0x0000000008001c30       0xf8 Drivers/STM32L4xx_HAL_Driver/Src/stm32l4xx_hal_dcmi.o
                0x0000000008001c30                HAL_DCMI_IRQHandler
 .text.HAL_DCMI_ErrorCallback
                0x0000000008001d28       0x14 Drivers/STM32L4xx_HAL_Driver/Src/stm32l4xx_hal_dcmi.o
                0x0000000008001d28                HAL_DCMI_ErrorCallback
 .text.HAL_DCMI_LineEventCallback
                0x0000000008001d3c       0x14 Drivers/STM32L4xx_HAL_Driver/Src/stm32l4xx_hal_dcmi.o
                0x0000000008001d3c                HAL_DCMI_LineEventCallback
 .text.HAL_DCMI_VsyncEventCallback
                0x0000000008001d50       0x14 Drivers/STM32L4xx_HAL_Driver/Src/stm32l4xx_hal_dcmi.o
                0x0000000008001d50                HAL_DCMI_VsyncEventCallback
 .text.DCMI_DMAXferCplt
                0x0000000008001d64      0x130 Drivers/STM32L4xx_HAL_Driver/Src/stm32l4xx_hal_dcmi.o
 .text.DCMI_DMAHalfXferCplt
                0x0000000008001e94       0x98 Drivers/STM32L4xx_HAL_Driver/Src/stm32l4xx_hal_dcmi.o
 .text.DCMI_DMAError
                0x0000000008001f2c       0x30 Drivers/STM32L4xx_HAL_Driver/Src/stm32l4xx_hal_dcmi.o
 .text.DCMI_TransferSize
                0x0000000008001f5c      0x188 Drivers/STM32L4xx_HAL_Driver/Src/stm32l4xx_hal_dcmi.o
 .text.HAL_DMA_Init
                0x00000000080020e4      0x150 Drivers/STM32L4xx_HAL_Driver/Src/stm32l4xx_hal_dma.o
                0x00000000080020e4                HAL_DMA_Init
 .text.HAL_DMA_Start_IT
                0x0000000008002234       0xf6 Drivers/STM32L4xx_HAL_Driver/Src/stm32l4xx_hal_dma.o
                0x0000000008002234                HAL_DMA_Start_IT
 .text.HAL_DMA_Abort_IT
                0x000000000800232a       0xbe Drivers/STM32L4xx_HAL_Driver/Src/stm32l4xx_hal_dma.o
                0x000000000800232a                HAL_DMA_Abort_IT
 .text.HAL_DMA_IRQHandler
                0x00000000080023e8      0x15e Drivers/STM32L4xx_HAL_Driver/Src/stm32l4xx_hal_dma.o
                0x00000000080023e8                HAL_DMA_IRQHandler
 .text.HAL_DMA_GetState
                0x0000000008002546       0x1c Drivers/STM32L4xx_HAL_Driver/Src/stm32l4xx_hal_dma.o
                0x0000000008002546                HAL_DMA_GetState
 .text.DMA_SetConfig
                0x0000000008002562       0x7c Drivers/STM32L4xx_HAL_Driver/Src/stm32l4xx_hal_dma.o
 *fill*         0x00000000080025de        0x2 
 .text.DMA_CalcDMAMUXChannelBaseAndMask
                0x00000000080025e0       0x7c Drivers/STM32L4xx_HAL_Driver/Src/stm32l4xx_hal_dma.o
 .text.DMA_CalcDMAMUXRequestGenBaseAndMask
                0x000000000800265c       0x48 Drivers/STM32L4xx_HAL_Driver/Src/stm32l4xx_hal_dma.o
 .text.HAL_GPIO_Init
                0x00000000080026a4      0x324 Drivers/STM32L4xx_HAL_Driver/Src/stm32l4xx_hal_gpio.o
                0x00000000080026a4                HAL_GPIO_Init
 .text.HAL_GPIO_WritePin
                0x00000000080029c8       0x30 Drivers/STM32L4xx_HAL_Driver/Src/stm32l4xx_hal_gpio.o
                0x00000000080029c8                HAL_GPIO_WritePin
 .text.HAL_GPIO_TogglePin
                0x00000000080029f8       0x34 Drivers/STM32L4xx_HAL_Driver/Src/stm32l4xx_hal_gpio.o
                0x00000000080029f8                HAL_GPIO_TogglePin
 .text.HAL_I2C_Init
                0x0000000008002a2c      0x11e Drivers/STM32L4xx_HAL_Driver/Src/stm32l4xx_hal_i2c.o
                0x0000000008002a2c                HAL_I2C_Init
 *fill*         0x0000000008002b4a        0x2 
 .text.HAL_I2C_Master_Transmit
                0x0000000008002b4c      0x1e8 Drivers/STM32L4xx_HAL_Driver/Src/stm32l4xx_hal_i2c.o
                0x0000000008002b4c                HAL_I2C_Master_Transmit
 .text.HAL_I2C_Master_Receive
                0x0000000008002d34      0x1ec Drivers/STM32L4xx_HAL_Driver/Src/stm32l4xx_hal_i2c.o
                0x0000000008002d34                HAL_I2C_Master_Receive
 .text.HAL_I2C_Mem_Write
                0x0000000008002f20      0x228 Drivers/STM32L4xx_HAL_Driver/Src/stm32l4xx_hal_i2c.o
                0x0000000008002f20                HAL_I2C_Mem_Write
 .text.HAL_I2C_EV_IRQHandler
                0x0000000008003148       0x34 Drivers/STM32L4xx_HAL_Driver/Src/stm32l4xx_hal_i2c.o
                0x0000000008003148                HAL_I2C_EV_IRQHandler
 .text.HAL_I2C_ER_IRQHandler
                0x000000000800317c       0xc2 Drivers/STM32L4xx_HAL_Driver/Src/stm32l4xx_hal_i2c.o
                0x000000000800317c                HAL_I2C_ER_IRQHandler
 .text.HAL_I2C_SlaveTxCpltCallback
                0x000000000800323e       0x14 Drivers/STM32L4xx_HAL_Driver/Src/stm32l4xx_hal_i2c.o
                0x000000000800323e                HAL_I2C_SlaveTxCpltCallback
 .text.HAL_I2C_SlaveRxCpltCallback
                0x0000000008003252       0x14 Drivers/STM32L4xx_HAL_Driver/Src/stm32l4xx_hal_i2c.o
                0x0000000008003252                HAL_I2C_SlaveRxCpltCallback
 .text.HAL_I2C_AddrCallback
                0x0000000008003266       0x1c Drivers/STM32L4xx_HAL_Driver/Src/stm32l4xx_hal_i2c.o
                0x0000000008003266                HAL_I2C_AddrCallback
 .text.HAL_I2C_ListenCpltCallback
                0x0000000008003282       0x14 Drivers/STM32L4xx_HAL_Driver/Src/stm32l4xx_hal_i2c.o
                0x0000000008003282                HAL_I2C_ListenCpltCallback
 .text.HAL_I2C_ErrorCallback
                0x0000000008003296       0x14 Drivers/STM32L4xx_HAL_Driver/Src/stm32l4xx_hal_i2c.o
                0x0000000008003296                HAL_I2C_ErrorCallback
 .text.HAL_I2C_AbortCpltCallback
                0x00000000080032aa       0x14 Drivers/STM32L4xx_HAL_Driver/Src/stm32l4xx_hal_i2c.o
                0x00000000080032aa                HAL_I2C_AbortCpltCallback
 .text.I2C_Slave_ISR_IT
                0x00000000080032be      0x206 Drivers/STM32L4xx_HAL_Driver/Src/stm32l4xx_hal_i2c.o
 .text.I2C_RequestMemoryWrite
                0x00000000080034c4       0xa8 Drivers/STM32L4xx_HAL_Driver/Src/stm32l4xx_hal_i2c.o
 .text.I2C_ITAddrCplt
                0x000000000800356c      0x108 Drivers/STM32L4xx_HAL_Driver/Src/stm32l4xx_hal_i2c.o
 .text.I2C_ITSlaveSeqCplt
                0x0000000008003674       0xbc Drivers/STM32L4xx_HAL_Driver/Src/stm32l4xx_hal_i2c.o
 .text.I2C_ITSlaveCplt
                0x0000000008003730      0x214 Drivers/STM32L4xx_HAL_Driver/Src/stm32l4xx_hal_i2c.o
 .text.I2C_ITListenCplt
                0x0000000008003944       0xac Drivers/STM32L4xx_HAL_Driver/Src/stm32l4xx_hal_i2c.o
 .text.I2C_ITError
                0x00000000080039f0      0x1a0 Drivers/STM32L4xx_HAL_Driver/Src/stm32l4xx_hal_i2c.o
 .text.I2C_TreatErrorCallback
                0x0000000008003b90       0x4e Drivers/STM32L4xx_HAL_Driver/Src/stm32l4xx_hal_i2c.o
 .text.I2C_Flush_TXDR
                0x0000000008003bde       0x48 Drivers/STM32L4xx_HAL_Driver/Src/stm32l4xx_hal_i2c.o
 .text.I2C_DMAAbort
                0x0000000008003c26       0x3c Drivers/STM32L4xx_HAL_Driver/Src/stm32l4xx_hal_i2c.o
 .text.I2C_WaitOnFlagUntilTimeout
                0x0000000008003c62       0x80 Drivers/STM32L4xx_HAL_Driver/Src/stm32l4xx_hal_i2c.o
 .text.I2C_WaitOnTXISFlagUntilTimeout
                0x0000000008003ce2       0x80 Drivers/STM32L4xx_HAL_Driver/Src/stm32l4xx_hal_i2c.o
 .text.I2C_WaitOnSTOPFlagUntilTimeout
                0x0000000008003d62       0x78 Drivers/STM32L4xx_HAL_Driver/Src/stm32l4xx_hal_i2c.o
 *fill*         0x0000000008003dda        0x2 
 .text.I2C_WaitOnRXNEFlagUntilTimeout
                0x0000000008003ddc       0xd8 Drivers/STM32L4xx_HAL_Driver/Src/stm32l4xx_hal_i2c.o
 .text.I2C_IsAcknowledgeFailed
                0x0000000008003eb4       0xcc Drivers/STM32L4xx_HAL_Driver/Src/stm32l4xx_hal_i2c.o
 .text.I2C_TransferConfig
                0x0000000008003f80       0x5c Drivers/STM32L4xx_HAL_Driver/Src/stm32l4xx_hal_i2c.o
 .text.I2C_Disable_IRQ
                0x0000000008003fdc       0xbc Drivers/STM32L4xx_HAL_Driver/Src/stm32l4xx_hal_i2c.o
 .text.HAL_I2CEx_ConfigAnalogFilter
                0x0000000008004098       0x96 Drivers/STM32L4xx_HAL_Driver/Src/stm32l4xx_hal_i2c_ex.o
                0x0000000008004098                HAL_I2CEx_ConfigAnalogFilter
 .text.HAL_I2CEx_ConfigDigitalFilter
                0x000000000800412e       0x98 Drivers/STM32L4xx_HAL_Driver/Src/stm32l4xx_hal_i2c_ex.o
                0x000000000800412e                HAL_I2CEx_ConfigDigitalFilter
 *fill*         0x00000000080041c6        0x2 
 .text.HAL_PWREx_GetVoltageRange
                0x00000000080041c8       0x40 Drivers/STM32L4xx_HAL_Driver/Src/stm32l4xx_hal_pwr_ex.o
                0x00000000080041c8                HAL_PWREx_GetVoltageRange
 .text.HAL_PWREx_ControlVoltageScaling
                0x0000000008004208      0x148 Drivers/STM32L4xx_HAL_Driver/Src/stm32l4xx_hal_pwr_ex.o
                0x0000000008004208                HAL_PWREx_ControlVoltageScaling
 .text.HAL_PWREx_EnableVddIO2
                0x0000000008004350       0x20 Drivers/STM32L4xx_HAL_Driver/Src/stm32l4xx_hal_pwr_ex.o
                0x0000000008004350                HAL_PWREx_EnableVddIO2
 .text.HAL_RCC_OscConfig
                0x0000000008004370      0x84c Drivers/STM32L4xx_HAL_Driver/Src/stm32l4xx_hal_rcc.o
                0x0000000008004370                HAL_RCC_OscConfig
 .text.HAL_RCC_ClockConfig
                0x0000000008004bbc      0x258 Drivers/STM32L4xx_HAL_Driver/Src/stm32l4xx_hal_rcc.o
                0x0000000008004bbc                HAL_RCC_ClockConfig
 .text.HAL_RCC_MCOConfig
                0x0000000008004e14       0x68 Drivers/STM32L4xx_HAL_Driver/Src/stm32l4xx_hal_rcc.o
                0x0000000008004e14                HAL_RCC_MCOConfig
 .text.HAL_RCC_GetSysClockFreq
                0x0000000008004e7c      0x114 Drivers/STM32L4xx_HAL_Driver/Src/stm32l4xx_hal_rcc.o
                0x0000000008004e7c                HAL_RCC_GetSysClockFreq
 .text.RCC_SetFlashLatencyFromMSIRange
                0x0000000008004f90       0xb4 Drivers/STM32L4xx_HAL_Driver/Src/stm32l4xx_hal_rcc.o
 .text.RCC_GetSysClockFreqFromPLLSource
                0x0000000008005044       0xd0 Drivers/STM32L4xx_HAL_Driver/Src/stm32l4xx_hal_rcc.o
 .text.HAL_RCCEx_PeriphCLKConfig
                0x0000000008005114      0x650 Drivers/STM32L4xx_HAL_Driver/Src/stm32l4xx_hal_rcc_ex.o
                0x0000000008005114                HAL_RCCEx_PeriphCLKConfig
 .text.RCCEx_PLLSAI1_Config
                0x0000000008005764      0x1e0 Drivers/STM32L4xx_HAL_Driver/Src/stm32l4xx_hal_rcc_ex.o
 .text.RCCEx_PLLSAI2_Config
                0x0000000008005944      0x1e0 Drivers/STM32L4xx_HAL_Driver/Src/stm32l4xx_hal_rcc_ex.o
 .text.LL_GPIO_SetPinMode
                0x0000000008005b24       0x7a Drivers/STM32L4xx_HAL_Driver/Src/stm32l4xx_ll_gpio.o
 .text.LL_GPIO_SetPinOutputType
                0x0000000008005b9e       0x30 Drivers/STM32L4xx_HAL_Driver/Src/stm32l4xx_ll_gpio.o
 .text.LL_GPIO_SetPinSpeed
                0x0000000008005bce       0x7a Drivers/STM32L4xx_HAL_Driver/Src/stm32l4xx_ll_gpio.o
 .text.LL_GPIO_SetPinPull
                0x0000000008005c48       0x7a Drivers/STM32L4xx_HAL_Driver/Src/stm32l4xx_ll_gpio.o
 .text.LL_GPIO_SetAFPin_0_7
                0x0000000008005cc2       0x7a Drivers/STM32L4xx_HAL_Driver/Src/stm32l4xx_ll_gpio.o
 .text.LL_GPIO_SetAFPin_8_15
                0x0000000008005d3c       0x7e Drivers/STM32L4xx_HAL_Driver/Src/stm32l4xx_ll_gpio.o
 .text.LL_GPIO_Init
                0x0000000008005dba       0xec Drivers/STM32L4xx_HAL_Driver/Src/stm32l4xx_ll_gpio.o
                0x0000000008005dba                LL_GPIO_Init
 .text.LL_LPUART_IsEnabled
                0x0000000008005ea6       0x26 Drivers/STM32L4xx_HAL_Driver/Src/stm32l4xx_ll_lpuart.o
 .text.LL_LPUART_SetPrescaler
                0x0000000008005ecc       0x28 Drivers/STM32L4xx_HAL_Driver/Src/stm32l4xx_ll_lpuart.o
 .text.LL_LPUART_SetStopBitsLength
                0x0000000008005ef4       0x26 Drivers/STM32L4xx_HAL_Driver/Src/stm32l4xx_ll_lpuart.o
 .text.LL_LPUART_SetHWFlowCtrl
                0x0000000008005f1a       0x26 Drivers/STM32L4xx_HAL_Driver/Src/stm32l4xx_ll_lpuart.o
 .text.LL_LPUART_SetBaudRate
                0x0000000008005f40       0x88 Drivers/STM32L4xx_HAL_Driver/Src/stm32l4xx_ll_lpuart.o
 .text.LL_LPUART_Init
                0x0000000008005fc8       0x98 Drivers/STM32L4xx_HAL_Driver/Src/stm32l4xx_ll_lpuart.o
                0x0000000008005fc8                LL_LPUART_Init
 .text.LL_RCC_HSI_IsReady
                0x0000000008006060       0x28 Drivers/STM32L4xx_HAL_Driver/Src/stm32l4xx_ll_rcc.o
 .text.LL_RCC_LSE_IsReady
                0x0000000008006088       0x28 Drivers/STM32L4xx_HAL_Driver/Src/stm32l4xx_ll_rcc.o
 .text.LL_RCC_MSI_IsEnabledRangeSelect
                0x00000000080060b0       0x24 Drivers/STM32L4xx_HAL_Driver/Src/stm32l4xx_ll_rcc.o
 .text.LL_RCC_MSI_GetRange
                0x00000000080060d4       0x1c Drivers/STM32L4xx_HAL_Driver/Src/stm32l4xx_ll_rcc.o
 .text.LL_RCC_MSI_GetRangeAfterStandby
                0x00000000080060f0       0x1c Drivers/STM32L4xx_HAL_Driver/Src/stm32l4xx_ll_rcc.o
 .text.LL_RCC_GetSysClkSource
                0x000000000800610c       0x1c Drivers/STM32L4xx_HAL_Driver/Src/stm32l4xx_ll_rcc.o
 .text.LL_RCC_GetAHBPrescaler
                0x0000000008006128       0x1c Drivers/STM32L4xx_HAL_Driver/Src/stm32l4xx_ll_rcc.o
 .text.LL_RCC_GetAPB1Prescaler
                0x0000000008006144       0x1c Drivers/STM32L4xx_HAL_Driver/Src/stm32l4xx_ll_rcc.o
 .text.LL_RCC_GetLPUARTClockSource
                0x0000000008006160       0x24 Drivers/STM32L4xx_HAL_Driver/Src/stm32l4xx_ll_rcc.o
 .text.LL_RCC_PLL_GetMainSource
                0x0000000008006184       0x1c Drivers/STM32L4xx_HAL_Driver/Src/stm32l4xx_ll_rcc.o
 .text.LL_RCC_PLL_GetN
                0x00000000080061a0       0x1c Drivers/STM32L4xx_HAL_Driver/Src/stm32l4xx_ll_rcc.o
 .text.LL_RCC_PLL_GetR
                0x00000000080061bc       0x1c Drivers/STM32L4xx_HAL_Driver/Src/stm32l4xx_ll_rcc.o
 .text.LL_RCC_PLL_GetDivider
                0x00000000080061d8       0x1c Drivers/STM32L4xx_HAL_Driver/Src/stm32l4xx_ll_rcc.o
 .text.LL_RCC_GetLPUARTClockFreq
                0x00000000080061f4       0x8c Drivers/STM32L4xx_HAL_Driver/Src/stm32l4xx_ll_rcc.o
                0x00000000080061f4                LL_RCC_GetLPUARTClockFreq
 .text.RCC_GetSystemClockFreq
                0x0000000008006280      0x120 Drivers/STM32L4xx_HAL_Driver/Src/stm32l4xx_ll_rcc.o
                0x0000000008006280                RCC_GetSystemClockFreq
 .text.RCC_GetHCLKClockFreq
                0x00000000080063a0       0x2c Drivers/STM32L4xx_HAL_Driver/Src/stm32l4xx_ll_rcc.o
                0x00000000080063a0                RCC_GetHCLKClockFreq
 .text.RCC_GetPCLK1ClockFreq
                0x00000000080063cc       0x28 Drivers/STM32L4xx_HAL_Driver/Src/stm32l4xx_ll_rcc.o
                0x00000000080063cc                RCC_GetPCLK1ClockFreq
 .text.RCC_PLL_GetFreqDomain_SYS
                0x00000000080063f4      0x10c Drivers/STM32L4xx_HAL_Driver/Src/stm32l4xx_ll_rcc.o
                0x00000000080063f4                RCC_PLL_GetFreqDomain_SYS
 .text.__libc_init_array
                0x0000000008006500       0x48 c:/st/stm32cubeide_1.5.1/stm32cubeide/plugins/com.st.stm32cube.ide.mcu.externaltools.gnu-tools-for-stm32.7-2018-q2-update.win32_1.5.0.202011040924/tools/bin/../lib/gcc/arm-none-eabi/7.3.1/../../../../arm-none-eabi/lib/thumb/v7e-m/fpv4-sp/hard\libc_nano.a(lib_a-init.o)
                0x0000000008006500                __libc_init_array
 .text.memset   0x0000000008006548       0x10 c:/st/stm32cubeide_1.5.1/stm32cubeide/plugins/com.st.stm32cube.ide.mcu.externaltools.gnu-tools-for-stm32.7-2018-q2-update.win32_1.5.0.202011040924/tools/bin/../lib/gcc/arm-none-eabi/7.3.1/../../../../arm-none-eabi/lib/thumb/v7e-m/fpv4-sp/hard\libc_nano.a(lib_a-memset.o)
                0x0000000008006548                memset
 *(.glue_7)
 .glue_7        0x0000000008006558        0x0 linker stubs
 *(.glue_7t)
 .glue_7t       0x0000000008006558        0x0 linker stubs
 *(.eh_frame)
 .eh_frame      0x0000000008006558        0x0 c:/st/stm32cubeide_1.5.1/stm32cubeide/plugins/com.st.stm32cube.ide.mcu.externaltools.gnu-tools-for-stm32.7-2018-q2-update.win32_1.5.0.202011040924/tools/bin/../lib/gcc/arm-none-eabi/7.3.1/thumb/v7e-m/fpv4-sp/hard/crtbegin.o
 *(.init)
 .init          0x0000000008006558        0x4 c:/st/stm32cubeide_1.5.1/stm32cubeide/plugins/com.st.stm32cube.ide.mcu.externaltools.gnu-tools-for-stm32.7-2018-q2-update.win32_1.5.0.202011040924/tools/bin/../lib/gcc/arm-none-eabi/7.3.1/thumb/v7e-m/fpv4-sp/hard/crti.o
                0x0000000008006558                _init
 .init          0x000000000800655c        0x8 c:/st/stm32cubeide_1.5.1/stm32cubeide/plugins/com.st.stm32cube.ide.mcu.externaltools.gnu-tools-for-stm32.7-2018-q2-update.win32_1.5.0.202011040924/tools/bin/../lib/gcc/arm-none-eabi/7.3.1/thumb/v7e-m/fpv4-sp/hard/crtn.o
 *(.fini)
 .fini          0x0000000008006564        0x4 c:/st/stm32cubeide_1.5.1/stm32cubeide/plugins/com.st.stm32cube.ide.mcu.externaltools.gnu-tools-for-stm32.7-2018-q2-update.win32_1.5.0.202011040924/tools/bin/../lib/gcc/arm-none-eabi/7.3.1/thumb/v7e-m/fpv4-sp/hard/crti.o
                0x0000000008006564                _fini
 .fini          0x0000000008006568        0x8 c:/st/stm32cubeide_1.5.1/stm32cubeide/plugins/com.st.stm32cube.ide.mcu.externaltools.gnu-tools-for-stm32.7-2018-q2-update.win32_1.5.0.202011040924/tools/bin/../lib/gcc/arm-none-eabi/7.3.1/thumb/v7e-m/fpv4-sp/hard/crtn.o
                0x0000000008006570                . = ALIGN (0x4)
                0x0000000008006570                _etext = .

.vfp11_veneer   0x0000000008006570        0x0
 .vfp11_veneer  0x0000000008006570        0x0 linker stubs

.v4_bx          0x0000000008006570        0x0
 .v4_bx         0x0000000008006570        0x0 linker stubs

.iplt           0x0000000008006570        0x0
 .iplt          0x0000000008006570        0x0 c:/st/stm32cubeide_1.5.1/stm32cubeide/plugins/com.st.stm32cube.ide.mcu.externaltools.gnu-tools-for-stm32.7-2018-q2-update.win32_1.5.0.202011040924/tools/bin/../lib/gcc/arm-none-eabi/7.3.1/thumb/v7e-m/fpv4-sp/hard/crtbegin.o

.rodata         0x0000000008006570      0x104
                0x0000000008006570                . = ALIGN (0x4)
 *(.rodata)
 .rodata        0x0000000008006570       0x40 Drivers/STM32L4xx_HAL_Driver/Src/stm32l4xx_hal_dcmi.o
 *(.rodata*)
 .rodata.CHANNEL_OFFSET_TAB
                0x00000000080065b0        0x7 Core/Src/main.o
 *fill*         0x00000000080065b7        0x1 
 .rodata.OV7670_reg
                0x00000000080065b8       0x5a Core/Src/ov7670.o
 *fill*         0x0000000008006612        0x2 
 .rodata.AHBPrescTable
                0x0000000008006614       0x10 Core/Src/system_stm32l4xx.o
                0x0000000008006614                AHBPrescTable
 .rodata.APBPrescTable
                0x0000000008006624        0x8 Core/Src/system_stm32l4xx.o
                0x0000000008006624                APBPrescTable
 .rodata.MSIRangeTable
                0x000000000800662c       0x30 Core/Src/system_stm32l4xx.o
                0x000000000800662c                MSIRangeTable
 .rodata.LPUART_PRESCALER_TAB
                0x000000000800665c       0x18 Drivers/STM32L4xx_HAL_Driver/Src/stm32l4xx_ll_lpuart.o
                0x0000000008006674                . = ALIGN (0x4)

.ARM.extab      0x0000000008006674        0x0
                0x0000000008006674                . = ALIGN (0x4)
 *(.ARM.extab* .gnu.linkonce.armextab.*)
                0x0000000008006674                . = ALIGN (0x4)

.ARM            0x0000000008006674        0x8
                0x0000000008006674                . = ALIGN (0x4)
                0x0000000008006674                __exidx_start = .
 *(.ARM.exidx*)
 .ARM.exidx     0x0000000008006674        0x8 c:/st/stm32cubeide_1.5.1/stm32cubeide/plugins/com.st.stm32cube.ide.mcu.externaltools.gnu-tools-for-stm32.7-2018-q2-update.win32_1.5.0.202011040924/tools/bin/../lib/gcc/arm-none-eabi/7.3.1/thumb/v7e-m/fpv4-sp/hard\libgcc.a(_udivmoddi4.o)
                0x000000000800667c                __exidx_end = .
                0x000000000800667c                . = ALIGN (0x4)

.rel.dyn        0x000000000800667c        0x0
 .rel.iplt      0x000000000800667c        0x0 c:/st/stm32cubeide_1.5.1/stm32cubeide/plugins/com.st.stm32cube.ide.mcu.externaltools.gnu-tools-for-stm32.7-2018-q2-update.win32_1.5.0.202011040924/tools/bin/../lib/gcc/arm-none-eabi/7.3.1/thumb/v7e-m/fpv4-sp/hard/crtbegin.o

.preinit_array  0x000000000800667c        0x0
                0x000000000800667c                . = ALIGN (0x4)
                0x000000000800667c                PROVIDE (__preinit_array_start = .)
 *(.preinit_array*)
                0x000000000800667c                PROVIDE (__preinit_array_end = .)
                0x000000000800667c                . = ALIGN (0x4)

.init_array     0x000000000800667c        0x4
                0x000000000800667c                . = ALIGN (0x4)
                0x000000000800667c                PROVIDE (__init_array_start = .)
 *(SORT_BY_NAME(.init_array.*))
 *(.init_array*)
 .init_array    0x000000000800667c        0x4 c:/st/stm32cubeide_1.5.1/stm32cubeide/plugins/com.st.stm32cube.ide.mcu.externaltools.gnu-tools-for-stm32.7-2018-q2-update.win32_1.5.0.202011040924/tools/bin/../lib/gcc/arm-none-eabi/7.3.1/thumb/v7e-m/fpv4-sp/hard/crtbegin.o
                0x0000000008006680                PROVIDE (__init_array_end = .)
                0x0000000008006680                . = ALIGN (0x4)

.fini_array     0x0000000008006680        0x4
                0x0000000008006680                . = ALIGN (0x4)
                [!provide]                        PROVIDE (__fini_array_start = .)
 *(SORT_BY_NAME(.fini_array.*))
 *(.fini_array*)
 .fini_array    0x0000000008006680        0x4 c:/st/stm32cubeide_1.5.1/stm32cubeide/plugins/com.st.stm32cube.ide.mcu.externaltools.gnu-tools-for-stm32.7-2018-q2-update.win32_1.5.0.202011040924/tools/bin/../lib/gcc/arm-none-eabi/7.3.1/thumb/v7e-m/fpv4-sp/hard/crtbegin.o
                [!provide]                        PROVIDE (__fini_array_end = .)
                0x0000000008006684                . = ALIGN (0x4)
                0x0000000008006684                _sidata = LOADADDR (.data)

.data           0x0000000020000000        0xc load address 0x0000000008006684
                0x0000000020000000                . = ALIGN (0x4)
                0x0000000020000000                _sdata = .
 *(.data)
 *(.data*)
 .data.SystemCoreClock
                0x0000000020000000        0x4 Core/Src/system_stm32l4xx.o
                0x0000000020000000                SystemCoreClock
 .data.uwTickPrio
                0x0000000020000004        0x4 Drivers/STM32L4xx_HAL_Driver/Src/stm32l4xx_hal.o
                0x0000000020000004                uwTickPrio
 .data.uwTickFreq
                0x0000000020000008        0x1 Drivers/STM32L4xx_HAL_Driver/Src/stm32l4xx_hal.o
                0x0000000020000008                uwTickFreq
 *(.RamFunc)
 *(.RamFunc*)
                0x000000002000000c                . = ALIGN (0x4)
 *fill*         0x0000000020000009        0x3 
                0x000000002000000c                _edata = .

.igot.plt       0x000000002000000c        0x0 load address 0x0000000008006690
 .igot.plt      0x000000002000000c        0x0 c:/st/stm32cubeide_1.5.1/stm32cubeide/plugins/com.st.stm32cube.ide.mcu.externaltools.gnu-tools-for-stm32.7-2018-q2-update.win32_1.5.0.202011040924/tools/bin/../lib/gcc/arm-none-eabi/7.3.1/thumb/v7e-m/fpv4-sp/hard/crtbegin.o
                0x000000002000000c                . = ALIGN (0x4)

.bss            0x000000002000000c    0x25930 load address 0x0000000008006690
                0x000000002000000c                _sbss = .
                0x000000002000000c                __bss_start__ = _sbss
 *(.bss)
 .bss           0x000000002000000c       0x1c c:/st/stm32cubeide_1.5.1/stm32cubeide/plugins/com.st.stm32cube.ide.mcu.externaltools.gnu-tools-for-stm32.7-2018-q2-update.win32_1.5.0.202011040924/tools/bin/../lib/gcc/arm-none-eabi/7.3.1/thumb/v7e-m/fpv4-sp/hard/crtbegin.o
 *(.bss*)
 .bss.frame_buffer
                0x0000000020000028    0x25800 Core/Src/main.o
                0x0000000020000028                frame_buffer
 *(COMMON)
 COMMON         0x0000000020025828      0x110 Core/Src/main.o
                0x0000000020025828                hi2c2
                0x0000000020025874                hdma_dcmi
                0x00000000200258d4                hdcmi
 COMMON         0x0000000020025938        0x4 Drivers/STM32L4xx_HAL_Driver/Src/stm32l4xx_hal.o
                0x0000000020025938                uwTick
                0x000000002002593c                . = ALIGN (0x4)
                0x000000002002593c                _ebss = .
                0x000000002002593c                __bss_end__ = _ebss

._user_heap_stack
                0x000000002002593c      0x604 load address 0x0000000008006690
                0x0000000020025940                . = ALIGN (0x8)
 *fill*         0x000000002002593c        0x4 
                [!provide]                        PROVIDE (end = .)
                0x0000000020025940                PROVIDE (_end = .)
                0x0000000020025b40                . = (. + _Min_Heap_Size)
 *fill*         0x0000000020025940      0x200 
                0x0000000020025f40                . = (. + _Min_Stack_Size)
 *fill*         0x0000000020025b40      0x400 
                0x0000000020025f40                . = ALIGN (0x8)

/DISCARD/
 libc.a(*)
 libm.a(*)
 libgcc.a(*)

.ARM.attributes
                0x0000000000000000       0x30
 *(.ARM.attributes)
 .ARM.attributes
                0x0000000000000000       0x22 c:/st/stm32cubeide_1.5.1/stm32cubeide/plugins/com.st.stm32cube.ide.mcu.externaltools.gnu-tools-for-stm32.7-2018-q2-update.win32_1.5.0.202011040924/tools/bin/../lib/gcc/arm-none-eabi/7.3.1/thumb/v7e-m/fpv4-sp/hard/crti.o
 .ARM.attributes
                0x0000000000000022       0x34 c:/st/stm32cubeide_1.5.1/stm32cubeide/plugins/com.st.stm32cube.ide.mcu.externaltools.gnu-tools-for-stm32.7-2018-q2-update.win32_1.5.0.202011040924/tools/bin/../lib/gcc/arm-none-eabi/7.3.1/thumb/v7e-m/fpv4-sp/hard/crtbegin.o
 .ARM.attributes
                0x0000000000000056       0x39 Core/Src/main.o
 .ARM.attributes
                0x000000000000008f       0x39 Core/Src/ov7670.o
 .ARM.attributes
                0x00000000000000c8       0x39 Core/Src/stm32l4xx_hal_msp.o
 .ARM.attributes
                0x0000000000000101       0x39 Core/Src/stm32l4xx_it.o
 .ARM.attributes
                0x000000000000013a       0x39 Core/Src/system_stm32l4xx.o
 .ARM.attributes
                0x0000000000000173       0x39 Core/Src/uart.o
 .ARM.attributes
                0x00000000000001ac       0x21 Core/Startup/startup_stm32l4r5zitx.o
 .ARM.attributes
                0x00000000000001cd       0x39 Drivers/STM32L4xx_HAL_Driver/Src/stm32l4xx_hal.o
 .ARM.attributes
                0x0000000000000206       0x39 Drivers/STM32L4xx_HAL_Driver/Src/stm32l4xx_hal_cortex.o
 .ARM.attributes
                0x000000000000023f       0x39 Drivers/STM32L4xx_HAL_Driver/Src/stm32l4xx_hal_dcmi.o
 .ARM.attributes
                0x0000000000000278       0x39 Drivers/STM32L4xx_HAL_Driver/Src/stm32l4xx_hal_dma.o
 .ARM.attributes
                0x00000000000002b1       0x39 Drivers/STM32L4xx_HAL_Driver/Src/stm32l4xx_hal_gpio.o
 .ARM.attributes
                0x00000000000002ea       0x39 Drivers/STM32L4xx_HAL_Driver/Src/stm32l4xx_hal_i2c.o
 .ARM.attributes
                0x0000000000000323       0x39 Drivers/STM32L4xx_HAL_Driver/Src/stm32l4xx_hal_i2c_ex.o
 .ARM.attributes
                0x000000000000035c       0x39 Drivers/STM32L4xx_HAL_Driver/Src/stm32l4xx_hal_pwr_ex.o
 .ARM.attributes
                0x0000000000000395       0x39 Drivers/STM32L4xx_HAL_Driver/Src/stm32l4xx_hal_rcc.o
 .ARM.attributes
                0x00000000000003ce       0x39 Drivers/STM32L4xx_HAL_Driver/Src/stm32l4xx_hal_rcc_ex.o
 .ARM.attributes
                0x0000000000000407       0x39 Drivers/STM32L4xx_HAL_Driver/Src/stm32l4xx_ll_gpio.o
 .ARM.attributes
                0x0000000000000440       0x39 Drivers/STM32L4xx_HAL_Driver/Src/stm32l4xx_ll_lpuart.o
 .ARM.attributes
                0x0000000000000479       0x39 Drivers/STM32L4xx_HAL_Driver/Src/stm32l4xx_ll_rcc.o
 .ARM.attributes
                0x00000000000004b2       0x34 c:/st/stm32cubeide_1.5.1/stm32cubeide/plugins/com.st.stm32cube.ide.mcu.externaltools.gnu-tools-for-stm32.7-2018-q2-update.win32_1.5.0.202011040924/tools/bin/../lib/gcc/arm-none-eabi/7.3.1/../../../../arm-none-eabi/lib/thumb/v7e-m/fpv4-sp/hard\libc_nano.a(lib_a-init.o)
 .ARM.attributes
                0x00000000000004e6       0x34 c:/st/stm32cubeide_1.5.1/stm32cubeide/plugins/com.st.stm32cube.ide.mcu.externaltools.gnu-tools-for-stm32.7-2018-q2-update.win32_1.5.0.202011040924/tools/bin/../lib/gcc/arm-none-eabi/7.3.1/../../../../arm-none-eabi/lib/thumb/v7e-m/fpv4-sp/hard\libc_nano.a(lib_a-memset.o)
 .ARM.attributes
                0x000000000000051a       0x22 c:/st/stm32cubeide_1.5.1/stm32cubeide/plugins/com.st.stm32cube.ide.mcu.externaltools.gnu-tools-for-stm32.7-2018-q2-update.win32_1.5.0.202011040924/tools/bin/../lib/gcc/arm-none-eabi/7.3.1/thumb/v7e-m/fpv4-sp/hard\libgcc.a(_aeabi_uldivmod.o)
 .ARM.attributes
                0x000000000000053c       0x34 c:/st/stm32cubeide_1.5.1/stm32cubeide/plugins/com.st.stm32cube.ide.mcu.externaltools.gnu-tools-for-stm32.7-2018-q2-update.win32_1.5.0.202011040924/tools/bin/../lib/gcc/arm-none-eabi/7.3.1/thumb/v7e-m/fpv4-sp/hard\libgcc.a(_udivmoddi4.o)
 .ARM.attributes
                0x0000000000000570       0x22 c:/st/stm32cubeide_1.5.1/stm32cubeide/plugins/com.st.stm32cube.ide.mcu.externaltools.gnu-tools-for-stm32.7-2018-q2-update.win32_1.5.0.202011040924/tools/bin/../lib/gcc/arm-none-eabi/7.3.1/thumb/v7e-m/fpv4-sp/hard\libgcc.a(_dvmd_tls.o)
 .ARM.attributes
                0x0000000000000592       0x22 c:/st/stm32cubeide_1.5.1/stm32cubeide/plugins/com.st.stm32cube.ide.mcu.externaltools.gnu-tools-for-stm32.7-2018-q2-update.win32_1.5.0.202011040924/tools/bin/../lib/gcc/arm-none-eabi/7.3.1/thumb/v7e-m/fpv4-sp/hard/crtn.o
OUTPUT(STM32L4R5ZI-OV7670.elf elf32-littlearm)

.debug_info     0x0000000000000000    0x119f3
 .debug_info    0x0000000000000000     0x20d5 Core/Src/main.o
 .debug_info    0x00000000000020d5      0xb77 Core/Src/ov7670.o
 .debug_info    0x0000000000002c4c     0x1311 Core/Src/stm32l4xx_hal_msp.o
 .debug_info    0x0000000000003f5d      0xcd5 Core/Src/stm32l4xx_it.o
 .debug_info    0x0000000000004c32      0x75b Core/Src/system_stm32l4xx.o
 .debug_info    0x000000000000538d      0x4d3 Core/Src/uart.o
 .debug_info    0x0000000000005860       0x22 Core/Startup/startup_stm32l4r5zitx.o
 .debug_info    0x0000000000005882      0xc79 Drivers/STM32L4xx_HAL_Driver/Src/stm32l4xx_hal.o
 .debug_info    0x00000000000064fb      0xf85 Drivers/STM32L4xx_HAL_Driver/Src/stm32l4xx_hal_cortex.o
 .debug_info    0x0000000000007480     0x1047 Drivers/STM32L4xx_HAL_Driver/Src/stm32l4xx_hal_dcmi.o
 .debug_info    0x00000000000084c7      0xa3f Drivers/STM32L4xx_HAL_Driver/Src/stm32l4xx_hal_dma.o
 .debug_info    0x0000000000008f06      0x9f6 Drivers/STM32L4xx_HAL_Driver/Src/stm32l4xx_hal_gpio.o
 .debug_info    0x00000000000098fc     0x2213 Drivers/STM32L4xx_HAL_Driver/Src/stm32l4xx_hal_i2c.o
 .debug_info    0x000000000000bb0f      0xcb9 Drivers/STM32L4xx_HAL_Driver/Src/stm32l4xx_hal_i2c_ex.o
 .debug_info    0x000000000000c7c8      0xbc1 Drivers/STM32L4xx_HAL_Driver/Src/stm32l4xx_hal_pwr_ex.o
 .debug_info    0x000000000000d389      0xe4a Drivers/STM32L4xx_HAL_Driver/Src/stm32l4xx_hal_rcc.o
 .debug_info    0x000000000000e1d3     0x126d Drivers/STM32L4xx_HAL_Driver/Src/stm32l4xx_hal_rcc_ex.o
 .debug_info    0x000000000000f440      0xc21 Drivers/STM32L4xx_HAL_Driver/Src/stm32l4xx_ll_gpio.o
 .debug_info    0x0000000000010061      0x8d4 Drivers/STM32L4xx_HAL_Driver/Src/stm32l4xx_ll_lpuart.o
 .debug_info    0x0000000000010935     0x10be Drivers/STM32L4xx_HAL_Driver/Src/stm32l4xx_ll_rcc.o

.debug_abbrev   0x0000000000000000     0x25c1
 .debug_abbrev  0x0000000000000000      0x2d8 Core/Src/main.o
 .debug_abbrev  0x00000000000002d8      0x1d6 Core/Src/ov7670.o
 .debug_abbrev  0x00000000000004ae      0x1d8 Core/Src/stm32l4xx_hal_msp.o
 .debug_abbrev  0x0000000000000686      0x1a2 Core/Src/stm32l4xx_it.o
 .debug_abbrev  0x0000000000000828      0x150 Core/Src/system_stm32l4xx.o
 .debug_abbrev  0x0000000000000978      0x179 Core/Src/uart.o
 .debug_abbrev  0x0000000000000af1       0x12 Core/Startup/startup_stm32l4r5zitx.o
 .debug_abbrev  0x0000000000000b03      0x1fb Drivers/STM32L4xx_HAL_Driver/Src/stm32l4xx_hal.o
 .debug_abbrev  0x0000000000000cfe      0x2fa Drivers/STM32L4xx_HAL_Driver/Src/stm32l4xx_hal_cortex.o
 .debug_abbrev  0x0000000000000ff8      0x22b Drivers/STM32L4xx_HAL_Driver/Src/stm32l4xx_hal_dcmi.o
 .debug_abbrev  0x0000000000001223      0x1d9 Drivers/STM32L4xx_HAL_Driver/Src/stm32l4xx_hal_dma.o
 .debug_abbrev  0x00000000000013fc      0x1c0 Drivers/STM32L4xx_HAL_Driver/Src/stm32l4xx_hal_gpio.o
 .debug_abbrev  0x00000000000015bc      0x22a Drivers/STM32L4xx_HAL_Driver/Src/stm32l4xx_hal_i2c.o
 .debug_abbrev  0x00000000000017e6      0x1b9 Drivers/STM32L4xx_HAL_Driver/Src/stm32l4xx_hal_i2c_ex.o
 .debug_abbrev  0x000000000000199f      0x1cb Drivers/STM32L4xx_HAL_Driver/Src/stm32l4xx_hal_pwr_ex.o
 .debug_abbrev  0x0000000000001b6a      0x27b Drivers/STM32L4xx_HAL_Driver/Src/stm32l4xx_hal_rcc.o
 .debug_abbrev  0x0000000000001de5      0x238 Drivers/STM32L4xx_HAL_Driver/Src/stm32l4xx_hal_rcc_ex.o
 .debug_abbrev  0x000000000000201d      0x225 Drivers/STM32L4xx_HAL_Driver/Src/stm32l4xx_ll_gpio.o
 .debug_abbrev  0x0000000000002242      0x19e Drivers/STM32L4xx_HAL_Driver/Src/stm32l4xx_ll_lpuart.o
 .debug_abbrev  0x00000000000023e0      0x1e1 Drivers/STM32L4xx_HAL_Driver/Src/stm32l4xx_ll_rcc.o

.debug_aranges  0x0000000000000000      0xfd8
 .debug_aranges
                0x0000000000000000       0xf8 Core/Src/main.o
 .debug_aranges
                0x00000000000000f8       0x50 Core/Src/ov7670.o
 .debug_aranges
                0x0000000000000148       0x40 Core/Src/stm32l4xx_hal_msp.o
 .debug_aranges
                0x0000000000000188       0x90 Core/Src/stm32l4xx_it.o
 .debug_aranges
                0x0000000000000218       0x28 Core/Src/system_stm32l4xx.o
 .debug_aranges
                0x0000000000000240       0x30 Core/Src/uart.o
 .debug_aranges
                0x0000000000000270       0x28 Core/Startup/startup_stm32l4r5zitx.o
 .debug_aranges
                0x0000000000000298      0x130 Drivers/STM32L4xx_HAL_Driver/Src/stm32l4xx_hal.o
 .debug_aranges
                0x00000000000003c8      0x118 Drivers/STM32L4xx_HAL_Driver/Src/stm32l4xx_hal_cortex.o
 .debug_aranges
                0x00000000000004e0       0xd0 Drivers/STM32L4xx_HAL_Driver/Src/stm32l4xx_hal_dcmi.o
 .debug_aranges
                0x00000000000005b0       0x90 Drivers/STM32L4xx_HAL_Driver/Src/stm32l4xx_hal_dma.o
 .debug_aranges
                0x0000000000000640       0x58 Drivers/STM32L4xx_HAL_Driver/Src/stm32l4xx_hal_gpio.o
 .debug_aranges
                0x0000000000000698      0x290 Drivers/STM32L4xx_HAL_Driver/Src/stm32l4xx_hal_i2c.o
 .debug_aranges
                0x0000000000000928       0x48 Drivers/STM32L4xx_HAL_Driver/Src/stm32l4xx_hal_i2c_ex.o
 .debug_aranges
                0x0000000000000970      0x170 Drivers/STM32L4xx_HAL_Driver/Src/stm32l4xx_hal_pwr_ex.o
 .debug_aranges
                0x0000000000000ae0       0x90 Drivers/STM32L4xx_HAL_Driver/Src/stm32l4xx_hal_rcc.o
 .debug_aranges
                0x0000000000000b70      0x110 Drivers/STM32L4xx_HAL_Driver/Src/stm32l4xx_hal_rcc_ex.o
 .debug_aranges
                0x0000000000000c80       0x70 Drivers/STM32L4xx_HAL_Driver/Src/stm32l4xx_ll_gpio.o
 .debug_aranges
                0x0000000000000cf0       0x68 Drivers/STM32L4xx_HAL_Driver/Src/stm32l4xx_ll_lpuart.o
 .debug_aranges
                0x0000000000000d58      0x280 Drivers/STM32L4xx_HAL_Driver/Src/stm32l4xx_ll_rcc.o

.debug_ranges   0x0000000000000000      0xea0
 .debug_ranges  0x0000000000000000       0xe8 Core/Src/main.o
 .debug_ranges  0x00000000000000e8       0x40 Core/Src/ov7670.o
 .debug_ranges  0x0000000000000128       0x30 Core/Src/stm32l4xx_hal_msp.o
 .debug_ranges  0x0000000000000158       0x80 Core/Src/stm32l4xx_it.o
 .debug_ranges  0x00000000000001d8       0x18 Core/Src/system_stm32l4xx.o
 .debug_ranges  0x00000000000001f0       0x20 Core/Src/uart.o
 .debug_ranges  0x0000000000000210       0x20 Core/Startup/startup_stm32l4r5zitx.o
 .debug_ranges  0x0000000000000230      0x120 Drivers/STM32L4xx_HAL_Driver/Src/stm32l4xx_hal.o
 .debug_ranges  0x0000000000000350      0x108 Drivers/STM32L4xx_HAL_Driver/Src/stm32l4xx_hal_cortex.o
 .debug_ranges  0x0000000000000458       0xc0 Drivers/STM32L4xx_HAL_Driver/Src/stm32l4xx_hal_dcmi.o
 .debug_ranges  0x0000000000000518       0x80 Drivers/STM32L4xx_HAL_Driver/Src/stm32l4xx_hal_dma.o
 .debug_ranges  0x0000000000000598       0x48 Drivers/STM32L4xx_HAL_Driver/Src/stm32l4xx_hal_gpio.o
 .debug_ranges  0x00000000000005e0      0x280 Drivers/STM32L4xx_HAL_Driver/Src/stm32l4xx_hal_i2c.o
 .debug_ranges  0x0000000000000860       0x38 Drivers/STM32L4xx_HAL_Driver/Src/stm32l4xx_hal_i2c_ex.o
 .debug_ranges  0x0000000000000898      0x160 Drivers/STM32L4xx_HAL_Driver/Src/stm32l4xx_hal_pwr_ex.o
 .debug_ranges  0x00000000000009f8       0x80 Drivers/STM32L4xx_HAL_Driver/Src/stm32l4xx_hal_rcc.o
 .debug_ranges  0x0000000000000a78      0x100 Drivers/STM32L4xx_HAL_Driver/Src/stm32l4xx_hal_rcc_ex.o
 .debug_ranges  0x0000000000000b78       0x60 Drivers/STM32L4xx_HAL_Driver/Src/stm32l4xx_ll_gpio.o
 .debug_ranges  0x0000000000000bd8       0x58 Drivers/STM32L4xx_HAL_Driver/Src/stm32l4xx_ll_lpuart.o
 .debug_ranges  0x0000000000000c30      0x270 Drivers/STM32L4xx_HAL_Driver/Src/stm32l4xx_ll_rcc.o

.debug_macro    0x0000000000000000    0x2c78f
 .debug_macro   0x0000000000000000      0x27f Core/Src/main.o
 .debug_macro   0x000000000000027f      0xa60 Core/Src/main.o
 .debug_macro   0x0000000000000cdf      0x1a7 Core/Src/main.o
 .debug_macro   0x0000000000000e86       0x2e Core/Src/main.o
 .debug_macro   0x0000000000000eb4       0x28 Core/Src/main.o
 .debug_macro   0x0000000000000edc       0x22 Core/Src/main.o
 .debug_macro   0x0000000000000efe       0x8e Core/Src/main.o
 .debug_macro   0x0000000000000f8c       0x51 Core/Src/main.o
 .debug_macro   0x0000000000000fdd       0xef Core/Src/main.o
 .debug_macro   0x00000000000010cc       0x6a Core/Src/main.o
 .debug_macro   0x0000000000001136      0x1df Core/Src/main.o
 .debug_macro   0x0000000000001315       0x1c Core/Src/main.o
 .debug_macro   0x0000000000001331       0x22 Core/Src/main.o
 .debug_macro   0x0000000000001353      0x101 Core/Src/main.o
 .debug_macro   0x0000000000001454     0x1011 Core/Src/main.o
 .debug_macro   0x0000000000002465      0x11f Core/Src/main.o
 .debug_macro   0x0000000000002584    0x1cb6c Core/Src/main.o
 .debug_macro   0x000000000001f0f0       0x43 Core/Src/main.o
 .debug_macro   0x000000000001f133     0x3897 Core/Src/main.o
 .debug_macro   0x00000000000229ca      0x174 Core/Src/main.o
 .debug_macro   0x0000000000022b3e       0x5c Core/Src/main.o
 .debug_macro   0x0000000000022b9a     0x1845 Core/Src/main.o
 .debug_macro   0x00000000000243df      0x7d5 Core/Src/main.o
 .debug_macro   0x0000000000024bb4      0x13d Core/Src/main.o
 .debug_macro   0x0000000000024cf1      0x225 Core/Src/main.o
 .debug_macro   0x0000000000024f16      0x486 Core/Src/main.o
 .debug_macro   0x000000000002539c      0x1cf Core/Src/main.o
 .debug_macro   0x000000000002556b       0x43 Core/Src/main.o
 .debug_macro   0x00000000000255ae      0x23d Core/Src/main.o
 .debug_macro   0x00000000000257eb      0x22c Core/Src/main.o
 .debug_macro   0x0000000000025a17      0x241 Core/Src/main.o
 .debug_macro   0x0000000000025c58      0x416 Core/Src/main.o
 .debug_macro   0x000000000002606e       0x1c Core/Src/main.o
 .debug_macro   0x000000000002608a       0xf2 Core/Src/main.o
 .debug_macro   0x000000000002617c      0x22c Core/Src/main.o
 .debug_macro   0x00000000000263a8       0x61 Core/Src/main.o
 .debug_macro   0x0000000000026409       0xa5 Core/Src/main.o
 .debug_macro   0x00000000000264ae      0x122 Core/Src/main.o
 .debug_macro   0x00000000000265d0      0x3f7 Core/Src/main.o
 .debug_macro   0x00000000000269c7      0x433 Core/Src/main.o
 .debug_macro   0x0000000000026dfa      0x31e Core/Src/main.o
 .debug_macro   0x0000000000027118      0xb1b Core/Src/main.o
 .debug_macro   0x0000000000027c33      0x1f3 Core/Src/main.o
 .debug_macro   0x0000000000027e26      0x1a7 Core/Src/main.o
 .debug_macro   0x0000000000027fcd      0x436 Core/Src/main.o
 .debug_macro   0x0000000000028403       0xa7 Core/Src/main.o
 .debug_macro   0x00000000000284aa      0x20f Core/Src/main.o
 .debug_macro   0x00000000000286b9      0x16a Core/Src/main.o
 .debug_macro   0x0000000000028823      0x5bb Core/Src/main.o
 .debug_macro   0x0000000000028dde      0x287 Core/Src/main.o
 .debug_macro   0x0000000000029065      0x15d Core/Src/main.o
 .debug_macro   0x00000000000291c2       0x10 Core/Src/main.o
 .debug_macro   0x00000000000291d2       0x16 Core/Src/main.o
 .debug_macro   0x00000000000291e8       0x70 Core/Src/main.o
 .debug_macro   0x0000000000029258      0x265 Core/Src/ov7670.o
 .debug_macro   0x00000000000294bd      0x261 Core/Src/stm32l4xx_hal_msp.o
 .debug_macro   0x000000000002971e      0x26b Core/Src/stm32l4xx_it.o
 .debug_macro   0x0000000000029989      0x1cf Core/Src/system_stm32l4xx.o
 .debug_macro   0x0000000000029b58      0x265 Core/Src/uart.o
 .debug_macro   0x0000000000029dbd      0x217 Drivers/STM32L4xx_HAL_Driver/Src/stm32l4xx_hal.o
 .debug_macro   0x0000000000029fd4      0x1c9 Drivers/STM32L4xx_HAL_Driver/Src/stm32l4xx_hal_cortex.o
 .debug_macro   0x000000000002a19d      0x1d8 Drivers/STM32L4xx_HAL_Driver/Src/stm32l4xx_hal_dcmi.o
 .debug_macro   0x000000000002a375      0x1c9 Drivers/STM32L4xx_HAL_Driver/Src/stm32l4xx_hal_dma.o
 .debug_macro   0x000000000002a53e      0x208 Drivers/STM32L4xx_HAL_Driver/Src/stm32l4xx_hal_gpio.o
 .debug_macro   0x000000000002a746      0x28e Drivers/STM32L4xx_HAL_Driver/Src/stm32l4xx_hal_i2c.o
 .debug_macro   0x000000000002a9d4      0x1c9 Drivers/STM32L4xx_HAL_Driver/Src/stm32l4xx_hal_i2c_ex.o
 .debug_macro   0x000000000002ab9d      0x1f3 Drivers/STM32L4xx_HAL_Driver/Src/stm32l4xx_hal_pwr_ex.o
 .debug_macro   0x000000000002ad90      0x20b Drivers/STM32L4xx_HAL_Driver/Src/stm32l4xx_hal_rcc.o
 .debug_macro   0x000000000002af9b      0x1ff Drivers/STM32L4xx_HAL_Driver/Src/stm32l4xx_hal_rcc_ex.o
 .debug_macro   0x000000000002b19a      0x20b Drivers/STM32L4xx_HAL_Driver/Src/stm32l4xx_ll_gpio.o
 .debug_macro   0x000000000002b3a5      0x164 Drivers/STM32L4xx_HAL_Driver/Src/stm32l4xx_ll_gpio.o
 .debug_macro   0x000000000002b509      0x226 Drivers/STM32L4xx_HAL_Driver/Src/stm32l4xx_ll_lpuart.o
 .debug_macro   0x000000000002b72f      0x318 Drivers/STM32L4xx_HAL_Driver/Src/stm32l4xx_ll_lpuart.o
 .debug_macro   0x000000000002ba47      0x233 Drivers/STM32L4xx_HAL_Driver/Src/stm32l4xx_ll_rcc.o
 .debug_macro   0x000000000002bc7a      0xb15 Drivers/STM32L4xx_HAL_Driver/Src/stm32l4xx_ll_rcc.o

.debug_line     0x0000000000000000     0xcf6b
 .debug_line    0x0000000000000000      0xaef Core/Src/main.o
 .debug_line    0x0000000000000aef      0x8b1 Core/Src/ov7670.o
 .debug_line    0x00000000000013a0      0x89a Core/Src/stm32l4xx_hal_msp.o
 .debug_line    0x0000000000001c3a      0x901 Core/Src/stm32l4xx_it.o
 .debug_line    0x000000000000253b      0x6ec Core/Src/system_stm32l4xx.o
 .debug_line    0x0000000000002c27      0x822 Core/Src/uart.o
 .debug_line    0x0000000000003449       0x87 Core/Startup/startup_stm32l4r5zitx.o
 .debug_line    0x00000000000034d0      0x962 Drivers/STM32L4xx_HAL_Driver/Src/stm32l4xx_hal.o
 .debug_line    0x0000000000003e32      0x9ea Drivers/STM32L4xx_HAL_Driver/Src/stm32l4xx_hal_cortex.o
 .debug_line    0x000000000000481c      0xa77 Drivers/STM32L4xx_HAL_Driver/Src/stm32l4xx_hal_dcmi.o
 .debug_line    0x0000000000005293      0x93a Drivers/STM32L4xx_HAL_Driver/Src/stm32l4xx_hal_dma.o
 .debug_line    0x0000000000005bcd      0x88d Drivers/STM32L4xx_HAL_Driver/Src/stm32l4xx_hal_gpio.o
 .debug_line    0x000000000000645a     0x1aa4 Drivers/STM32L4xx_HAL_Driver/Src/stm32l4xx_hal_i2c.o
 .debug_line    0x0000000000007efe      0x805 Drivers/STM32L4xx_HAL_Driver/Src/stm32l4xx_hal_i2c_ex.o
 .debug_line    0x0000000000008703      0xadc Drivers/STM32L4xx_HAL_Driver/Src/stm32l4xx_hal_pwr_ex.o
 .debug_line    0x00000000000091df      0xa1a Drivers/STM32L4xx_HAL_Driver/Src/stm32l4xx_hal_rcc.o
 .debug_line    0x0000000000009bf9      0xe65 Drivers/STM32L4xx_HAL_Driver/Src/stm32l4xx_hal_rcc_ex.o
 .debug_line    0x000000000000aa5e      0x8db Drivers/STM32L4xx_HAL_Driver/Src/stm32l4xx_ll_gpio.o
 .debug_line    0x000000000000b339      0x7ef Drivers/STM32L4xx_HAL_Driver/Src/stm32l4xx_ll_lpuart.o
 .debug_line    0x000000000000bb28     0x1443 Drivers/STM32L4xx_HAL_Driver/Src/stm32l4xx_ll_rcc.o

.debug_str      0x0000000000000000   0x10930e
 .debug_str     0x0000000000000000   0x1045d5 Core/Src/main.o
                                     0x105f96 (size before relaxing)
 .debug_str     0x00000000001045d5       0xa6 Core/Src/ov7670.o
                                     0x104dcc (size before relaxing)
 .debug_str     0x000000000010467b       0x77 Core/Src/stm32l4xx_hal_msp.o
                                     0x105688 (size before relaxing)
 .debug_str     0x00000000001046f2      0x128 Core/Src/stm32l4xx_it.o
                                     0x105060 (size before relaxing)
 .debug_str     0x000000000010481a       0x79 Core/Src/system_stm32l4xx.o
                                      0xf3624 (size before relaxing)
 .debug_str     0x0000000000104893       0x3b Core/Src/uart.o
                                     0x10480d (size before relaxing)
 .debug_str     0x00000000001048ce       0x36 Core/Startup/startup_stm32l4r5zitx.o
                                         0x7b (size before relaxing)
 .debug_str     0x0000000000104904      0x5b4 Drivers/STM32L4xx_HAL_Driver/Src/stm32l4xx_hal.o
                                      0xf4145 (size before relaxing)
 .debug_str     0x0000000000104eb8      0x2f7 Drivers/STM32L4xx_HAL_Driver/Src/stm32l4xx_hal_cortex.o
                                      0xf3e90 (size before relaxing)
 .debug_str     0x00000000001051af      0x294 Drivers/STM32L4xx_HAL_Driver/Src/stm32l4xx_hal_dcmi.o
                                      0xf3dc9 (size before relaxing)
 .debug_str     0x0000000000105443      0x2a1 Drivers/STM32L4xx_HAL_Driver/Src/stm32l4xx_hal_dma.o
                                      0xf399a (size before relaxing)
 .debug_str     0x00000000001056e4      0x236 Drivers/STM32L4xx_HAL_Driver/Src/stm32l4xx_hal_gpio.o
                                      0xf38a4 (size before relaxing)
 .debug_str     0x000000000010591a      0xd2c Drivers/STM32L4xx_HAL_Driver/Src/stm32l4xx_hal_i2c.o
                                      0xf4811 (size before relaxing)
 .debug_str     0x0000000000106646       0xb8 Drivers/STM32L4xx_HAL_Driver/Src/stm32l4xx_hal_i2c_ex.o
                                      0xf3c2e (size before relaxing)
 .debug_str     0x00000000001066fe      0x586 Drivers/STM32L4xx_HAL_Driver/Src/stm32l4xx_hal_pwr_ex.o
                                      0xf3bf2 (size before relaxing)
 .debug_str     0x0000000000106c84      0x3d0 Drivers/STM32L4xx_HAL_Driver/Src/stm32l4xx_hal_rcc.o
                                      0xf3c13 (size before relaxing)
 .debug_str     0x0000000000107054      0x590 Drivers/STM32L4xx_HAL_Driver/Src/stm32l4xx_hal_rcc_ex.o
                                      0xf3fec (size before relaxing)
 .debug_str     0x00000000001075e4      0x67f Drivers/STM32L4xx_HAL_Driver/Src/stm32l4xx_ll_gpio.o
                                      0xf5159 (size before relaxing)
 .debug_str     0x0000000000107c63      0x79b Drivers/STM32L4xx_HAL_Driver/Src/stm32l4xx_ll_lpuart.o
                                      0xfcc6d (size before relaxing)
 .debug_str     0x00000000001083fe      0xf10 Drivers/STM32L4xx_HAL_Driver/Src/stm32l4xx_ll_rcc.o
                                      0xfb1f6 (size before relaxing)

.comment        0x0000000000000000       0x7b
 .comment       0x0000000000000000       0x7b Core/Src/main.o
                                         0x7c (size before relaxing)
 .comment       0x000000000000007b       0x7c Core/Src/ov7670.o
 .comment       0x000000000000007b       0x7c Core/Src/stm32l4xx_hal_msp.o
 .comment       0x000000000000007b       0x7c Core/Src/stm32l4xx_it.o
 .comment       0x000000000000007b       0x7c Core/Src/system_stm32l4xx.o
 .comment       0x000000000000007b       0x7c Core/Src/uart.o
 .comment       0x000000000000007b       0x7c Drivers/STM32L4xx_HAL_Driver/Src/stm32l4xx_hal.o
 .comment       0x000000000000007b       0x7c Drivers/STM32L4xx_HAL_Driver/Src/stm32l4xx_hal_cortex.o
 .comment       0x000000000000007b       0x7c Drivers/STM32L4xx_HAL_Driver/Src/stm32l4xx_hal_dcmi.o
 .comment       0x000000000000007b       0x7c Drivers/STM32L4xx_HAL_Driver/Src/stm32l4xx_hal_dma.o
 .comment       0x000000000000007b       0x7c Drivers/STM32L4xx_HAL_Driver/Src/stm32l4xx_hal_gpio.o
 .comment       0x000000000000007b       0x7c Drivers/STM32L4xx_HAL_Driver/Src/stm32l4xx_hal_i2c.o
 .comment       0x000000000000007b       0x7c Drivers/STM32L4xx_HAL_Driver/Src/stm32l4xx_hal_i2c_ex.o
 .comment       0x000000000000007b       0x7c Drivers/STM32L4xx_HAL_Driver/Src/stm32l4xx_hal_pwr_ex.o
 .comment       0x000000000000007b       0x7c Drivers/STM32L4xx_HAL_Driver/Src/stm32l4xx_hal_rcc.o
 .comment       0x000000000000007b       0x7c Drivers/STM32L4xx_HAL_Driver/Src/stm32l4xx_hal_rcc_ex.o
 .comment       0x000000000000007b       0x7c Drivers/STM32L4xx_HAL_Driver/Src/stm32l4xx_ll_gpio.o
 .comment       0x000000000000007b       0x7c Drivers/STM32L4xx_HAL_Driver/Src/stm32l4xx_ll_lpuart.o
 .comment       0x000000000000007b       0x7c Drivers/STM32L4xx_HAL_Driver/Src/stm32l4xx_ll_rcc.o

.debug_frame    0x0000000000000000     0x40c4
 .debug_frame   0x0000000000000000      0x418 Core/Src/main.o
 .debug_frame   0x0000000000000418      0x104 Core/Src/ov7670.o
 .debug_frame   0x000000000000051c       0xcc Core/Src/stm32l4xx_hal_msp.o
 .debug_frame   0x00000000000005e8      0x1b4 Core/Src/stm32l4xx_it.o
 .debug_frame   0x000000000000079c       0x58 Core/Src/system_stm32l4xx.o
 .debug_frame   0x00000000000007f4       0x84 Core/Src/uart.o
 .debug_frame   0x0000000000000878      0x498 Drivers/STM32L4xx_HAL_Driver/Src/stm32l4xx_hal.o
 .debug_frame   0x0000000000000d10      0x498 Drivers/STM32L4xx_HAL_Driver/Src/stm32l4xx_hal_cortex.o
 .debug_frame   0x00000000000011a8      0x388 Drivers/STM32L4xx_HAL_Driver/Src/stm32l4xx_hal_dcmi.o
 .debug_frame   0x0000000000001530      0x24c Drivers/STM32L4xx_HAL_Driver/Src/stm32l4xx_hal_dma.o
 .debug_frame   0x000000000000177c      0x14c Drivers/STM32L4xx_HAL_Driver/Src/stm32l4xx_hal_gpio.o
 .debug_frame   0x00000000000018c8      0xbe8 Drivers/STM32L4xx_HAL_Driver/Src/stm32l4xx_hal_i2c.o
 .debug_frame   0x00000000000024b0      0x100 Drivers/STM32L4xx_HAL_Driver/Src/stm32l4xx_hal_i2c_ex.o
 .debug_frame   0x00000000000025b0      0x5c4 Drivers/STM32L4xx_HAL_Driver/Src/stm32l4xx_hal_pwr_ex.o
 .debug_frame   0x0000000000002b74      0x220 Drivers/STM32L4xx_HAL_Driver/Src/stm32l4xx_hal_rcc.o
 .debug_frame   0x0000000000002d94      0x464 Drivers/STM32L4xx_HAL_Driver/Src/stm32l4xx_hal_rcc_ex.o
 .debug_frame   0x00000000000031f8      0x1c0 Drivers/STM32L4xx_HAL_Driver/Src/stm32l4xx_ll_gpio.o
 .debug_frame   0x00000000000033b8      0x198 Drivers/STM32L4xx_HAL_Driver/Src/stm32l4xx_ll_lpuart.o
 .debug_frame   0x0000000000003550      0xac8 Drivers/STM32L4xx_HAL_Driver/Src/stm32l4xx_ll_rcc.o
 .debug_frame   0x0000000000004018       0x2c c:/st/stm32cubeide_1.5.1/stm32cubeide/plugins/com.st.stm32cube.ide.mcu.externaltools.gnu-tools-for-stm32.7-2018-q2-update.win32_1.5.0.202011040924/tools/bin/../lib/gcc/arm-none-eabi/7.3.1/../../../../arm-none-eabi/lib/thumb/v7e-m/fpv4-sp/hard\libc_nano.a(lib_a-init.o)
 .debug_frame   0x0000000000004044       0x20 c:/st/stm32cubeide_1.5.1/stm32cubeide/plugins/com.st.stm32cube.ide.mcu.externaltools.gnu-tools-for-stm32.7-2018-q2-update.win32_1.5.0.202011040924/tools/bin/../lib/gcc/arm-none-eabi/7.3.1/../../../../arm-none-eabi/lib/thumb/v7e-m/fpv4-sp/hard\libc_nano.a(lib_a-memset.o)
 .debug_frame   0x0000000000004064       0x2c c:/st/stm32cubeide_1.5.1/stm32cubeide/plugins/com.st.stm32cube.ide.mcu.externaltools.gnu-tools-for-stm32.7-2018-q2-update.win32_1.5.0.202011040924/tools/bin/../lib/gcc/arm-none-eabi/7.3.1/thumb/v7e-m/fpv4-sp/hard\libgcc.a(_aeabi_uldivmod.o)
 .debug_frame   0x0000000000004090       0x34 c:/st/stm32cubeide_1.5.1/stm32cubeide/plugins/com.st.stm32cube.ide.mcu.externaltools.gnu-tools-for-stm32.7-2018-q2-update.win32_1.5.0.202011040924/tools/bin/../lib/gcc/arm-none-eabi/7.3.1/thumb/v7e-m/fpv4-sp/hard\libgcc.a(_udivmoddi4.o)
