core_cm4.h:1667:26:__NVIC_GetPriorityGrouping	4	static
core_cm4.h:1679:22:__NVIC_EnableIRQ	16	static,ignoring_inline_asm
core_cm4.h:1809:22:__NVIC_SetPriority	16	static
core_cm4.h:1856:26:NVIC_EncodePriority	40	static
stm32l4xx_ll_lpuart.h:510:22:LL_LPUART_Enable	16	static
stm32l4xx_ll_lpuart.h:563:22:LL_LPUART_DisableFIFO	16	static
stm32l4xx_ll_lpuart.h:592:22:LL_LPUART_SetTXFIFOThreshold	16	static
stm32l4xx_ll_lpuart.h:627:22:LL_LPUART_SetRXFIFOThreshold	16	static
stm32l4xx_ll_bus.h:565:22:LL_AHB2_GRP1_EnableClock	24	static
stm32l4xx_ll_bus.h:1113:22:LL_APB1_GRP2_EnableClock	24	static
stm32l4xx_ll_dma.h:660:22:LL_DMA_SetDataTransferDirection	32	static
stm32l4xx_ll_dma.h:711:22:LL_DMA_SetMode	32	static
stm32l4xx_ll_dma.h:758:22:LL_DMA_SetPeriphIncMode	32	static
stm32l4xx_ll_dma.h:805:22:LL_DMA_SetMemoryIncMode	32	static
stm32l4xx_ll_dma.h:853:22:LL_DMA_SetPeriphSize	32	static
stm32l4xx_ll_dma.h:902:22:LL_DMA_SetMemorySize	32	static
stm32l4xx_ll_dma.h:952:22:LL_DMA_SetChannelPriorityLevel	32	static
stm32l4xx_ll_dma.h:1360:22:LL_DMA_SetPeriphRequest	32	static
main.c:83:5:main	8	static
main.c:157:6:SystemClock_Config	248	static
main.c:215:13:MX_DCMI_Init	8	static
main.c:252:13:MX_I2C2_Init	8	static
main.c:298:13:MX_LPUART1_UART_Init	64	static
main.c:373:13:MX_DMA_Init	16	static
main.c:395:13:MX_GPIO_Init	56	static
main.c:458:6:HAL_DCMI_FrameEventCallback	16	static
main.c:471:6:i2c_check	8	static
main.c:490:6:Error_Handler	4	static,ignoring_inline_asm
